Component: ARM Compiler 5.06 update 7 (build 960) Tool: armlink [4d3601]

==============================================================================

Section Cross References

    main.o(.text) refers to _scanf_int.o(.text) for _scanf_int
    main.o(.text) refers to scanf_fp.o(.text) for _scanf_real
    main.o(.text) refers to 24cxx.o(.text) for AT24CXX_WriteOneByte
    main.o(.text) refers to delay.o(.text) for delay_ms
    main.o(.text) refers to esp8266.o(.text) for ESP8266_GetState
    main.o(.text) refers to seat_bsp.o(.text) for Seat_Radar_Get
    main.o(.text) refers to f2d.o(.text) for __aeabi_f2d
    main.o(.text) refers to dfltui.o(.text) for __aeabi_ui2d
    main.o(.text) refers to ddiv.o(.text) for __aeabi_ddiv
    main.o(.text) refers to dmul.o(.text) for __aeabi_dmul
    main.o(.text) refers to dfixui.o(.text) for __aeabi_d2uiz
    main.o(.text) refers to printfa.o(i.__0sprintf) for __2sprintf
    main.o(.text) refers to lcd.o(.text) for LCD_Fill
    main.o(.text) refers to text.o(.text) for Show_Str
    main.o(.text) refers to main.o(.bss) for g_app
    main.o(.text) refers to main.o(.data) for g_price_per_min
    main.o(.text) refers to lcd.o(.bss) for lcddev
    main.o(.text) refers to lcd.o(.data) for POINT_COLOR
    main.o(.text) refers to strcpy.o(.text) for strcpy
    main.o(.text) refers to __0sscanf.o(.text) for __0sscanf
    main.o(.text) refers to esp8266.o(.data) for esp8266_remote_reset_flag
    main.o(.text) refers to esp8266.o(.bss) for esp8266_remote_msg
    main.o(.text) refers to memseta.o(.text) for __aeabi_memclr
    main.o(.text) refers to misc.o(.text) for NVIC_PriorityGroupConfig
    main.o(.text) refers to usart.o(.text) for uart_init
    main.o(.text) refers to rfid_app.o(.text) for RFID_AppInit
    main.o(.text) refers to fontupd.o(.text) for font_init
    main.o(.text) refers to touch.o(.text) for TP_Init
    main.o(.text) refers to touch.o(.data) for tp_dev
    stm32f4xx_it.o(.text) refers to delay.o(.text) for Delay_TickInc
    system_stm32f4xx.o(.text) refers to system_stm32f4xx.o(.data) for SystemCoreClock
    lcd.o(.text) refers to delay.o(.text) for delay_us
    lcd.o(.text) refers to lcd.o(.bss) for lcddev
    lcd.o(.text) refers to dfltui.o(.text) for __aeabi_ui2d
    lcd.o(.text) refers to dmul.o(.text) for __aeabi_dmul
    lcd.o(.text) refers to dfixui.o(.text) for __aeabi_d2uiz
    lcd.o(.text) refers to lcd.o(.data) for POINT_COLOR
    lcd.o(.text) refers to stm32f4xx_rcc.o(.text) for RCC_AHB1PeriphClockCmd
    lcd.o(.text) refers to stm32f4xx_gpio.o(.text) for GPIO_Init
    lcd.o(.text) refers to stm32f4xx_fsmc.o(.text) for FSMC_NORSRAMInit
    lcd.o(.text) refers to printfa.o(i.__0printf) for __2printf
    lcd.o(.text) refers to lcd.o(.constdata) for asc2_1206
    spi.o(.text) refers to stm32f4xx_spi.o(.text) for SPI_I2S_GetFlagStatus
    spi.o(.text) refers to stm32f4xx_rcc.o(.text) for RCC_AHB1PeriphClockCmd
    spi.o(.text) refers to stm32f4xx_gpio.o(.text) for GPIO_Init
    fontupd.o(.text) refers to w25qxx.o(.text) for W25QXX_Init
    fontupd.o(.text) refers to delay.o(.text) for delay_ms
    fontupd.o(.text) refers to fontupd.o(.data) for FONTINFOADDR
    fontupd.o(.text) refers to fontupd.o(.bss) for ftinfo
    text.o(.text) refers to w25qxx.o(.text) for W25QXX_Read
    text.o(.text) refers to lcd.o(.text) for LCD_Fast_DrawPoint
    text.o(.text) refers to strlen.o(.text) for strlen
    text.o(.text) refers to fontupd.o(.bss) for ftinfo
    text.o(.text) refers to lcd.o(.data) for POINT_COLOR
    text.o(.text) refers to lcd.o(.bss) for lcddev
    w25qxx.o(.text) refers to spi.o(.text) for SPI1_ReadWriteByte
    w25qxx.o(.text) refers to stm32f4xx_rcc.o(.text) for RCC_AHB1PeriphClockCmd
    w25qxx.o(.text) refers to stm32f4xx_gpio.o(.text) for GPIO_Init
    w25qxx.o(.text) refers to printfa.o(i.__0printf) for __2printf
    w25qxx.o(.text) refers to delay.o(.text) for delay_us
    w25qxx.o(.text) refers to w25qxx.o(.data) for W25QXX_TYPE
    w25qxx.o(.text) refers to w25qxx.o(.bss) for W25QXX_BUFFER
    24cxx.o(.text) refers to myiic.o(.text) for IIC_Init
    24cxx.o(.text) refers to delay.o(.text) for delay_ms
    myiic.o(.text) refers to stm32f4xx_rcc.o(.text) for RCC_AHB1PeriphClockCmd
    myiic.o(.text) refers to stm32f4xx_gpio.o(.text) for GPIO_Init
    myiic.o(.text) refers to delay.o(.text) for delay_us
    ctiic.o(.text) refers to delay.o(.text) for delay_us
    ctiic.o(.text) refers to stm32f4xx_rcc.o(.text) for RCC_AHB1PeriphClockCmd
    ctiic.o(.text) refers to stm32f4xx_gpio.o(.text) for GPIO_Init
    ft5206.o(.text) refers to ctiic.o(.text) for CT_IIC_Start
    ft5206.o(.text) refers to stm32f4xx_rcc.o(.text) for RCC_AHB1PeriphClockCmd
    ft5206.o(.text) refers to stm32f4xx_gpio.o(.text) for GPIO_Init
    ft5206.o(.text) refers to delay.o(.text) for delay_ms
    ft5206.o(.text) refers to printfa.o(i.__0printf) for __2printf
    ft5206.o(.text) refers to gt9147.o(.text) for GT9147_RD_Reg
[...]
    .text                                    0x080090dc   Section        0  seat_bsp.o(.text)
    .text                                    0x08009228   Section        0  esp8266.o(.text)
    ESP8266_USART_Config                     0x08009229   Thumb Code   166  esp8266.o(.text)
    ESP8266_SendString                       0x08009307   Thumb Code    38  esp8266.o(.text)
    ESP8266_ClearBuf                         0x0800932d   Thumb Code    12  esp8266.o(.text)
    AT_Send_Async                            0x08009339   Thumb Code    54  esp8266.o(.text)
    AT_Check_Status                          0x0800936f   Thumb Code   102  esp8266.o(.text)
    extract_value                            0x0800943f   Thumb Code    90  esp8266.o(.text)
    .text                                    0x08009b00   Section       36  startup_stm32f40_41xxx.o(.text)
    $v0                                      0x08009b00   Number         0  startup_stm32f40_41xxx.o(.text)
    .text                                    0x08009b24   Section        0  misc.o(.text)
    .text                                    0x08009c04   Section        0  stm32f4xx_adc.o(.text)
    .text                                    0x0800a068   Section        0  stm32f4xx_fsmc.o(.text)
    .text                                    0x0800a630   Section        0  stm32f4xx_gpio.o(.text)
    .text                                    0x0800a8c4   Section        0  stm32f4xx_rcc.o(.text)
    .text                                    0x0800af20   Section        0  stm32f4xx_spi.o(.text)
    .text                                    0x0800b3a0   Section        0  stm32f4xx_usart.o(.text)
    .text                                    0x0800b7f4   Section        0  delay.o(.text)
    .text                                    0x0800b8a0   Section        0  usart.o(.text)
    .text                                    0x0800b9e8   Section        0  memseta.o(.text)
    .text                                    0x0800ba0c   Section        0  strstr.o(.text)
    .text                                    0x0800ba30   Section        0  strncpy.o(.text)
    .text                                    0x0800ba48   Section        0  strlen.o(.text)
    .text                                    0x0800ba56   Section        0  strcmp.o(.text)
    .text                                    0x0800ba72   Section        0  strcpy.o(.text)
    .text                                    0x0800ba84   Section        0  __0sscanf.o(.text)
    .text                                    0x0800babc   Section        0  _scanf_int.o(.text)
    .text                                    0x0800bc08   Section        0  scanf_fp.o(.text)
    _fp_value                                0x0800bc09   Thumb Code   296  scanf_fp.o(.text)
    .text                                    0x0800bf68   Section        0  dadd.o(.text)
    .text                                    0x0800c0b6   Section        0  dmul.o(.text)
    .text                                    0x0800c19a   Section        0  ddiv.o(.text)
    .text                                    0x0800c278   Section        0  dflti.o(.text)
    .text                                    0x0800c29a   Section        0  dfltui.o(.text)
    .text                                    0x0800c2b4   Section        0  dfixui.o(.text)
    .text                                    0x0800c2e6   Section        0  f2d.o(.text)
    .text                                    0x0800c30c   Section       48  cdcmple.o(.text)
    .text                                    0x0800c33c   Section       48  cdrcmple.o(.text)
    .text                                    0x0800c36c   Section        0  uidiv.o(.text)
    .text                                    0x0800c398   Section        0  uldiv.o(.text)
    .text                                    0x0800c3fa   Section        0  llshl.o(.text)
    .text                                    0x0800c418   Section        0  llushr.o(.text)
    .text                                    0x0800c438   Section        0  llsshr.o(.text)
    .text                                    0x0800c45c   Section        0  _chval.o(.text)
    .text                                    0x0800c478   Section        0  scanf_char.o(.text)
    _scanf_char_input                        0x0800c479   Thumb Code    12  scanf_char.o(.text)
    .text                                    0x0800c4a0   Section        0  _sgetc.o(.text)
    .text                                    0x0800c4e0   Section        0  depilogue.o(.text)
    .text                                    0x0800c4e0   Section        0  iusefp.o(.text)
    .text                                    0x0800c59a   Section        0  dsqrt.o(.text)
    .text                                    0x0800c63c   Section        0  dfltul.o(.text)
    .text                                    0x0800c654   Section        0  dfixul.o(.text)
    .text                                    0x0800c684   Section        0  d2f.o(.text)
    .text                                    0x0800c6bc   Section       36  init.o(.text)
    .text                                    0x0800c6e0   Section        0  isspace_c.o(.text)
    .text                                    0x0800c6ec   Section        0  _scanf.o(.text)
    .text                                    0x0800ca1c   Section        0  fepilogue.o(.text)
    .text                                    0x0800ca8c   Section        0  ctype_c.o(.text)
    i.__0printf                              0x0800cab4   Section        0  printfa.o(i.__0printf)
    i.__0sprintf                             0x0800cad4   Section        0  printfa.o(i.__0sprintf)
    i.__hardfp_sqrt                          0x0800cafc   Section        0  sqrt.o(i.__hardfp_sqrt)
    i.__scatterload_copy                     0x0800cb76   Section       14  handlers.o(i.__scatterload_copy)
    i.__scatterload_null                     0x0800cb84   Section        2  handlers.o(i.__scatterload_null)
    i.__scatterload_zeroinit                 0x0800cb86   Section       14  handlers.o(i.__scatterload_zeroinit)
    i.__set_errno                            0x0800cb94   Section        0  errno.o(i.__set_errno)
    i._fp_digits                             0x0800cba0   Section        0  printfa.o(i._fp_digits)
    _fp_digits                               0x0800cba1   Thumb Code   366  printfa.o(i._fp_digits)
    i._is_digit                              0x0800cd24   Section        0  scanf_fp.o(i._is_digit)
    i._printf_core                           0x0800cd34   Section        0  printfa.o(i._printf_core)
    _printf_core                             0x0800cd35   Thumb Code  1704  printfa.o(i._printf_core)
    i._printf_post_padding                   0x0800d3e8   Section        0  printfa.o(i._printf_post_padding)
    _printf_post_padding                     0x0800d3e9   Thumb Code    36  printfa.o(i._printf_post_padding)
    i._printf_pre_padding                    0x0800d40c   Section        0  printfa.o(i._printf_pre_padding)
    _printf_pre_padding                      0x0800d40d   Thumb Code    46  printfa.o(i._printf_pre_padding)
    i._sputc                                 0x0800d43a   Section        0  printfa.o(i._sputc)
    _sputc                                   0x0800d43b   Thumb Code    10  printfa.o(i._sputc)
    .constdata                               0x0800d444   Section     6080  lcd.o(.constdata)
    .constdata                               0x0800ec04   Section       20  ft5206.o(.constdata)
    .constdata                               0x0800ec18   Section      194  gt9147.o(.constdata)
    .constdata                               0x0800ecda   Section       10  ott2001a.o(.constdata)
    .constdata                               0x0800ece4   Section        4  touch.o(.constdata)
    .constdata                               0x0800ece8   Section       28  stm32f4xx_fsmc.o(.constdata)
    .constdata                               0x0800ed04   Section       64  ctype_c.o(.constdata)
    .conststring                             0x0800ed44   Section      121  touch.o(.conststring)
    .data                                    0x20000000   Section       40  main.o(.data)
    g_screen                                 0x20000004   Data           1  main.o(.data)
    g_confirm                                0x20000005   Data           1  main.o(.data)
    g_touch_down                             0x20000006   Data           1  main.o(.data)
    g_last_1s                                0x20000008   Data           4  main.o(.data)
    g_last_mqtt                              0x2000000c   Data           4  main.o(.data)
    g_idle_human_seconds                     0x20000010   Data           4  main.o(.data)
    g_idle_occupy_alarm                      0x20000014   Data           1  main.o(.data)
    g_smoke_alarm                            0x20000015   Data           1  main.o(.data)
    g_server_msg_secs                        0x20000016   Data           1  main.o(.data)
    g_wait_card_auth                         0x20000017   Data           1  main.o(.data)
    g_card_auth_tick                         0x20000018   Data           4  main.o(.data)
    g_inuse_nohuman_seconds                  0x2000001c   Data           4  main.o(.data)
    publish_seq                              0x20000020   Data           4  main.o(.data)
    g_card_cooldown_tick                     0x20000024   Data           4  main.o(.data)
    .data                                    0x20000028   Section       20  system_stm32f4xx.o(.data)
    .data                                    0x2000003c   Section        4  lcd.o(.data)
    .data                                    0x20000040   Section        4  fontupd.o(.data)
    .data                                    0x20000044   Section        2  w25qxx.o(.data)
    .data                                    0x20000046   Section        7  ft5206.o(.data)
    t                                        0x2000004c   Data           1  ft5206.o(.data)
    .data                                    0x2000004d   Section        1  gt9147.o(.data)
    t                                        0x2000004d   Data           1  gt9147.o(.data)
    .data                                    0x2000004e   Section        1  ott2001a.o(.data)
    t                                        0x2000004e   Data           1  ott2001a.o(.data)
    .data                                    0x20000050   Section       54  touch.o(.data)
    .data                                    0x20000088   Section       45  esp8266.o(.data)
    g_state_tick                             0x200000a4   Data           4  esp8266.o(.data)
    g_at_state                               0x200000a8   Data           1  esp8266.o(.data)
    g_at_timeout                             0x200000ac   Data           4  esp8266.o(.data)
    g_at_start_ms                            0x200000b0   Data           4  esp8266.o(.data)
    g_pub_pending                            0x200000b4   Data           1  esp8266.o(.data)
    .data                                    0x200000b5   Section       16  stm32f4xx_rcc.o(.data)
    APBAHBPrescTable                         0x200000b5   Data          16  stm32f4xx_rcc.o(.data)
    .data                                    0x200000c8   Section        8  delay.o(.data)
    s_ms                                     0x200000c8   Data           4  delay.o(.data)
    fac_us                                   0x200000cc   Data           4  delay.o(.data)
    .data                                    0x200000d0   Section        6  usart.o(.data)
    .data                                    0x200000d8   Section        4  errno.o(.data)
    _errno                                   0x200000d8   Data           4  errno.o(.data)
    .bss                                     0x200000dc   Section       52  main.o(.bss)
    g_app                                    0x200000dc   Data          52  main.o(.bss)
    .bss                                     0x20000110   Section       14  lcd.o(.bss)
    .bss                                     0x2000011e   Section       33  fontupd.o(.bss)
    .bss                                     0x2000013f   Section     4096  w25qxx.o(.bss)
    .bss                                     0x2000113f   Section      880  esp8266.o(.bss)
    g_at_expect                              0x200013cf   Data          32  esp8266.o(.bss)
    g_pub_topic                              0x200013ef   Data          64  esp8266.o(.bss)
    g_pub_payload                            0x2000142f   Data         128  esp8266.o(.bss)
    .bss                                     0x200014af   Section      200  usart.o(.bss)
    STACK                                    0x20001578   Section     1024  startup_stm32f40_41xxx.o(STACK)

    Global Symbols

    Symbol Name                              Value     Ov Type        Size  Object(Section)

    BuildAttributes$$THM_ISAv4$E$P$D$K$B$S$7EM$VFPi3$EXTD16$VFPS$VFMA$PE$A:L22UL41UL21$X:L11$S22US41US21$IEEE1$IW$USESV6$~STKCKD$USESV7$~SHL$OTIME$ROPI$IEEEJ$EBA8$MICROLIB$REQ8$PRES8$EABIv2 0x00000000   Number         0  anon$$obj.o ABSOLUTE
    __ARM_use_no_argv                        0x00000000   Number         0  main.o ABSOLUTE
    __use_no_errno                           0x00000000   Number         0  useno.o ABSOLUTE
    __use_no_exception_handling              0x00000000   Number         0  useno.o ABSOLUTE
    __use_no_fp                              0x00000000   Number         0  useno.o ABSOLUTE
    __use_no_heap                            0x00000000   Number         0  useno.o ABSOLUTE
    __use_no_heap_region                     0x00000000   Number         0  useno.o ABSOLUTE
    __use_no_semihosting                     0x00000000   Number         0  useno.o ABSOLUTE
    __use_no_semihosting_swi                 0x00000000   Number         0  useno.o ABSOLUTE
    __use_no_signal_handling                 0x00000000   Number         0  useno.o ABSOLUTE
    _printf_a                                0x00000000   Number         0  stubs.o ABSOLUTE
    _printf_c                                0x00000000   Number         0  stubs.o ABSOLUTE
    _printf_charcount                        0x00000000   Number         0  stubs.o ABSOLUTE
    _printf_d                                0x00000000   Number         0  stubs.o ABSOLUTE
    _printf_e                                0x00000000   Number         0  stubs.o ABSOLUTE
    _printf_f                                0x00000000   Number         0  stubs.o ABSOLUTE
    _printf_flags                            0x00000000   Number         0  stubs.o ABSOLUTE
    _printf_fp_dec                           0x00000000   Number         0  stubs.o ABSOLUTE
    _printf_fp_hex                           0x00000000   Number         0  stubs.o ABSOLUTE
    _printf_g                                0x00000000   Number         0  stubs.o ABSOLUTE
    _printf_i                                0x00000000   Number         0  stubs.o ABSOLUTE
    _printf_int_dec                          0x00000000   Number         0  stubs.o ABSOLUTE
    _printf_l                                0x00000000   Number         0  stubs.o ABSOLUTE
    _printf_lc                               0x00000000   Number         0  stubs.o ABSOLUTE
    _printf_ll                               0x00000000   Number         0  stubs.o ABSOLUTE
    _printf_lld                              0x00000000   Number         0  stubs.o ABSOLUTE
    _printf_lli                              0x00000000   Number         0  stubs.o ABSOLUTE
    _printf_llo                              0x00000000   Number         0  stubs.o ABSOLUTE
    _printf_llu                              0x00000000   Number         0  stubs.o ABSOLUTE
    _printf_llx                              0x00000000   Number         0  stubs.o ABSOLUTE
    _printf_longlong_dec                     0x00000000   Number         0  stubs.o ABSOLUTE
    _printf_longlong_hex                     0x00000000   Number         0  stubs.o ABSOLUTE
    _printf_longlong_oct                     0x00000000   Number         0  stubs.o ABSOLUTE
    _printf_ls                               0x00000000   Number         0  stubs.o ABSOLUTE
    _printf_mbtowc                           0x00000000   Number         0  stubs.o ABSOLUTE
    _printf_n                                0x00000000   Number         0  stubs.o ABSOLUTE
    _printf_o                                0x00000000   Number         0  stubs.o ABSOLUTE
    _printf_p                                0x00000000   Number         0  stubs.o ABSOLUTE
    _printf_percent                          0x00000000   Number         0  stubs.o ABSOLUTE
    _printf_pre_padding                      0x00000000   Number         0  stubs.o ABSOLUTE
    _printf_return_value                     0x00000000   Number         0  stubs.o ABSOLUTE
    _printf_s                                0x00000000   Number         0  stubs.o ABSOLUTE
    _printf_sizespec                         0x00000000   Number         0  stubs.o ABSOLUTE
    _printf_str                              0x00000000   Number         0  stubs.o ABSOLUTE
    _printf_truncate_signed                  0x00000000   Number         0  stubs.o ABSOLUTE
    _printf_truncate_unsigned                0x00000000   Number         0  stubs.o ABSOLUTE
    _printf_u                                0x00000000   Number         0  stubs.o ABSOLUTE
    _printf_wc                               0x00000000   Number         0  stubs.o ABSOLUTE
    _printf_wctomb                           0x00000000   Number         0  stubs.o ABSOLUTE
    _printf_widthprec                        0x00000000   Number         0  stubs.o ABSOLUTE
    _printf_x                                0x00000000   Number         0  stubs.o ABSOLUTE
    __arm_fini_                               - Undefined Weak Reference
    __cpp_initialize__aeabi_                  - Undefined Weak Reference
    __cxa_finalize                            - Undefined Weak Reference
    __decompress                              - Undefined Weak Reference
    _clock_init                               - Undefined Weak Reference
    _microlib_exit                            - Undefined Weak Reference
    _scanf_longlong                           - Undefined Weak Reference
    _scanf_string                             - Undefined Weak Reference
    __Vectors_Size                           0x00000188   Number         0  startup_stm32f40_41xxx.o ABSOLUTE
    __Vectors                                0x08000000   Data           4  startup_stm32f40_41xxx.o(RESET)
    __Vectors_End                            0x08000188   Data           0  startup_stm32f40_41xxx.o(RESET)
    __main                                   0x08000189   Thumb Code     0  entry.o(.ARM.Collect$$$$00000000)
    _main_stk                                0x08000189   Thumb Code     0  entry2.o(.ARM.Collect$$$$00000001)
    _main_scatterload                        0x0800018d   Thumb Code     0  entry5.o(.ARM.Collect$$$$00000004)
    __main_after_scatterload                 0x08000191   Thumb Code     0  entry5.o(.ARM.Collect$$$$00000004)
    _main_clock                              0x08000191   Thumb Code     0  entry7b.o(.ARM.Collect$$$$00000008)
    _main_cpp_init                           0x08000191   Thumb Code     0  entry8b.o(.ARM.Collect$$$$0000000A)
    _main_init                               0x08000191   Thumb Code     0  entry9a.o(.ARM.Collect$$$$0000000B)
    __rt_lib_shutdown_fini                   0x08000199   Thumb Code     0  entry12b.o(.ARM.Collect$$$$0000000E)
    __rt_final_cpp                           0x0800019d   Thumb Code     0  entry10a.o(.ARM.Collect$$$$0000000F)
    __rt_final_exit                          0x0800019d   Thumb Code     0  entry11a.o(.ARM.Collect$$$$00000011)
    Save_Rate_To_EEPROM                      0x080001a1   Thumb Code    38  main.o(.text)
    Read_Rate_From_EEPROM                    0x080001c7   Thumb Code    88  main.o(.text)
    main                                     0x08001d77   Thumb Code   616  main.o(.text)
    NMI_Handler                              0x08001fe5   Thumb Code     2  stm32f4xx_it.o(.text)
    HardFault_Handler                        0x08001fe7   Thumb Code     4  stm32f4xx_it.o(.text)
    MemManage_Handler                        0x08001feb   Thumb Code     4  stm32f4xx_it.o(.text)
    BusFault_Handler                         0x08001fef   Thumb Code     4  stm32f4xx_it.o(.text)
    UsageFault_Handler                       0x08001ff3   Thumb Code     4  stm32f4xx_it.o(.text)
    SVC_Handler                              0x08001ff7   Thumb Code     2  stm32f4xx_it.o(.text)
    DebugMon_Handler                         0x08001ff9   Thumb Code     2  stm32f4xx_it.o(.text)
    PendSV_Handler                           0x08001ffb   Thumb Code     2  stm32f4xx_it.o(.text)
    SysTick_Handler                          0x08001ffd   Thumb Code     8  stm32f4xx_it.o(.text)
    SystemInit                               0x080020e1   Thumb Code    88  system_stm32f4xx.o(.text)
    SystemCoreClockUpdate                    0x08002139   Thumb Code   174  system_stm32f4xx.o(.text)
    LCD_WR_REG                               0x08002215   Thumb Code    18  lcd.o(.text)
    LCD_WR_DATA                              0x08002227   Thumb Code    20  lcd.o(.text)
    LCD_RD_DATA                              0x0800223b   Thumb Code    16  lcd.o(.text)
    LCD_WriteReg                             0x0800224b   Thumb Code    14  lcd.o(.text)
    LCD_ReadReg                              0x08002259   Thumb Code    22  lcd.o(.text)
    LCD_WriteRAM_Prepare                     0x0800226f   Thumb Code    10  lcd.o(.text)
    LCD_WriteRAM                             0x08002279   Thumb Code     8  lcd.o(.text)
    LCD_BGR2RGB                              0x08002281   Thumb Code    26  lcd.o(.text)
    opt_delay                                0x0800229b   Thumb Code    14  lcd.o(.text)
    LCD_SetCursor                            0x080022a9   Thumb Code   282  lcd.o(.text)
    LCD_ReadPoint                            0x080023c3   Thumb Code   148  lcd.o(.text)
    LCD_DisplayOn                            0x08002457   Thumb Code    32  lcd.o(.text)
    LCD_DisplayOff                           0x08002477   Thumb Code    32  lcd.o(.text)
    LCD_Scan_Dir                             0x08002497   Thumb Code   582  lcd.o(.text)
    LCD_DrawPoint                            0x080026dd   Thumb Code    28  lcd.o(.text)
    LCD_Fast_DrawPoint                       0x080026f9   Thumb Code   238  lcd.o(.text)
    LCD_SSD_BackLightSet                     0x080027e7   Thumb Code    88  lcd.o(.text)
    LCD_Display_Dir                          0x0800283f   Thumb Code   360  lcd.o(.text)
    LCD_Set_Window                           0x080029a7   Thumb Code   384  lcd.o(.text)
    LCD_Clear                                0x08002b27   Thumb Code    42  lcd.o(.text)
    LCD_Init                                 0x08002b51   Thumb Code 11808  lcd.o(.text)
    LCD_Fill                                 0x08005971   Thumb Code    82  lcd.o(.text)
    LCD_Color_Fill                           0x080059c3   Thumb Code    92  lcd.o(.text)
    LCD_DrawLine                             0x08005a1f   Thumb Code   176  lcd.o(.text)
    LCD_DrawRectangle                        0x08005acf   Thumb Code    60  lcd.o(.text)
    LCD_Draw_Circle                          0x08005b0b   Thumb Code   152  lcd.o(.text)
    LCD_ShowChar                             0x08005ba3   Thumb Code   284  lcd.o(.text)
    LCD_Pow                                  0x08005cbf   Thumb Code    22  lcd.o(.text)
    LCD_ShowNum                              0x08005cd5   Thumb Code   148  lcd.o(.text)
    LCD_ShowxNum                             0x08005d69   Thumb Code   190  lcd.o(.text)
    LCD_ShowString                           0x08005e27   Thumb Code   102  lcd.o(.text)
    SPI1_ReadWriteByte                       0x08005ea5   Thumb Code    50  spi.o(.text)
    SPI1_Init                                0x08005ed7   Thumb Code   186  spi.o(.text)
    SPI1_SetSpeed                            0x08005f91   Thumb Code    36  spi.o(.text)
    font_init                                0x08005fbd   Thumb Code    64  fontupd.o(.text)
    Get_HzMat                                0x08006005   Thumb Code   220  text.o(.text)
    Show_Font                                0x080060e1   Thumb Code   190  text.o(.text)
    Show_Str                                 0x0800619f   Thumb Code   192  text.o(.text)
    Show_Str_Mid                             0x0800625f   Thumb Code   106  text.o(.text)
    W25QXX_ReadID                            0x080062d9   Thumb Code    64  w25qxx.o(.text)
    W25QXX_Init                              0x08006319   Thumb Code   102  w25qxx.o(.text)
    W25QXX_ReadSR                            0x0800637f   Thumb Code    36  w25qxx.o(.text)
    W25QXX_Write_SR                          0x080063a3   Thumb Code    32  w25qxx.o(.text)
    W25QXX_Write_Enable                      0x080063c3   Thumb Code    24  w25qxx.o(.text)
    W25QXX_Write_Disable                     0x080063db   Thumb Code    24  w25qxx.o(.text)
    W25QXX_Read                              0x080063f3   Thumb Code    74  w25qxx.o(.text)
    W25QXX_Wait_Busy                         0x0800643d   Thumb Code    18  w25qxx.o(.text)
    W25QXX_Write_Page                        0x0800644f   Thumb Code    80  w25qxx.o(.text)
    W25QXX_Write_NoCheck                     0x0800649f   Thumb Code    70  w25qxx.o(.text)
    W25QXX_Erase_Sector                      0x080064e5   Thumb Code    70  w25qxx.o(.text)
    W25QXX_Write                             0x0800652b   Thumb Code   180  w25qxx.o(.text)
    W25QXX_Erase_Chip                        0x080065df   Thumb Code    36  w25qxx.o(.text)
    W25QXX_PowerDown                         0x08006603   Thumb Code    30  w25qxx.o(.text)
    W25QXX_WAKEUP                            0x08006621   Thumb Code    30  w25qxx.o(.text)
    AT24CXX_Init                             0x08006661   Thumb Code     8  24cxx.o(.text)
    AT24CXX_ReadOneByte                      0x08006669   Thumb Code    88  24cxx.o(.text)
    AT24CXX_WriteOneByte                     0x080066c1   Thumb Code    80  24cxx.o(.text)
    AT24CXX_WriteLenByte                     0x08006711   Thumb Code    42  24cxx.o(.text)
    AT24CXX_ReadLenByte                      0x0800673b   Thumb Code    44  24cxx.o(.text)
    AT24CXX_Check                            0x08006767   Thumb Code    46  24cxx.o(.text)
    AT24CXX_Read                             0x08006795   Thumb Code    34  24cxx.o(.text)
    AT24CXX_Write                            0x080067b7   Thumb Code    36  24cxx.o(.text)
    IIC_Init                                 0x080067dd   Thumb Code    62  myiic.o(.text)
    IIC_Start                                0x0800681b   Thumb Code    68  myiic.o(.text)
    IIC_Stop                                 0x0800685f   Thumb Code    62  myiic.o(.text)
    IIC_Wait_Ack                             0x0800689d   Thumb Code    82  myiic.o(.text)
    IIC_Ack                                  0x080068ef   Thumb Code    66  myiic.o(.text)
    IIC_NAck                                 0x08006931   Thumb Code    66  myiic.o(.text)
    IIC_Send_Byte                            0x08006973   Thumb Code    90  myiic.o(.text)
    IIC_Read_Byte                            0x080069cd   Thumb Code    94  myiic.o(.text)
    CT_Delay                                 0x08006a39   Thumb Code    10  ctiic.o(.text)
    CT_IIC_Init                              0x08006a43   Thumb Code    60  ctiic.o(.text)
    CT_IIC_Start                             0x08006a7f   Thumb Code    62  ctiic.o(.text)
    CT_IIC_Stop                              0x08006abd   Thumb Code    56  ctiic.o(.text)
    CT_IIC_Wait_Ack                          0x08006af5   Thumb Code    78  ctiic.o(.text)
    CT_IIC_Ack                               0x08006b43   Thumb Code    66  ctiic.o(.text)
    CT_IIC_NAck                              0x08006b85   Thumb Code    66  ctiic.o(.text)
    CT_IIC_Send_Byte                         0x08006bc7   Thumb Code    82  ctiic.o(.text)
    CT_IIC_Read_Byte                         0x08006c19   Thumb Code    96  ctiic.o(.text)
    FT5206_WR_Reg                            0x08006c91   Thumb Code    82  ft5206.o(.text)
    FT5206_RD_Reg                            0x08006ce3   Thumb Code    88  ft5206.o(.text)
    FT5206_Init                              0x08006d3b   Thumb Code   316  ft5206.o(.text)
    FT5206_Scan                              0x08006e77   Thumb Code   934  ft5206.o(.text)
    GT9147_WR_Reg                            0x08007225   Thumb Code    92  gt9147.o(.text)
    GT9147_Send_Cfg                          0x08007281   Thumb Code    86  gt9147.o(.text)
    GT9147_RD_Reg                            0x080072d7   Thumb Code    98  gt9147.o(.text)
    GT9147_Init                              0x08007339   Thumb Code   292  gt9147.o(.text)
    GT9147_Scan                              0x0800745d   Thumb Code   744  gt9147.o(.text)
    OTT2001A_WR_Reg                          0x0800774d   Thumb Code    92  ott2001a.o(.text)
    OTT2001A_RD_Reg                          0x080077a9   Thumb Code    98  ott2001a.o(.text)
    OTT2001A_SensorControl                   0x0800780b   Thumb Code    28  ott2001a.o(.text)
    OTT2001A_Init                            0x08007827   Thumb Code   142  ott2001a.o(.text)
    OTT2001A_Scan                            0x080078b5   Thumb Code   478  ott2001a.o(.text)
    TP_Write_Byte                            0x08007ad5   Thumb Code    64  touch.o(.text)
    TP_Read_AD                               0x08007b15   Thumb Code   132  touch.o(.text)
    TP_Read_XOY                              0x08007b99   Thumb Code   120  touch.o(.text)
    TP_Read_XY                               0x08007c11   Thumb Code    38  touch.o(.text)
    TP_Read_XY2                              0x08007c37   Thumb Code   192  touch.o(.text)
    TP_Drow_Touch_Point                      0x08007cf7   Thumb Code   108  touch.o(.text)
    TP_Draw_Big_Point                        0x08007d63   Thumb Code    54  touch.o(.text)
    TP_Scan                                  0x08007d99   Thumb Code   244  touch.o(.text)
    TP_Save_Adjdata                          0x08007e8d   Thumb Code   166  touch.o(.text)
    TP_Get_Adjdata                           0x08007f33   Thumb Code   160  touch.o(.text)
    TP_Adj_Info_Show                         0x08007fd3   Thumb Code   374  touch.o(.text)
    TP_Adjust                                0x08008149   Thumb Code  2290  touch.o(.text)
    TP_Init                                  0x08008a3b   Thumb Code   428  touch.o(.text)
    RC522_SPI_WriteByte                      0x08008c41   Thumb Code    74  rc522.o(.text)
    RC522_SPI_ReadByte                       0x08008c8b   Thumb Code    66  rc522.o(.text)
    Write_Raw_RC                             0x08008ccd   Thumb Code    44  rc522.o(.text)
    Read_Raw_RC                              0x08008cf9   Thumb Code    48  rc522.o(.text)
    SetBitMask                               0x08008d29   Thumb Code    28  rc522.o(.text)
    ClearBitMask                             0x08008d45   Thumb Code    28  rc522.o(.text)
    PcdAntennaOn                             0x08008d61   Thumb Code    26  rc522.o(.text)
    PcdAntennaOff                            0x08008d7b   Thumb Code    12  rc522.o(.text)
    PcdReset                                 0x08008d87   Thumb Code    82  rc522.o(.text)
    RC522_Init                               0x08008dd9   Thumb Code   170  rc522.o(.text)
    PcdComMF522                              0x08008e83   Thumb Code   290  rc522.o(.text)
    PcdRequest                               0x08008fa5   Thumb Code    92  rc522.o(.text)
    PcdAnticoll                              0x08009001   Thumb Code   120  rc522.o(.text)
    RFID_AppInit                             0x08009079   Thumb Code    12  rfid_app.o(.text)
    RFID_CheckCard                           0x08009085   Thumb Code    54  rfid_app.o(.text)
    Seat_BSP_Init                            0x080090dd   Thumb Code   178  seat_bsp.o(.text)
    Seat_Radar_Get                           0x0800918f   Thumb Code    20  seat_bsp.o(.text)
    Seat_Smoke_GetRaw                        0x080091a3   Thumb Code    42  seat_bsp.o(.text)
    Seat_PC_Set                              0x080091cd   Thumb Code    26  seat_bsp.o(.text)
    Seat_Light_Set                           0x080091e7   Thumb Code    26  seat_bsp.o(.text)
    Seat_Buzzer_Set                          0x08009201   Thumb Code    26  seat_bsp.o(.text)
    USART3_IRQHandler                        0x080092cf   Thumb Code    56  esp8266.o(.text)
    ESP8266_Init_Async                       0x080093d5   Thumb Code    32  esp8266.o(.text)
    ESP8266_GetState                         0x080093f5   Thumb Code     6  esp8266.o(.text)
    ESP8266_MQTT_Pub_Async                   0x080093fb   Thumb Code    68  esp8266.o(.text)
    ESP8266_CheckRemoteCmd                   0x08009499   Thumb Code   804  esp8266.o(.text)
    ESP8266_Poll                             0x080097bd   Thumb Code   458  esp8266.o(.text)
    ESP8266_DebugDump                        0x08009987   Thumb Code     2  esp8266.o(.text)
    Reset_Handler                            0x08009b01   Thumb Code     8  startup_stm32f40_41xxx.o(.text)
    ADC_IRQHandler                           0x08009b1b   Thumb Code     0  startup_stm32f40_41xxx.o(.text)
    CAN1_RX0_IRQHandler                      0x08009b1b   Thumb Code     0  startup_stm32f40_41xxx.o(.text)
    CAN1_RX1_IRQHandler                      0x08009b1b   Thumb Code     0  startup_stm32f40_41xxx.o(.text)
    CAN1_SCE_IRQHandler                      0x08009b1b   Thumb Code     0  startup_stm32f40_41xxx.o(.text)
    CAN1_TX_IRQHandler                       0x08009b1b   Thumb Code     0  startup_stm32f40_41xxx.o(.text)
    CAN2_RX0_IRQHandler                      0x08009b1b   Thumb Code     0  startup_stm32f40_41xxx.o(.text)
    CAN2_RX1_IRQHandler                      0x08009b1b   Thumb Code     0  startup_stm32f40_41xxx.o(.text)
    CAN2_SCE_IRQHandler                      0x08009b1b   Thumb Code     0  startup_stm32f40_41xxx.o(.text)
    CAN2_TX_IRQHandler                       0x08009b1b   Thumb Code     0  startup_stm32f40_41xxx.o(.text)
    CRYP_IRQHandler                          0x08009b1b   Thumb Code     0  startup_stm32f40_41xxx.o(.text)
    DCMI_IRQHandler                          0x08009b1b   Thumb Code     0  startup_stm32f40_41xxx.o(.text)
    DMA1_Stream0_IRQHandler                  0x08009b1b   Thumb Code     0  startup_stm32f40_41xxx.o(.text)
    DMA1_Stream1_IRQHandler                  0x08009b1b   Thumb Code     0  startup_stm32f40_41xxx.o(.text)
    DMA1_Stream2_IRQHandler                  0x08009b1b   Thumb Code     0  startup_stm32f40_41xxx.o(.text)
    DMA1_Stream3_IRQHandler                  0x08009b1b   Thumb Code     0  startup_stm32f40_41xxx.o(.text)
    DMA1_Stream4_IRQHandler                  0x08009b1b   Thumb Code     0  startup_stm32f40_41xxx.o(.text)
    DMA1_Stream5_IRQHandler                  0x08009b1b   Thumb Code     0  startup_stm32f40_41xxx.o(.text)
    DMA1_Stream6_IRQHandler                  0x08009b1b   Thumb Code     0  startup_stm32f40_41xxx.o(.text)
    DMA1_Stream7_IRQHandler                  0x08009b1b   Thumb Code     0  startup_stm32f40_41xxx.o(.text)
    DMA2_Stream0_IRQHandler                  0x08009b1b   Thumb Code     0  startup_stm32f40_41xxx.o(.text)
    DMA2_Stream1_IRQHandler                  0x08009b1b   Thumb Code     0  startup_stm32f40_41xxx.o(.text)
    DMA2_Stream2_IRQHandler                  0x08009b1b   Thumb Code     0  startup_stm32f40_41xxx.o(.text)
    DMA2_Stream3_IRQHandler                  0x08009b1b   Thumb Code     0  startup_stm32f40_41xxx.o(.text)
    DMA2_Stream4_IRQHandler                  0x08009b1b   Thumb Code     0  startup_stm32f40_41xxx.o(.text)
    DMA2_Stream5_IRQHandler                  0x08009b1b   Thumb Code     0  startup_stm32f40_41xxx.o(.text)
    DMA2_Stream6_IRQHandler                  0x08009b1b   Thumb Code     0  startup_stm32f40_41xxx.o(.text)
    DMA2_Stream7_IRQHandler                  0x08009b1b   Thumb Code     0  startup_stm32f40_41xxx.o(.text)
    ETH_IRQHandler                           0x08009b1b   Thumb Code     0  startup_stm32f40_41xxx.o(.text)
    ETH_WKUP_IRQHandler                      0x08009b1b   Thumb Code     0  startup_stm32f40_41xxx.o(.text)
    EXTI0_IRQHandler                         0x08009b1b   Thumb Code     0  startup_stm32f40_41xxx.o(.text)
    EXTI15_10_IRQHandler                     0x08009b1b   Thumb Code     0  startup_stm32f40_41xxx.o(.text)
    EXTI1_IRQHandler                         0x08009b1b   Thumb Code     0  startup_stm32f40_41xxx.o(.text)
    EXTI2_IRQHandler                         0x08009b1b   Thumb Code     0  startup_stm32f40_41xxx.o(.text)
    EXTI3_IRQHandler                         0x08009b1b   Thumb Code     0  startup_stm32f40_41xxx.o(.text)
    EXTI4_IRQHandler                         0x08009b1b   Thumb Code     0  startup_stm32f40_41xxx.o(.text)
    EXTI9_5_IRQHandler                       0x08009b1b   Thumb Code     0  startup_stm32f40_41xxx.o(.text)
    FLASH_IRQHandler                         0x08009b1b   Thumb Code     0  startup_stm32f40_41xxx.o(.text)
    FPU_IRQHandler                           0x08009b1b   Thumb Code     0  startup_stm32f40_41xxx.o(.text)
    FSMC_IRQHandler                          0x08009b1b   Thumb Code     0  startup_stm32f40_41xxx.o(.text)
    HASH_RNG_IRQHandler                      0x08009b1b   Thumb Code     0  startup_stm32f40_41xxx.o(.text)
    I2C1_ER_IRQHandler                       0x08009b1b   Thumb Code     0  startup_stm32f40_41xxx.o(.text)
    I2C1_EV_IRQHandler                       0x08009b1b   Thumb Code     0  startup_stm32f40_41xxx.o(.text)
    I2C2_ER_IRQHandler                       0x08009b1b   Thumb Code     0  startup_stm32f40_41xxx.o(.text)
    I2C2_EV_IRQHandler                       0x08009b1b   Thumb Code     0  startup_stm32f40_41xxx.o(.text)
    I2C3_ER_IRQHandler                       0x08009b1b   Thumb Code     0  startup_stm32f40_41xxx.o(.text)
    I2C3_EV_IRQHandler                       0x08009b1b   Thumb Code     0  startup_stm32f40_41xxx.o(.text)
    OTG_FS_IRQHandler                        0x08009b1b   Thumb Code     0  startup_stm32f40_41xxx.o(.text)
    OTG_FS_WKUP_IRQHandler                   0x08009b1b   Thumb Code     0  startup_stm32f40_41xxx.o(.text)
    OTG_HS_EP1_IN_IRQHandler                 0x08009b1b   Thumb Code     0  startup_stm32f40_41xxx.o(.text)
    OTG_HS_EP1_OUT_IRQHandler                0x08009b1b   Thumb Code     0  startup_stm32f40_41xxx.o(.text)
    OTG_HS_IRQHandler                        0x08009b1b   Thumb Code     0  startup_stm32f40_41xxx.o(.text)
    OTG_HS_WKUP_IRQHandler                   0x08009b1b   Thumb Code     0  startup_stm32f40_41xxx.o(.text)
    PVD_IRQHandler                           0x08009b1b   Thumb Code     0  startup_stm32f40_41xxx.o(.text)
    RCC_IRQHandler                           0x08009b1b   Thumb Code     0  startup_stm32f40_41xxx.o(.text)
    RTC_Alarm_IRQHandler                     0x08009b1b   Thumb Code     0  startup_stm32f40_41xxx.o(.text)
    RTC_WKUP_IRQHandler                      0x08009b1b   Thumb Code     0  startup_stm32f40_41xxx.o(.text)
    SDIO_IRQHandler                          0x08009b1b   Thumb Code     0  startup_stm32f40_41xxx.o(.text)
    SPI1_IRQHandler                          0x08009b1b   Thumb Code     0  startup_stm32f40_41xxx.o(.text)
    SPI2_IRQHandler                          0x08009b1b   Thumb Code     0  startup_stm32f40_41xxx.o(.text)
    SPI3_IRQHandler                          0x08009b1b   Thumb Code     0  startup_stm32f40_41xxx.o(.text)
    TAMP_STAMP_IRQHandler                    0x08009b1b   Thumb Code     0  startup_stm32f40_41xxx.o(.text)
    TIM1_BRK_TIM9_IRQHandler                 0x08009b1b   Thumb Code     0  startup_stm32f40_41xxx.o(.text)
    TIM1_CC_IRQHandler                       0x08009b1b   Thumb Code     0  startup_stm32f40_41xxx.o(.text)
    TIM1_TRG_COM_TIM11_IRQHandler            0x08009b1b   Thumb Code     0  startup_stm32f40_41xxx.o(.text)
    TIM1_UP_TIM10_IRQHandler                 0x08009b1b   Thumb Code     0  startup_stm32f40_41xxx.o(.text)
    TIM2_IRQHandler                          0x08009b1b   Thumb Code     0  startup_stm32f40_41xxx.o(.text)
    TIM3_IRQHandler                          0x08009b1b   Thumb Code     0  startup_stm32f40_41xxx.o(.text)
    TIM4_IRQHandler                          0x08009b1b   Thumb Code     0  startup_stm32f40_41xxx.o(.text)
    TIM5_IRQHandler                          0x08009b1b   Thumb Code     0  startup_stm32f40_41xxx.o(.text)
    TIM6_DAC_IRQHandler                      0x08009b1b   Thumb Code     0  startup_stm32f40_41xxx.o(.text)
    TIM7_IRQHandler                          0x08009b1b   Thumb Code     0  startup_stm32f40_41xxx.o(.text)
    TIM8_BRK_TIM12_IRQHandler                0x08009b1b   Thumb Code     0  startup_stm32f40_41xxx.o(.text)
    TIM8_CC_IRQHandler                       0x08009b1b   Thumb Code     0  startup_stm32f40_41xxx.o(.text)
    TIM8_TRG_COM_TIM14_IRQHandler            0x08009b1b   Thumb Code     0  startup_stm32f40_41xxx.o(.text)
    TIM8_UP_TIM13_IRQHandler                 0x08009b1b   Thumb Code     0  startup_stm32f40_41xxx.o(.text)
    UART4_IRQHandler                         0x08009b1b   Thumb Code     0  startup_stm32f40_41xxx.o(.text)
    UART5_IRQHandler                         0x08009b1b   Thumb Code     0  startup_stm32f40_41xxx.o(.text)
    USART2_IRQHandler                        0x08009b1b   Thumb Code     0  startup_stm32f40_41xxx.o(.text)
    USART6_IRQHandler                        0x08009b1b   Thumb Code     0  startup_stm32f40_41xxx.o(.text)
    WWDG_IRQHandler                          0x08009b1b   Thumb Code     0  startup_stm32f40_41xxx.o(.text)
    NVIC_PriorityGroupConfig                 0x08009b25   Thumb Code    10  misc.o(.text)
    NVIC_Init                                0x08009b2f   Thumb Code   106  misc.o(.text)
    NVIC_SetVectorTable                      0x08009b99   Thumb Code    14  misc.o(.text)
    NVIC_SystemLPConfig                      0x08009ba7   Thumb Code    34  misc.o(.text)
    SysTick_CLKSourceConfig                  0x08009bc9   Thumb Code    40  misc.o(.text)
    ADC_DeInit                               0x08009c05   Thumb Code    22  stm32f4xx_adc.o(.text)
    ADC_Init                                 0x08009c1b   Thumb Code    74  stm32f4xx_adc.o(.text)
    ADC_StructInit                           0x08009c65   Thumb Code    20  stm32f4xx_adc.o(.text)
    ADC_CommonInit                           0x08009c79   Thumb Code    34  stm32f4xx_adc.o(.text)
    ADC_CommonStructInit                     0x08009c9b   Thumb Code    12  stm32f4xx_adc.o(.text)
    ADC_Cmd                                  0x08009ca7   Thumb Code    22  stm32f4xx_adc.o(.text)
    ADC_AnalogWatchdogCmd                    0x08009cbd   Thumb Code    16  stm32f4xx_adc.o(.text)
    ADC_AnalogWatchdogThresholdsConfig       0x08009ccd   Thumb Code     6  stm32f4xx_adc.o(.text)
    ADC_AnalogWatchdogSingleChannelConfig    0x08009cd3   Thumb Code    16  stm32f4xx_adc.o(.text)
    ADC_TempSensorVrefintCmd                 0x08009ce3   Thumb Code    34  stm32f4xx_adc.o(.text)
    ADC_VBATCmd                              0x08009d05   Thumb Code    34  stm32f4xx_adc.o(.text)
    ADC_RegularChannelConfig                 0x08009d27   Thumb Code   184  stm32f4xx_adc.o(.text)
    ADC_SoftwareStartConv                    0x08009ddf   Thumb Code    10  stm32f4xx_adc.o(.text)
    ADC_GetSoftwareStartConvStatus           0x08009de9   Thumb Code    20  stm32f4xx_adc.o(.text)
    ADC_EOCOnEachRegularChannelCmd           0x08009dfd   Thumb Code    22  stm32f4xx_adc.o(.text)
    ADC_ContinuousModeCmd                    0x08009e13   Thumb Code    22  stm32f4xx_adc.o(.text)
    ADC_DiscModeChannelCountConfig           0x08009e29   Thumb Code    24  stm32f4xx_adc.o(.text)
    ADC_DiscModeCmd                          0x08009e41   Thumb Code    22  stm32f4xx_adc.o(.text)
    ADC_GetConversionValue                   0x08009e57   Thumb Code     8  stm32f4xx_adc.o(.text)
    ADC_GetMultiModeConversionValue          0x08009e5f   Thumb Code     8  stm32f4xx_adc.o(.text)
    ADC_DMACmd                               0x08009e67   Thumb Code    22  stm32f4xx_adc.o(.text)
    ADC_DMARequestAfterLastTransferCmd       0x08009e7d   Thumb Code    22  stm32f4xx_adc.o(.text)
    ADC_MultiModeDMARequestAfterLastTransferCmd 0x08009e93   Thumb Code    34  stm32f4xx_adc.o(.text)
    ADC_InjectedChannelConfig                0x08009eb5   Thumb Code   130  stm32f4xx_adc.o(.text)
    ADC_InjectedSequencerLengthConfig        0x08009f37   Thumb Code    24  stm32f4xx_adc.o(.text)
    ADC_SetInjectedOffset                    0x08009f4f   Thumb Code    20  stm32f4xx_adc.o(.text)
    ADC_ExternalTrigInjectedConvConfig       0x08009f63   Thumb Code    16  stm32f4xx_adc.o(.text)
    ADC_ExternalTrigInjectedConvEdgeConfig   0x08009f73   Thumb Code    16  stm32f4xx_adc.o(.text)
    ADC_SoftwareStartInjectedConv            0x08009f83   Thumb Code    10  stm32f4xx_adc.o(.text)
    ADC_GetSoftwareStartInjectedConvCmdStatus 0x08009f8d   Thumb Code    20  stm32f4xx_adc.o(.text)
    ADC_AutoInjectedConvCmd                  0x08009fa1   Thumb Code    22  stm32f4xx_adc.o(.text)
    ADC_InjectedDiscModeCmd                  0x08009fb7   Thumb Code    22  stm32f4xx_adc.o(.text)
    ADC_GetInjectedConversionValue           0x08009fcd   Thumb Code    28  stm32f4xx_adc.o(.text)
    ADC_ITConfig                             0x08009fe9   Thumb Code    56  stm32f4xx_adc.o(.text)
    ADC_GetFlagStatus                        0x0800a021   Thumb Code    18  stm32f4xx_adc.o(.text)
    ADC_ClearFlag                            0x0800a033   Thumb Code     6  stm32f4xx_adc.o(.text)
    ADC_GetITStatus                          0x0800a039   Thumb Code    38  stm32f4xx_adc.o(.text)
    ADC_ClearITPendingBit                    0x0800a05f   Thumb Code    10  stm32f4xx_adc.o(.text)
    FSMC_NORSRAMDeInit                       0x0800a069   Thumb Code    54  stm32f4xx_fsmc.o(.text)
    FSMC_NORSRAMInit                         0x0800a09f   Thumb Code   230  stm32f4xx_fsmc.o(.text)
    FSMC_NORSRAMStructInit                   0x0800a185   Thumb Code    48  stm32f4xx_fsmc.o(.text)
    FSMC_NORSRAMCmd                          0x0800a1b5   Thumb Code    46  stm32f4xx_fsmc.o(.text)
    FSMC_NANDDeInit                          0x0800a1e3   Thumb Code    62  stm32f4xx_fsmc.o(.text)
    FSMC_NANDInit                            0x0800a221   Thumb Code   132  stm32f4xx_fsmc.o(.text)
    FSMC_NANDStructInit                      0x0800a2a5   Thumb Code    54  stm32f4xx_fsmc.o(.text)
    FSMC_NANDCmd                             0x0800a2db   Thumb Code    86  stm32f4xx_fsmc.o(.text)
    FSMC_NANDECCCmd                          0x0800a331   Thumb Code    86  stm32f4xx_fsmc.o(.text)
    FSMC_GetECC                              0x0800a387   Thumb Code    24  stm32f4xx_fsmc.o(.text)
    FSMC_PCCARDDeInit                        0x0800a39f   Thumb Code    36  stm32f4xx_fsmc.o(.text)
    FSMC_PCCARDInit                          0x0800a3c3   Thumb Code   130  stm32f4xx_fsmc.o(.text)
    FSMC_PCCARDStructInit                    0x0800a445   Thumb Code    60  stm32f4xx_fsmc.o(.text)
    FSMC_PCCARDCmd                           0x0800a481   Thumb Code    44  stm32f4xx_fsmc.o(.text)
    FSMC_ITConfig                            0x0800a4ad   Thumb Code   128  stm32f4xx_fsmc.o(.text)
    FSMC_GetFlagStatus                       0x0800a52d   Thumb Code    54  stm32f4xx_fsmc.o(.text)
    FSMC_ClearFlag                           0x0800a563   Thumb Code    74  stm32f4xx_fsmc.o(.text)
    FSMC_GetITStatus                         0x0800a5ad   Thumb Code    62  stm32f4xx_fsmc.o(.text)
    FSMC_ClearITPendingBit                   0x0800a5eb   Thumb Code    66  stm32f4xx_fsmc.o(.text)
    GPIO_DeInit                              0x0800a631   Thumb Code   268  stm32f4xx_gpio.o(.text)
    GPIO_Init                                0x0800a73d   Thumb Code   144  stm32f4xx_gpio.o(.text)
    GPIO_StructInit                          0x0800a7cd   Thumb Code    18  stm32f4xx_gpio.o(.text)
    GPIO_PinLockConfig                       0x0800a7df   Thumb Code    34  stm32f4xx_gpio.o(.text)
    GPIO_ReadInputDataBit                    0x0800a801   Thumb Code    18  stm32f4xx_gpio.o(.text)
    GPIO_ReadInputData                       0x0800a813   Thumb Code     8  stm32f4xx_gpio.o(.text)
    GPIO_ReadOutputDataBit                   0x0800a81b   Thumb Code    18  stm32f4xx_gpio.o(.text)
    GPIO_ReadOutputData                      0x0800a82d   Thumb Code     8  stm32f4xx_gpio.o(.text)
    GPIO_SetBits                             0x0800a835   Thumb Code     4  stm32f4xx_gpio.o(.text)
    GPIO_ResetBits                           0x0800a839   Thumb Code     4  stm32f4xx_gpio.o(.text)
    GPIO_WriteBit                            0x0800a83d   Thumb Code    10  stm32f4xx_gpio.o(.text)
    GPIO_Write                               0x0800a847   Thumb Code     4  stm32f4xx_gpio.o(.text)
    GPIO_ToggleBits                          0x0800a84b   Thumb Code     8  stm32f4xx_gpio.o(.text)
    GPIO_PinAFConfig                         0x0800a853   Thumb Code    70  stm32f4xx_gpio.o(.text)
    RCC_DeInit                               0x0800a8c5   Thumb Code    82  stm32f4xx_rcc.o(.text)
    RCC_HSEConfig                            0x0800a917   Thumb Code    14  stm32f4xx_rcc.o(.text)
    RCC_GetFlagStatus                        0x0800a925   Thumb Code    60  stm32f4xx_rcc.o(.text)
    RCC_WaitForHSEStartUp                    0x0800a961   Thumb Code    56  stm32f4xx_rcc.o(.text)
    RCC_AdjustHSICalibrationValue            0x0800a999   Thumb Code    20  stm32f4xx_rcc.o(.text)
    RCC_HSICmd                               0x0800a9ad   Thumb Code     6  stm32f4xx_rcc.o(.text)
    RCC_LSEConfig                            0x0800a9b3   Thumb Code    46  stm32f4xx_rcc.o(.text)
    RCC_LSICmd                               0x0800a9e1   Thumb Code     6  stm32f4xx_rcc.o(.text)
    RCC_PLLConfig                            0x0800a9e7   Thumb Code    32  stm32f4xx_rcc.o(.text)
    RCC_PLLCmd                               0x0800aa07   Thumb Code     6  stm32f4xx_rcc.o(.text)
    RCC_PLLI2SConfig                         0x0800aa0d   Thumb Code    14  stm32f4xx_rcc.o(.text)
    RCC_PLLI2SCmd                            0x0800aa1b   Thumb Code     6  stm32f4xx_rcc.o(.text)
    RCC_PLLSAIConfig                         0x0800aa21   Thumb Code    20  stm32f4xx_rcc.o(.text)
    RCC_PLLSAICmd                            0x0800aa35   Thumb Code     6  stm32f4xx_rcc.o(.text)
    RCC_ClockSecuritySystemCmd               0x0800aa3b   Thumb Code     6  stm32f4xx_rcc.o(.text)
    RCC_MCO1Config                           0x0800aa41   Thumb Code    28  stm32f4xx_rcc.o(.text)
    RCC_MCO2Config                           0x0800aa5d   Thumb Code    28  stm32f4xx_rcc.o(.text)
    RCC_SYSCLKConfig                         0x0800aa79   Thumb Code    20  stm32f4xx_rcc.o(.text)
    RCC_GetSYSCLKSource                      0x0800aa8d   Thumb Code    12  stm32f4xx_rcc.o(.text)
    RCC_HCLKConfig                           0x0800aa99   Thumb Code    20  stm32f4xx_rcc.o(.text)
    RCC_PCLK1Config                          0x0800aaad   Thumb Code    20  stm32f4xx_rcc.o(.text)
    RCC_PCLK2Config                          0x0800aac1   Thumb Code    22  stm32f4xx_rcc.o(.text)
    RCC_GetClocksFreq                        0x0800aad7   Thumb Code   222  stm32f4xx_rcc.o(.text)
    RCC_RTCCLKConfig                         0x0800abb5   Thumb Code    54  stm32f4xx_rcc.o(.text)
    RCC_RTCCLKCmd                            0x0800abeb   Thumb Code     8  stm32f4xx_rcc.o(.text)
    RCC_BackupResetCmd                       0x0800abf3   Thumb Code     8  stm32f4xx_rcc.o(.text)
    RCC_I2SCLKConfig                         0x0800abfb   Thumb Code     6  stm32f4xx_rcc.o(.text)
    RCC_SAIPLLI2SClkDivConfig                0x0800ac01   Thumb Code    26  stm32f4xx_rcc.o(.text)
    RCC_SAIPLLSAIClkDivConfig                0x0800ac1b   Thumb Code    28  stm32f4xx_rcc.o(.text)
    RCC_SAIBlockACLKConfig                   0x0800ac37   Thumb Code    20  stm32f4xx_rcc.o(.text)
    RCC_SAIBlockBCLKConfig                   0x0800ac4b   Thumb Code    20  stm32f4xx_rcc.o(.text)
    RCC_LTDCCLKDivConfig                     0x0800ac5f   Thumb Code    20  stm32f4xx_rcc.o(.text)
    RCC_TIMCLKPresConfig                     0x0800ac73   Thumb Code     6  stm32f4xx_rcc.o(.text)
    RCC_AHB1PeriphClockCmd                   0x0800ac79   Thumb Code    34  stm32f4xx_rcc.o(.text)
    RCC_AHB2PeriphClockCmd                   0x0800ac9b   Thumb Code    78  stm32f4xx_rcc.o(.text)
    RCC_AHB3PeriphClockCmd                   0x0800ace9   Thumb Code    34  stm32f4xx_rcc.o(.text)
    RCC_APB1PeriphClockCmd                   0x0800ad0b   Thumb Code    34  stm32f4xx_rcc.o(.text)
    RCC_APB2PeriphClockCmd                   0x0800ad2d   Thumb Code    34  stm32f4xx_rcc.o(.text)
    RCC_AHB1PeriphResetCmd                   0x0800ad4f   Thumb Code    34  stm32f4xx_rcc.o(.text)
    RCC_AHB2PeriphResetCmd                   0x0800ad71   Thumb Code    34  stm32f4xx_rcc.o(.text)
    RCC_AHB3PeriphResetCmd                   0x0800ad93   Thumb Code    34  stm32f4xx_rcc.o(.text)
    RCC_APB1PeriphResetCmd                   0x0800adb5   Thumb Code    34  stm32f4xx_rcc.o(.text)
    RCC_APB2PeriphResetCmd                   0x0800add7   Thumb Code    34  stm32f4xx_rcc.o(.text)
    RCC_AHB1PeriphClockLPModeCmd             0x0800adf9   Thumb Code    34  stm32f4xx_rcc.o(.text)
    RCC_AHB2PeriphClockLPModeCmd             0x0800ae1b   Thumb Code    34  stm32f4xx_rcc.o(.text)
    RCC_AHB3PeriphClockLPModeCmd             0x0800ae3d   Thumb Code    34  stm32f4xx_rcc.o(.text)
    RCC_APB1PeriphClockLPModeCmd             0x0800ae5f   Thumb Code    34  stm32f4xx_rcc.o(.text)
    RCC_APB2PeriphClockLPModeCmd             0x0800ae81   Thumb Code    34  stm32f4xx_rcc.o(.text)
    RCC_LSEModeConfig                        0x0800aea3   Thumb Code    40  stm32f4xx_rcc.o(.text)
    RCC_ITConfig                             0x0800aecb   Thumb Code    34  stm32f4xx_rcc.o(.text)
    RCC_ClearFlag                            0x0800aeed   Thumb Code    18  stm32f4xx_rcc.o(.text)
    RCC_GetITStatus                          0x0800aeff   Thumb Code    22  stm32f4xx_rcc.o(.text)
    RCC_ClearITPendingBit                    0x0800af15   Thumb Code     8  stm32f4xx_rcc.o(.text)
    SPI_I2S_DeInit                           0x0800af21   Thumb Code   152  stm32f4xx_spi.o(.text)
    SPI_Init                                 0x0800afb9   Thumb Code    60  stm32f4xx_spi.o(.text)
    I2S_Init                                 0x0800aff5   Thumb Code   396  stm32f4xx_spi.o(.text)
    SPI_StructInit                           0x0800b181   Thumb Code    24  stm32f4xx_spi.o(.text)
    I2S_StructInit                           0x0800b199   Thumb Code    20  stm32f4xx_spi.o(.text)
    SPI_Cmd                                  0x0800b1ad   Thumb Code    24  stm32f4xx_spi.o(.text)
    I2S_Cmd                                  0x0800b1c5   Thumb Code    24  stm32f4xx_spi.o(.text)
    SPI_DataSizeConfig                       0x0800b1dd   Thumb Code    18  stm32f4xx_spi.o(.text)
    SPI_BiDirectionalLineConfig              0x0800b1ef   Thumb Code    28  stm32f4xx_spi.o(.text)
    SPI_NSSInternalSoftwareConfig            0x0800b20b   Thumb Code    30  stm32f4xx_spi.o(.text)
    SPI_SSOutputCmd                          0x0800b229   Thumb Code    24  stm32f4xx_spi.o(.text)
    SPI_TIModeCmd                            0x0800b241   Thumb Code    24  stm32f4xx_spi.o(.text)
    I2S_FullDuplexConfig                     0x0800b259   Thumb Code    80  stm32f4xx_spi.o(.text)
    SPI_I2S_ReceiveData                      0x0800b2a9   Thumb Code     6  stm32f4xx_spi.o(.text)
    SPI_I2S_SendData                         0x0800b2af   Thumb Code     4  stm32f4xx_spi.o(.text)
    SPI_CalculateCRC                         0x0800b2b3   Thumb Code    24  stm32f4xx_spi.o(.text)
    SPI_TransmitCRC                          0x0800b2cb   Thumb Code    10  stm32f4xx_spi.o(.text)
    SPI_GetCRC                               0x0800b2d5   Thumb Code    16  stm32f4xx_spi.o(.text)
    SPI_GetCRCPolynomial                     0x0800b2e5   Thumb Code     6  stm32f4xx_spi.o(.text)
    SPI_I2S_DMACmd                           0x0800b2eb   Thumb Code    18  stm32f4xx_spi.o(.text)
    SPI_I2S_ITConfig                         0x0800b2fd   Thumb Code    68  stm32f4xx_spi.o(.text)
    SPI_I2S_GetFlagStatus                    0x0800b341   Thumb Code    18  stm32f4xx_spi.o(.text)
    SPI_I2S_ClearFlag                        0x0800b353   Thumb Code     6  stm32f4xx_spi.o(.text)
    SPI_I2S_GetITStatus                      0x0800b359   Thumb Code    52  stm32f4xx_spi.o(.text)
    SPI_I2S_ClearITPendingBit                0x0800b38d   Thumb Code    20  stm32f4xx_spi.o(.text)
    USART_DeInit                             0x0800b3a1   Thumb Code   206  stm32f4xx_usart.o(.text)
    USART_Init                               0x0800b46f   Thumb Code   204  stm32f4xx_usart.o(.text)
    USART_StructInit                         0x0800b53b   Thumb Code    24  stm32f4xx_usart.o(.text)
    USART_ClockInit                          0x0800b553   Thumb Code    32  stm32f4xx_usart.o(.text)
    USART_ClockStructInit                    0x0800b573   Thumb Code    12  stm32f4xx_usart.o(.text)
    USART_Cmd                                0x0800b57f   Thumb Code    24  stm32f4xx_usart.o(.text)
    USART_SetPrescaler                       0x0800b597   Thumb Code    16  stm32f4xx_usart.o(.text)
    USART_OverSampling8Cmd                   0x0800b5a7   Thumb Code    22  stm32f4xx_usart.o(.text)
    USART_OneBitMethodCmd                    0x0800b5bd   Thumb Code    24  stm32f4xx_usart.o(.text)
    USART_SendData                           0x0800b5d5   Thumb Code     8  stm32f4xx_usart.o(.text)
    USART_ReceiveData                        0x0800b5dd   Thumb Code    10  stm32f4xx_usart.o(.text)
    USART_SetAddress                         0x0800b5e7   Thumb Code    18  stm32f4xx_usart.o(.text)
    USART_ReceiverWakeUpCmd                  0x0800b5f9   Thumb Code    24  stm32f4xx_usart.o(.text)
    USART_WakeUpConfig                       0x0800b611   Thumb Code    18  stm32f4xx_usart.o(.text)
    USART_LINBreakDetectLengthConfig         0x0800b623   Thumb Code    18  stm32f4xx_usart.o(.text)
    USART_LINCmd                             0x0800b635   Thumb Code    24  stm32f4xx_usart.o(.text)
    USART_SendBreak                          0x0800b64d   Thumb Code    10  stm32f4xx_usart.o(.text)
    USART_HalfDuplexCmd                      0x0800b657   Thumb Code    24  stm32f4xx_usart.o(.text)
    USART_SetGuardTime                       0x0800b66f   Thumb Code    16  stm32f4xx_usart.o(.text)
    USART_SmartCardCmd                       0x0800b67f   Thumb Code    24  stm32f4xx_usart.o(.text)
    USART_SmartCardNACKCmd                   0x0800b697   Thumb Code    24  stm32f4xx_usart.o(.text)
    USART_IrDAConfig                         0x0800b6af   Thumb Code    18  stm32f4xx_usart.o(.text)
    USART_IrDACmd                            0x0800b6c1   Thumb Code    24  stm32f4xx_usart.o(.text)
    USART_DMACmd                             0x0800b6d9   Thumb Code    18  stm32f4xx_usart.o(.text)
    USART_ITConfig                           0x0800b6eb   Thumb Code    74  stm32f4xx_usart.o(.text)
    USART_GetFlagStatus                      0x0800b735   Thumb Code    26  stm32f4xx_usart.o(.text)
    USART_ClearFlag                          0x0800b74f   Thumb Code    18  stm32f4xx_usart.o(.text)
    USART_GetITStatus                        0x0800b761   Thumb Code   118  stm32f4xx_usart.o(.text)
    USART_ClearITPendingBit                  0x0800b7d7   Thumb Code    30  stm32f4xx_usart.o(.text)
    delay_init                               0x0800b7f5   Thumb Code    86  delay.o(.text)
    Delay_TickInc                            0x0800b84b   Thumb Code    12  delay.o(.text)
    GetSysMs                                 0x0800b857   Thumb Code     6  delay.o(.text)
    delay_us                                 0x0800b85d   Thumb Code    26  delay.o(.text)
    delay_ms                                 0x0800b877   Thumb Code    24  delay.o(.text)
    _sys_exit                                0x0800b8a1   Thumb Code     4  usart.o(.text)
    fputc                                    0x0800b8a5   Thumb Code    22  usart.o(.text)
    uart_init                                0x0800b8bb   Thumb Code   164  usart.o(.text)
    USART1_IRQHandler                        0x0800b95f   Thumb Code   122  usart.o(.text)
    __aeabi_memset                           0x0800b9e9   Thumb Code    14  memseta.o(.text)
    __aeabi_memset4                          0x0800b9e9   Thumb Code     0  memseta.o(.text)
    __aeabi_memset8                          0x0800b9e9   Thumb Code     0  memseta.o(.text)
    __aeabi_memclr                           0x0800b9f7   Thumb Code     4  memseta.o(.text)
    __aeabi_memclr4                          0x0800b9f7   Thumb Code     0  memseta.o(.text)
    __aeabi_memclr8                          0x0800b9f7   Thumb Code     0  memseta.o(.text)
    _memset$wrapper                          0x0800b9fb   Thumb Code    18  memseta.o(.text)
    strstr                                   0x0800ba0d   Thumb Code    36  strstr.o(.text)
    strncpy                                  0x0800ba31   Thumb Code    24  strncpy.o(.text)
    strlen                                   0x0800ba49   Thumb Code    14  strlen.o(.text)
    strcmp                                   0x0800ba57   Thumb Code    28  strcmp.o(.text)
    strcpy                                   0x0800ba73   Thumb Code    18  strcpy.o(.text)
    __0sscanf                                0x0800ba85   Thumb Code    48  __0sscanf.o(.text)
    _scanf_int                               0x0800babd   Thumb Code   332  _scanf_int.o(.text)
    _scanf_real                              0x0800bd31   Thumb Code     0  scanf_fp.o(.text)
    _scanf_really_real                       0x0800bd31   Thumb Code   556  scanf_fp.o(.text)
    __aeabi_dadd                             0x0800bf69   Thumb Code   322  dadd.o(.text)
    __aeabi_dsub                             0x0800c0ab   Thumb Code     6  dadd.o(.text)
    __aeabi_drsub                            0x0800c0b1   Thumb Code     6  dadd.o(.text)
    __aeabi_dmul                             0x0800c0b7   Thumb Code   228  dmul.o(.text)
    __aeabi_ddiv                             0x0800c19b   Thumb Code   222  ddiv.o(.text)
    __aeabi_i2d                              0x0800c279   Thumb Code    34  dflti.o(.text)
    __aeabi_ui2d                             0x0800c29b   Thumb Code    26  dfltui.o(.text)
    __aeabi_d2uiz                            0x0800c2b5   Thumb Code    50  dfixui.o(.text)
    __aeabi_f2d                              0x0800c2e7   Thumb Code    38  f2d.o(.text)
    __aeabi_cdcmpeq                          0x0800c30d   Thumb Code     0  cdcmple.o(.text)
    __aeabi_cdcmple                          0x0800c30d   Thumb Code    48  cdcmple.o(.text)
    __aeabi_cdrcmple                         0x0800c33d   Thumb Code    48  cdrcmple.o(.text)
    __aeabi_uidiv                            0x0800c36d   Thumb Code     0  uidiv.o(.text)
    __aeabi_uidivmod                         0x0800c36d   Thumb Code    44  uidiv.o(.text)
    __aeabi_uldivmod                         0x0800c399   Thumb Code    98  uldiv.o(.text)
    __aeabi_llsl                             0x0800c3fb   Thumb Code    30  llshl.o(.text)
    _ll_shift_l                              0x0800c3fb   Thumb Code     0  llshl.o(.text)
    __aeabi_llsr                             0x0800c419   Thumb Code    32  llushr.o(.text)
    _ll_ushift_r                             0x0800c419   Thumb Code     0  llushr.o(.text)
    __aeabi_lasr                             0x0800c439   Thumb Code    36  llsshr.o(.text)
    _ll_sshift_r                             0x0800c439   Thumb Code     0  llsshr.o(.text)
    _chval                                   0x0800c45d   Thumb Code    28  _chval.o(.text)
    __vfscanf_char                           0x0800c485   Thumb Code    20  scanf_char.o(.text)
    _sgetc                                   0x0800c4a1   Thumb Code    30  _sgetc.o(.text)
    _sbackspace                              0x0800c4bf   Thumb Code    34  _sgetc.o(.text)
    __I$use$fp                               0x0800c4e1   Thumb Code     0  iusefp.o(.text)
    _double_round                            0x0800c4e1   Thumb Code    30  depilogue.o(.text)
    _double_epilogue                         0x0800c4ff   Thumb Code   156  depilogue.o(.text)
    _dsqrt                                   0x0800c59b   Thumb Code   162  dsqrt.o(.text)
    __aeabi_ul2d                             0x0800c63d   Thumb Code    24  dfltul.o(.text)
    __aeabi_d2ulz                            0x0800c655   Thumb Code    48  dfixul.o(.text)
    __aeabi_d2f                              0x0800c685   Thumb Code    56  d2f.o(.text)
    __scatterload                            0x0800c6bd   Thumb Code    28  init.o(.text)
    __scatterload_rt2                        0x0800c6bd   Thumb Code     0  init.o(.text)
    isspace                                  0x0800c6e1   Thumb Code    10  isspace_c.o(.text)
    __vfscanf                                0x0800c6ed   Thumb Code   810  _scanf.o(.text)
    _float_round                             0x0800ca1d   Thumb Code    18  fepilogue.o(.text)
    _float_epilogue                          0x0800ca2f   Thumb Code    92  fepilogue.o(.text)
    __ctype_lookup                           0x0800ca8d   Thumb Code    34  ctype_c.o(.text)
    __0printf                                0x0800cab5   Thumb Code    22  printfa.o(i.__0printf)
    __1printf                                0x0800cab5   Thumb Code     0  printfa.o(i.__0printf)
    __2printf                                0x0800cab5   Thumb Code     0  printfa.o(i.__0printf)
    __c89printf                              0x0800cab5   Thumb Code     0  printfa.o(i.__0printf)
    printf                                   0x0800cab5   Thumb Code     0  printfa.o(i.__0printf)
    __0sprintf                               0x0800cad5   Thumb Code    34  printfa.o(i.__0sprintf)
    __1sprintf                               0x0800cad5   Thumb Code     0  printfa.o(i.__0sprintf)
    __2sprintf                               0x0800cad5   Thumb Code     0  printfa.o(i.__0sprintf)
    __c89sprintf                             0x0800cad5   Thumb Code     0  printfa.o(i.__0sprintf)
    sprintf                                  0x0800cad5   Thumb Code     0  printfa.o(i.__0sprintf)
    __hardfp_sqrt                            0x0800cafd   Thumb Code   122  sqrt.o(i.__hardfp_sqrt)
    __scatterload_copy                       0x0800cb77   Thumb Code    14  handlers.o(i.__scatterload_copy)
    __scatterload_null                       0x0800cb85   Thumb Code     2  handlers.o(i.__scatterload_null)
    __scatterload_zeroinit                   0x0800cb87   Thumb Code    14  handlers.o(i.__scatterload_zeroinit)
    __set_errno                              0x0800cb95   Thumb Code     6  errno.o(i.__set_errno)
    _is_digit                                0x0800cd25   Thumb Code    14  scanf_fp.o(i._is_digit)
    asc2_1206                                0x0800d444   Data        1140  lcd.o(.constdata)
    asc2_1608                                0x0800d8b8   Data        1520  lcd.o(.constdata)
    asc2_2412                                0x0800dea8   Data        3420  lcd.o(.constdata)
    FT5206_TPX_TBL                           0x0800ec04   Data          10  ft5206.o(.constdata)
    GT911_TPX_TBL                            0x0800ec0e   Data          10  ft5206.o(.constdata)
    GT9147_CFG_TBL                           0x0800ec18   Data         184  gt9147.o(.constdata)
    GT9147_TPX_TBL                           0x0800ecd0   Data          10  gt9147.o(.constdata)
    OTT_TPX_TBL                              0x0800ecda   Data          10  ott2001a.o(.constdata)
    TP_REMIND_MSG_TBL                        0x0800ece4   Data           4  touch.o(.constdata)
    FSMC_DefaultTimingStruct                 0x0800ece8   Data          28  stm32f4xx_fsmc.o(.constdata)
    __ctype_categories                       0x0800ed04   Data          64  ctype_c.o(.constdata)
    Region$$Table$$Base                      0x0800edc0   Number         0  anon$$obj.o(Region$$Table)
    Region$$Table$$Limit                     0x0800ede0   Number         0  anon$$obj.o(Region$$Table)
    g_price_per_min                          0x20000000   Data           4  main.o(.data)
    SystemCoreClock                          0x20000028   Data           4  system_stm32f4xx.o(.data)
    AHBPrescTable                            0x2000002c   Data          16  system_stm32f4xx.o(.data)
    POINT_COLOR                              0x2000003c   Data           2  lcd.o(.data)
    BACK_COLOR                               0x2000003e   Data           2  lcd.o(.data)
    FONTINFOADDR                             0x20000040   Data           4  fontupd.o(.data)
    W25QXX_TYPE                              0x20000044   Data           2  w25qxx.o(.data)
    CIP                                      0x20000046   Data           5  ft5206.o(.data)
    g_gt_tnum                                0x2000004b   Data           1  ft5206.o(.data)
    tp_dev                                   0x20000050   Data          52  touch.o(.data)
    CMD_RDX                                  0x20000084   Data           1  touch.o(.data)
    CMD_RDY                                  0x20000085   Data           1  touch.o(.data)
    esp8266_rx_len                           0x20000088   Data           2  esp8266.o(.data)
    esp8266_remote_reset_flag                0x2000008a   Data           1  esp8266.o(.data)
    esp8266_remote_pc_on_flag                0x2000008b   Data           1  esp8266.o(.data)
    esp8266_remote_pc_off_flag               0x2000008c   Data           1  esp8266.o(.data)
    esp8266_remote_light_on_flag             0x2000008d   Data           1  esp8266.o(.data)
    esp8266_remote_light_off_flag            0x2000008e   Data           1  esp8266.o(.data)
    esp8266_remote_checkout_flag             0x2000008f   Data           1  esp8266.o(.data)
    esp8266_remote_maint_on_flag             0x20000090   Data           1  esp8266.o(.data)
    esp8266_remote_maint_off_flag            0x20000091   Data           1  esp8266.o(.data)
    esp8266_remote_card_ok_flag              0x20000092   Data           1  esp8266.o(.data)
    esp8266_remote_card_err_flag             0x20000093   Data           1  esp8266.o(.data)
    esp8266_remote_msg_flag                  0x20000094   Data           1  esp8266.o(.data)
    esp8266_remote_set_rate_flag             0x20000095   Data           1  esp8266.o(.data)
    esp8266_remote_rate_val                  0x20000098   Data           4  esp8266.o(.data)
    esp8266_remote_restore_sec               0x2000009c   Data           4  esp8266.o(.data)
    g_net_state                              0x200000a0   Data           1  esp8266.o(.data)
    __stdout                                 0x200000d0   Data           4  usart.o(.data)
    USART_RX_STA                             0x200000d4   Data           2  usart.o(.data)
    lcddev                                   0x20000110   Data          14  lcd.o(.bss)
    ftinfo                                   0x2000011e   Data          33  fontupd.o(.bss)
    W25QXX_BUFFER                            0x2000013f   Data        4096  w25qxx.o(.bss)
    esp8266_rx_buf                           0x2000113f   Data         512  esp8266.o(.bss)
    esp8266_remote_msg                       0x2000133f   Data          32  esp8266.o(.bss)
    esp8266_card_err_msg                     0x2000135f   Data          32  esp8266.o(.bss)
    esp8266_remote_user_name                 0x2000137f   Data          32  esp8266.o(.bss)
    esp8266_remote_balance_str               0x2000139f   Data          16  esp8266.o(.bss)
    esp8266_remote_uid                       0x200013af   Data          32  esp8266.o(.bss)
    USART_RX_BUF                             0x200014af   Data         200  usart.o(.bss)
    __initial_sp                             0x20001978   Data           0  startup_stm32f40_41xxx.o(STACK)



==============================================================================

Memory Map of the image

  Image Entry point : 0x08000189

  Load Region LR_IROM1 (Base: 0x08000000, Size: 0x0000eebc, Max: 0x00100000, ABSOLUTE)

    Execution Region ER_IROM1 (Exec base: 0x08000000, Load base: 0x08000000, Size: 0x0000ede0, Max: 0x00100000, ABSOLUTE)

    Exec Addr    Load Addr    Size         Type   Attr      Idx    E Section Name        Object

    0x08000000   0x08000000   0x00000188   Data   RO          710    RESET               startup_stm32f40_41xxx.o
    0x08000188   0x08000188   0x00000000   Code   RO         1515  * .ARM.Collect$$$$00000000  mc_w.l(entry.o)
    0x08000188   0x08000188   0x00000004   Code   RO         1817    .ARM.Collect$$$$00000001  mc_w.l(entry2.o)
    0x0800018c   0x0800018c   0x00000004   Code   RO         1820    .ARM.Collect$$$$00000004  mc_w.l(entry5.o)
    0x08000190   0x08000190   0x00000000   Code   RO         1822    .ARM.Collect$$$$00000008  mc_w.l(entry7b.o)
    0x08000190   0x08000190   0x00000000   Code   RO         1824    .ARM.Collect$$$$0000000A  mc_w.l(entry8b.o)
    0x08000190   0x08000190   0x00000008   Code   RO         1825    .ARM.Collect$$$$0000000B  mc_w.l(entry9a.o)
    0x08000198   0x08000198   0x00000004   Code   RO         1832    .ARM.Collect$$$$0000000E  mc_w.l(entry12b.o)
    0x0800019c   0x0800019c   0x00000000   Code   RO         1827    .ARM.Collect$$$$0000000F  mc_w.l(entry10a.o)
    0x0800019c   0x0800019c   0x00000000   Code   RO         1829    .ARM.Collect$$$$00000011  mc_w.l(entry11a.o)
    0x0800019c   0x0800019c   0x00000004   Code   RO         1818    .ARM.Collect$$$$00002712  mc_w.l(entry2.o)
    0x080001a0   0x080001a0   0x00001e44   Code   RO            3    .text               main.o
    0x08001fe4   0x08001fe4   0x00000020   Code   RO          201    .text               stm32f4xx_it.o
    0x08002004   0x08002004   0x00000210   Code   RO          250    .text               system_stm32f4xx.o
    0x08002214   0x08002214   0x00003c90   Code   RO          276    .text               lcd.o
    0x08005ea4   0x08005ea4   0x00000118   Code   RO          314    .text               spi.o
    0x08005fbc   0x08005fbc   0x00000048   Code   RO          337    .text               fontupd.o
    0x08006004   0x08006004   0x000002d4   Code   RO          364    .text               text.o
    0x080062d8   0x080062d8   0x00000388   Code   RO          394    .text               w25qxx.o
    0x08006660   0x08006660   0x0000017a   Code   RO          428    .text               24cxx.o
    0x080067da   0x080067da   0x00000002   PAD
    0x080067dc   0x080067dc   0x0000025c   Code   RO          451    .text               myiic.o
    0x08006a38   0x08006a38   0x00000258   Code   RO          474    .text               ctiic.o
    0x08006c90   0x08006c90   0x00000594   Code   RO          497    .text               ft5206.o
    0x08007224   0x08007224   0x00000528   Code   RO          534    .text               gt9147.o
    0x0800774c   0x0800774c   0x00000388   Code   RO          558    .text               ott2001a.o
    0x08007ad4   0x08007ad4   0x0000116c   Code   RO          582    .text               touch.o
    0x08008c40   0x08008c40   0x00000438   Code   RO          614    .text               rc522.o
    0x08009078   0x08009078   0x00000064   Code   RO          637    .text               rfid_app.o
    0x080090dc   0x080090dc   0x0000014c   Code   RO          660    .text               seat_bsp.o
    0x08009228   0x08009228   0x000008d8   Code   RO          683    .text               esp8266.o
    0x08009b00   0x08009b00   0x00000024   Code   RO          711    .text               startup_stm32f40_41xxx.o
    0x08009b24   0x08009b24   0x000000e0   Code   RO          717    .text               misc.o
    0x08009c04   0x08009c04   0x00000464   Code   RO          737    .text               stm32f4xx_adc.o
    0x0800a068   0x0800a068   0x000005c8   Code   RO         1043    .text               stm32f4xx_fsmc.o
    0x0800a630   0x0800a630   0x00000294   Code   RO         1066    .text               stm32f4xx_gpio.o
    0x0800a8c4   0x0800a8c4   0x0000065c   Code   RO         1229    .text               stm32f4xx_rcc.o
    0x0800af20   0x0800af20   0x00000480   Code   RO         1334    .text               stm32f4xx_spi.o
    0x0800b3a0   0x0800b3a0   0x00000454   Code   RO         1394    .text               stm32f4xx_usart.o
    0x0800b7f4   0x0800b7f4   0x000000ac   Code   RO         1434    .text               delay.o
    0x0800b8a0   0x0800b8a0   0x00000148   Code   RO         1474    .text               usart.o
    0x0800b9e8   0x0800b9e8   0x00000024   Code   RO         1518    .text               mc_w.l(memseta.o)
    0x0800ba0c   0x0800ba0c   0x00000024   Code   RO         1520    .text               mc_w.l(strstr.o)
    0x0800ba30   0x0800ba30   0x00000018   Code   RO         1522    .text               mc_w.l(strncpy.o)
    0x0800ba48   0x0800ba48   0x0000000e   Code   RO         1524    .text               mc_w.l(strlen.o)
    0x0800ba56   0x0800ba56   0x0000001c   Code   RO         1526    .text               mc_w.l(strcmp.o)
    0x0800ba72   0x0800ba72   0x00000012   Code   RO         1528    .text               mc_w.l(strcpy.o)
    0x0800ba84   0x0800ba84   0x00000038   Code   RO         1791    .text               mc_w.l(__0sscanf.o)
    0x0800babc   0x0800babc   0x0000014c   Code   RO         1793    .text               mc_w.l(_scanf_int.o)
    0x0800bc08   0x0800bc08   0x00000360   Code   RO         1795    .text               mc_w.l(scanf_fp.o)
    0x0800bf68   0x0800bf68   0x0000014e   Code   RO         1799    .text               mf_w.l(dadd.o)
    0x0800c0b6   0x0800c0b6   0x000000e4   Code   RO         1801    .text               mf_w.l(dmul.o)
    0x0800c19a   0x0800c19a   0x000000de   Code   RO         1803    .text               mf_w.l(ddiv.o)
    0x0800c278   0x0800c278   0x00000022   Code   RO         1805    .text               mf_w.l(dflti.o)
    0x0800c29a   0x0800c29a   0x0000001a   Code   RO         1807    .text               mf_w.l(dfltui.o)
    0x0800c2b4   0x0800c2b4   0x00000032   Code   RO         1809    .text               mf_w.l(dfixui.o)
    0x0800c2e6   0x0800c2e6   0x00000026   Code   RO         1811    .text               mf_w.l(f2d.o)
    0x0800c30c   0x0800c30c   0x00000030   Code   RO         1813    .text               mf_w.l(cdcmple.o)
    0x0800c33c   0x0800c33c   0x00000030   Code   RO         1815    .text               mf_w.l(cdrcmple.o)
    0x0800c36c   0x0800c36c   0x0000002c   Code   RO         1833    .text               mc_w.l(uidiv.o)
    0x0800c398   0x0800c398   0x00000062   Code   RO         1835    .text               mc_w.l(uldiv.o)
    0x0800c3fa   0x0800c3fa   0x0000001e   Code   RO         1837    .text               mc_w.l(llshl.o)
    0x0800c418   0x0800c418   0x00000020   Code   RO         1839    .text               mc_w.l(llushr.o)
    0x0800c438   0x0800c438   0x00000024   Code   RO         1841    .text               mc_w.l(llsshr.o)
    0x0800c45c   0x0800c45c   0x0000001c   Code   RO         1850    .text               mc_w.l(_chval.o)
    0x0800c478   0x0800c478   0x00000028   Code   RO         1852    .text               mc_w.l(scanf_char.o)
    0x0800c4a0   0x0800c4a0   0x00000040   Code   RO         1854    .text               mc_w.l(_sgetc.o)
    0x0800c4e0   0x0800c4e0   0x00000000   Code   RO         1856    .text               mc_w.l(iusefp.o)
    0x0800c4e0   0x0800c4e0   0x000000ba   Code   RO         1857    .text               mf_w.l(depilogue.o)
    0x0800c59a   0x0800c59a   0x000000a2   Code   RO         1859    .text               mf_w.l(dsqrt.o)
    0x0800c63c   0x0800c63c   0x00000018   Code   RO         1861    .text               mf_w.l(dfltul.o)
    0x0800c654   0x0800c654   0x00000030   Code   RO         1863    .text               mf_w.l(dfixul.o)
    0x0800c684   0x0800c684   0x00000038   Code   RO         1865    .text               mf_w.l(d2f.o)
    0x0800c6bc   0x0800c6bc   0x00000024   Code   RO         1867    .text               mc_w.l(init.o)
    0x0800c6e0   0x0800c6e0   0x0000000a   Code   RO         1869    .text               mc_w.l(isspace_c.o)
    0x0800c6ea   0x0800c6ea   0x00000002   PAD
    0x0800c6ec   0x0800c6ec   0x00000330   Code   RO         1871    .text               mc_w.l(_scanf.o)
    0x0800ca1c   0x0800ca1c   0x0000006e   Code   RO         1873    .text               mf_w.l(fepilogue.o)
    0x0800ca8a   0x0800ca8a   0x00000002   PAD
    0x0800ca8c   0x0800ca8c   0x00000028   Code   RO         1875    .text               mc_w.l(ctype_c.o)
    0x0800cab4   0x0800cab4   0x00000020   Code   RO         1763    i.__0printf         mc_w.l(printfa.o)
    0x0800cad4   0x0800cad4   0x00000028   Code   RO         1765    i.__0sprintf        mc_w.l(printfa.o)
    0x0800cafc   0x0800cafc   0x0000007a   Code   RO         1503    i.__hardfp_sqrt     m_wm.l(sqrt.o)
    0x0800cb76   0x0800cb76   0x0000000e   Code   RO         1880    i.__scatterload_copy  mc_w.l(handlers.o)
    0x0800cb84   0x0800cb84   0x00000002   Code   RO         1881    i.__scatterload_null  mc_w.l(handlers.o)
    0x0800cb86   0x0800cb86   0x0000000e   Code   RO         1882    i.__scatterload_zeroinit  mc_w.l(handlers.o)
    0x0800cb94   0x0800cb94   0x0000000c   Code   RO         1845    i.__set_errno       mc_w.l(errno.o)
    0x0800cba0   0x0800cba0   0x00000184   Code   RO         1770    i._fp_digits        mc_w.l(printfa.o)
    0x0800cd24   0x0800cd24   0x0000000e   Code   RO         1797    i._is_digit         mc_w.l(scanf_fp.o)
    0x0800cd32   0x0800cd32   0x00000002   PAD
    0x0800cd34   0x0800cd34   0x000006b4   Code   RO         1771    i._printf_core      mc_w.l(printfa.o)
    0x0800d3e8   0x0800d3e8   0x00000024   Code   RO         1772    i._printf_post_padding  mc_w.l(printfa.o)
    0x0800d40c   0x0800d40c   0x0000002e   Code   RO         1773    i._printf_pre_padding  mc_w.l(printfa.o)
    0x0800d43a   0x0800d43a   0x0000000a   Code   RO         1775    i._sputc            mc_w.l(printfa.o)
    0x0800d444   0x0800d444   0x000017c0   Data   RO          278    .constdata          lcd.o
    0x0800ec04   0x0800ec04   0x00000014   Data   RO          498    .constdata          ft5206.o
    0x0800ec18   0x0800ec18   0x000000c2   Data   RO          535    .constdata          gt9147.o
    0x0800ecda   0x0800ecda   0x0000000a   Data   RO          559    .constdata          ott2001a.o
    0x0800ece4   0x0800ece4   0x00000004   Data   RO          583    .constdata          touch.o
    0x0800ece8   0x0800ece8   0x0000001c   Data   RO         1044    .constdata          stm32f4xx_fsmc.o
    0x0800ed04   0x0800ed04   0x00000040   Data   RO         1876    .constdata          mc_w.l(ctype_c.o)
    0x0800ed44   0x0800ed44   0x00000079   Data   RO          584    .conststring        touch.o
    0x0800edbd   0x0800edbd   0x00000003   PAD
    0x0800edc0   0x0800edc0   0x00000020   Data   RO         1878    Region$$Table       anon$$obj.o


    Execution Region RW_IRAM1 (Exec base: 0x20000000, Load base: 0x0800ede0, Size: 0x00001978, Max: 0x00020000, ABSOLUTE)

    Exec Addr    Load Addr    Size         Type   Attr      Idx    E Section Name        Object

    0x20000000   0x0800ede0   0x00000028   Data   RW            5    .data               main.o
    0x20000028   0x0800ee08   0x00000014   Data   RW          251    .data               system_stm32f4xx.o
    0x2000003c   0x0800ee1c   0x00000004   Data   RW          279    .data               lcd.o
    0x20000040   0x0800ee20   0x00000004   Data   RW          339    .data               fontupd.o
    0x20000044   0x0800ee24   0x00000002   Data   RW          396    .data               w25qxx.o
    0x20000046   0x0800ee26   0x00000007   Data   RW          499    .data               ft5206.o
    0x2000004d   0x0800ee2d   0x00000001   Data   RW          536    .data               gt9147.o
    0x2000004e   0x0800ee2e   0x00000001   Data   RW          560    .data               ott2001a.o
    0x2000004f   0x0800ee2f   0x00000001   PAD
    0x20000050   0x0800ee30   0x00000036   Data   RW          585    .data               touch.o
    0x20000086   0x0800ee66   0x00000002   PAD
    0x20000088   0x0800ee68   0x0000002d   Data   RW          685    .data               esp8266.o
    0x200000b5   0x0800ee95   0x00000010   Data   RW         1230    .data               stm32f4xx_rcc.o
    0x200000c5   0x0800eea5   0x00000003   PAD
    0x200000c8   0x0800eea8   0x00000008   Data   RW         1435    .data               delay.o
    0x200000d0   0x0800eeb0   0x00000006   Data   RW         1476    .data               usart.o
    0x200000d6   0x0800eeb6   0x00000002   PAD
    0x200000d8   0x0800eeb8   0x00000004   Data   RW         1846    .data               mc_w.l(errno.o)
    0x200000dc        -       0x00000034   Zero   RW            4    .bss                main.o
    0x20000110        -       0x0000000e   Zero   RW          277    .bss                lcd.o
    0x2000011e        -       0x00000021   Zero   RW          338    .bss                fontupd.o
    0x2000013f        -       0x00001000   Zero   RW          395    .bss                w25qxx.o
    0x2000113f        -       0x00000370   Zero   RW          684    .bss                esp8266.o
    0x200014af        -       0x000000c8   Zero   RW         1475    .bss                usart.o
    0x20001577   0x0800eebc   0x00000001   PAD
    0x20001578        -       0x00000400   Zero   RW          708    STACK               startup_stm32f40_41xxx.o


==============================================================================

Image component sizes


      Code (inc. data)   RO Data    RW Data    ZI Data      Debug   Object Name

       378          0          0          0          0       2794   24cxx.o
       600         24          0          0          0       2085   ctiic.o
       172         18          0          8          0       1922   delay.o
      2264        758          0         45        880       7279   esp8266.o
        72          8          0          4         33       1322   fontupd.o
      1428         80         20          7          0       2935   ft5206.o
      1320        106        194          1          0       3158   gt9147.o
     15504        144       6080          4         14      20098   lcd.o
      7748       1366          0         40         52     306647   main.o
       224         20          0          0          0       1849   misc.o
       604         14          0          0          0       1912   myiic.o
       904         66         10          1          0       2723   ott2001a.o
      1080          8          0          0          0       3872   rc522.o
       100         34          0          0          0       1142   rfid_app.o
       332         14          0          0          0       1544   seat_bsp.o
       280          8          0          0          0       1069   spi.o
        36          8        392          0       1024        836   startup_stm32f40_41xxx.o
      1124         24          0          0          0      10718   stm32f4xx_adc.o
      1480         18         28          0          0       5694   stm32f4xx_fsmc.o
       660         44          0          0          0       4193   stm32f4xx_gpio.o
        32          0          0          0          0       1366   stm32f4xx_it.o
      1628         52          0         16          0      13080   stm32f4xx_rcc.o
      1152         36          0          0          0       6941   stm32f4xx_spi.o
      1108         34          0          0          0       7916   stm32f4xx_usart.o
       528         46          0         20          0       1827   system_stm32f4xx.o
       724         16          0          0          0       3136   text.o
      4460        230        125         54          0       6901   touch.o
       328         16          0          6        200       3358   usart.o
       904         34          0          2       4096       4457   w25qxx.o

    ----------------------------------------------------------------------
     47176       3226       6884        216       6300     432774   Object Totals
         0          0         32          0          0          0   (incl. Generated)
         2          0          3          8          1          0   (incl. Padding)

    ----------------------------------------------------------------------

      Code (inc. data)   RO Data    RW Data    ZI Data      Debug   Library Member Name

       122          0          0          0          0        148   sqrt.o
        56          8          0          0          0         84   __0sscanf.o
        28          0          0          0          0         68   _chval.o
       816          6          0          0          0        112   _scanf.o
       332          0          0          0          0         96   _scanf_int.o
        64          0          0          0          0         84   _sgetc.o
        40          6         64          0          0         68   ctype_c.o
         0          0          0          0          0          0   entry.o
         0          0          0          0          0          0   entry10a.o
         0          0          0          0          0          0   entry11a.o
         4          0          0          0          0          0   entry12b.o
         8          4          0          0          0          0   entry2.o
         4          0          0          0          0          0   entry5.o
         0          0          0          0          0          0   entry7b.o
         0          0          0          0          0          0   entry8b.o
         8          4          0          0          0          0   entry9a.o
        12          6          0          4          0         68   errno.o
        30          0          0          0          0          0   handlers.o
        36          8          0          0          0         68   init.o
        10          0          0          0          0         68   isspace_c.o
         0          0          0          0          0          0   iusefp.o
        30          0          0          0          0         68   llshl.o
        36          0          0          0          0         68   llsshr.o
        32          0          0          0          0         68   llushr.o
        36          0          0          0          0        108   memseta.o
      2268         96          0          0          0        616   printfa.o
        40          8          0          0          0         84   scanf_char.o
       878         12          0          0          0        216   scanf_fp.o
        28          0          0          0          0         76   strcmp.o
        18          0          0          0          0         68   strcpy.o
        14          0          0          0          0         68   strlen.o
        24          0          0          0          0         76   strncpy.o
        36          0          0          0          0         80   strstr.o
        44          0          0          0          0         80   uidiv.o
        98          0          0          0          0         92   uldiv.o
        48          0          0          0          0         68   cdcmple.o
        48          0          0          0          0         68   cdrcmple.o
        56          0          0          0          0         88   d2f.o
       334          0          0          0          0        148   dadd.o
       222          0          0          0          0        100   ddiv.o
       186          0          0          0          0        176   depilogue.o
        50          0          0          0          0         76   dfixui.o
        48          0          0          0          0         68   dfixul.o
        34          0          0          0          0         76   dflti.o
        26          0          0          0          0         76   dfltui.o
        24          0          0          0          0         76   dfltul.o
       228          0          0          0          0         96   dmul.o
       162          0          0          0          0        100   dsqrt.o
        38          0          0          0          0         68   f2d.o
       110          0          0          0          0        168   fepilogue.o

    ----------------------------------------------------------------------
      6772        158         64          4          0       4084   Library Totals
         6          0          0          0          0          0   (incl. Padding)

    ----------------------------------------------------------------------

      Code (inc. data)   RO Data    RW Data    ZI Data      Debug   Library Name

       122          0          0          0          0        148   m_wm.l
      5030        158         64          4          0       2484   mc_w.l
      1614          0          0          0          0       1452   mf_w.l

    ----------------------------------------------------------------------
      6772        158         64          4          0       4084   Library Totals

    ----------------------------------------------------------------------

==============================================================================


      Code (inc. data)   RO Data    RW Data    ZI Data      Debug   

     53948       3384       6948        220       6300     429478   Grand Totals
     53948       3384       6948        220       6300     429478   ELF Image Totals
     53948       3384       6948        220          0          0   ROM Totals

==============================================================================

    Total RO  Size (Code + RO Data)                60896 (  59.47kB)
    Total RW  Size (RW Data + ZI Data)              6520 (   6.37kB)
    Total ROM Size (Code + RO Data + RW Data)      61116 (  59.68kB)

==============================================================================

