Component: ARM Compiler 5.06 update 7 (build 960) Tool: armlink [4d3601]

==============================================================================

Section Cross References

    main.o(.text) refers to _scanf_int.o(.text) for _scanf_int
    main.o(.text) refers to scanf_fp.o(.text) for _scanf_real
    main.o(.text) refers to esp8266.o(.text) for ESP8266_GetState
    main.o(.text) refers to seat_bsp.o(.text) for Seat_Radar_Get
    main.o(.text) refers to printf8.o(i.__0sprintf$8) for __2sprintf
    main.o(.text) refers to lcd.o(.text) for LCD_Fill
    main.o(.text) refers to text.o(.text) for Show_Str
    main.o(.text) refers to main.o(.bss) for g_app
    main.o(.text) refers to main.o(.data) for g_idle_occupy_alarm
    main.o(.text) refers to lcd.o(.bss) for lcddev
    main.o(.text) refers to lcd.o(.data) for POINT_COLOR
    main.o(.text) refers to strcpy.o(.text) for strcpy
    main.o(.text) refers to __0sscanf.o(.text) for __0sscanf
    main.o(.text) refers to memseta.o(.text) for __aeabi_memclr
    main.o(.text) refers to delay.o(.text) for GetSysMs
    main.o(.text) refers to esp8266.o(.data) for esp8266_remote_reset_flag
    main.o(.text) refers to esp8266.o(.bss) for esp8266_remote_msg
    main.o(.text) refers to touch.o(.data) for tp_dev
    main.o(.text) refers to misc.o(.text) for NVIC_PriorityGroupConfig
    main.o(.text) refers to usart.o(.text) for uart_init
    main.o(.text) refers to rfid_app.o(.text) for RFID_AppInit
    main.o(.text) refers to fontupd.o(.text) for font_init
    main.o(.text) refers to touch.o(.text) for TP_Init
    stm32f4xx_it.o(.text) refers to delay.o(.text) for Delay_TickInc
    system_stm32f4xx.o(.text) refers to system_stm32f4xx.o(.data) for SystemCoreClock
    lcd.o(.text) refers to delay.o(.text) for delay_us
    lcd.o(.text) refers to lcd.o(.bss) for lcddev
    lcd.o(.text) refers to dfltui.o(.text) for __aeabi_ui2d
    lcd.o(.text) refers to dmul.o(.text) for __aeabi_dmul
    lcd.o(.text) refers to dfixui.o(.text) for __aeabi_d2uiz
    lcd.o(.text) refers to lcd.o(.data) for POINT_COLOR
    lcd.o(.text) refers to stm32f4xx_rcc.o(.text) for RCC_AHB1PeriphClockCmd
    lcd.o(.text) refers to stm32f4xx_gpio.o(.text) for GPIO_Init
    lcd.o(.text) refers to stm32f4xx_fsmc.o(.text) for FSMC_NORSRAMInit
    lcd.o(.text) refers to printf8.o(i.__0printf$8) for __2printf
    lcd.o(.text) refers to lcd.o(.constdata) for asc2_1206
    spi.o(.text) refers to stm32f4xx_spi.o(.text) for SPI_I2S_GetFlagStatus
    spi.o(.text) refers to stm32f4xx_rcc.o(.text) for RCC_AHB1PeriphClockCmd
    spi.o(.text) refers to stm32f4xx_gpio.o(.text) for GPIO_Init
    fontupd.o(.text) refers to w25qxx.o(.text) for W25QXX_Init
    fontupd.o(.text) refers to delay.o(.text) for delay_ms
    fontupd.o(.text) refers to fontupd.o(.data) for FONTINFOADDR
    fontupd.o(.text) refers to fontupd.o(.bss) for ftinfo
    text.o(.text) refers to w25qxx.o(.text) for W25QXX_Read
    text.o(.text) refers to lcd.o(.text) for LCD_Fast_DrawPoint
    text.o(.text) refers to strlen.o(.text) for strlen
    text.o(.text) refers to fontupd.o(.bss) for ftinfo
    text.o(.text) refers to lcd.o(.data) for POINT_COLOR
    text.o(.text) refers to lcd.o(.bss) for lcddev
    w25qxx.o(.text) refers to spi.o(.text) for SPI1_ReadWriteByte
    w25qxx.o(.text) refers to stm32f4xx_rcc.o(.text) for RCC_AHB1PeriphClockCmd
    w25qxx.o(.text) refers to stm32f4xx_gpio.o(.text) for GPIO_Init
    w25qxx.o(.text) refers to printf8.o(i.__0printf$8) for __2printf
    w25qxx.o(.text) refers to delay.o(.text) for delay_us
    w25qxx.o(.text) refers to w25qxx.o(.data) for W25QXX_TYPE
    w25qxx.o(.text) refers to w25qxx.o(.bss) for W25QXX_BUFFER
    24cxx.o(.text) refers to myiic.o(.text) for IIC_Init
    24cxx.o(.text) refers to delay.o(.text) for delay_ms
    myiic.o(.text) refers to stm32f4xx_rcc.o(.text) for RCC_AHB1PeriphClockCmd
    myiic.o(.text) refers to stm32f4xx_gpio.o(.text) for GPIO_Init
    myiic.o(.text) refers to delay.o(.text) for delay_us
    ctiic.o(.text) refers to delay.o(.text) for delay_us
    ctiic.o(.text) refers to stm32f4xx_rcc.o(.text) for RCC_AHB1PeriphClockCmd
    ctiic.o(.text) refers to stm32f4xx_gpio.o(.text) for GPIO_Init
    ft5206.o(.text) refers to ctiic.o(.text) for CT_IIC_Start
    ft5206.o(.text) refers to stm32f4xx_rcc.o(.text) for RCC_AHB1PeriphClockCmd
    ft5206.o(.text) refers to stm32f4xx_gpio.o(.text) for GPIO_Init
    ft5206.o(.text) refers to delay.o(.text) for delay_ms
    ft5206.o(.text) refers to printf8.o(i.__0printf$8) for __2printf
    ft5206.o(.text) refers to gt9147.o(.text) for GT9147_RD_Reg
    ft5206.o(.text) refers to strcmp.o(.text) for strcmp
    ft5206.o(.text) refers to ft5206.o(.data) for CIP
    ft5206.o(.text) refers to touch.o(.data) for tp_dev
    ft5206.o(.text) refers to ft5206.o(.constdata) for GT911_TPX_TBL
    ft5206.o(.text) refers to lcd.o(.bss) for lcddev
    gt9147.o(.text) refers to ctiic.o(.text) for CT_IIC_Start
[...]
    UI_ShowConfirmDialog                     0x08001711   Thumb Code   274  main.o(.text)
    App_HandleTouch                          0x08001823   Thumb Code   738  main.o(.text)
    UI_DrawSplashScreen                      0x08001b05   Thumb Code    98  main.o(.text)
    .text                                    0x08001dac   Section        0  stm32f4xx_it.o(.text)
    .text                                    0x08001dcc   Section        0  system_stm32f4xx.o(.text)
    SetSysClock                              0x08001dcd   Thumb Code   220  system_stm32f4xx.o(.text)
    .text                                    0x08001fdc   Section        0  lcd.o(.text)
    .text                                    0x08005c6c   Section        0  spi.o(.text)
    .text                                    0x08005d84   Section        0  fontupd.o(.text)
    .text                                    0x08005dcc   Section        0  text.o(.text)
    .text                                    0x080060a0   Section        0  w25qxx.o(.text)
    .text                                    0x08006428   Section        0  24cxx.o(.text)
    .text                                    0x080065a4   Section        0  myiic.o(.text)
    .text                                    0x08006800   Section        0  ctiic.o(.text)
    .text                                    0x08006a58   Section        0  ft5206.o(.text)
    .text                                    0x08006fec   Section        0  gt9147.o(.text)
    .text                                    0x08007514   Section        0  ott2001a.o(.text)
    .text                                    0x0800789c   Section        0  touch.o(.text)
    .text                                    0x08008a08   Section        0  rc522.o(.text)
    .text                                    0x08008e40   Section        0  rfid_app.o(.text)
    .text                                    0x08008ea4   Section        0  seat_bsp.o(.text)
    .text                                    0x08008ff0   Section        0  esp8266.o(.text)
    ESP8266_USART_Config                     0x08008ff1   Thumb Code   166  esp8266.o(.text)
    ESP8266_SendString                       0x080090cf   Thumb Code    38  esp8266.o(.text)
    ESP8266_ClearBuf                         0x080090f5   Thumb Code    12  esp8266.o(.text)
    AT_Send_Async                            0x08009101   Thumb Code    54  esp8266.o(.text)
    AT_Check_Status                          0x08009137   Thumb Code   102  esp8266.o(.text)
    extract_value                            0x08009207   Thumb Code    90  esp8266.o(.text)
    .text                                    0x08009870   Section       36  startup_stm32f40_41xxx.o(.text)
    $v0                                      0x08009870   Number         0  startup_stm32f40_41xxx.o(.text)
    .text                                    0x08009894   Section        0  misc.o(.text)
    .text                                    0x08009974   Section        0  stm32f4xx_adc.o(.text)
    .text                                    0x08009dd8   Section        0  stm32f4xx_fsmc.o(.text)
    .text                                    0x0800a3a0   Section        0  stm32f4xx_gpio.o(.text)
    .text                                    0x0800a634   Section        0  stm32f4xx_rcc.o(.text)
    .text                                    0x0800ac90   Section        0  stm32f4xx_spi.o(.text)
    .text                                    0x0800b110   Section        0  stm32f4xx_usart.o(.text)
    .text                                    0x0800b564   Section        0  delay.o(.text)
    .text                                    0x0800b610   Section        0  usart.o(.text)
    .text                                    0x0800b758   Section        0  memseta.o(.text)
    .text                                    0x0800b77c   Section        0  strstr.o(.text)
    .text                                    0x0800b7a0   Section        0  strncpy.o(.text)
    .text                                    0x0800b7b8   Section        0  strlen.o(.text)
    .text                                    0x0800b7c6   Section        0  strcmp.o(.text)
    .text                                    0x0800b7e2   Section        0  strcpy.o(.text)
    .text                                    0x0800b7f4   Section        0  __0sscanf.o(.text)
    .text                                    0x0800b82c   Section        0  _scanf_int.o(.text)
    .text                                    0x0800b978   Section        0  scanf_fp.o(.text)
    _fp_value                                0x0800b979   Thumb Code   296  scanf_fp.o(.text)
    .text                                    0x0800bcd8   Section        0  dadd.o(.text)
    .text                                    0x0800be26   Section        0  dmul.o(.text)
    .text                                    0x0800bf0a   Section        0  dflti.o(.text)
    .text                                    0x0800bf2c   Section        0  dfltui.o(.text)
    .text                                    0x0800bf46   Section        0  dfixui.o(.text)
    .text                                    0x0800bf78   Section        0  f2d.o(.text)
    .text                                    0x0800bfa0   Section       48  cdcmple.o(.text)
    .text                                    0x0800bfd0   Section       48  cdrcmple.o(.text)
    .text                                    0x0800c000   Section        0  uldiv.o(.text)
    .text                                    0x0800c062   Section        0  llshl.o(.text)
    .text                                    0x0800c080   Section        0  llushr.o(.text)
    .text                                    0x0800c0a0   Section        0  llsshr.o(.text)
    .text                                    0x0800c0c4   Section        0  _chval.o(.text)
    .text                                    0x0800c0e0   Section        0  scanf_char.o(.text)
    _scanf_char_input                        0x0800c0e1   Thumb Code    12  scanf_char.o(.text)
    .text                                    0x0800c108   Section        0  _sgetc.o(.text)
    .text                                    0x0800c148   Section        0  iusefp.o(.text)
    .text                                    0x0800c148   Section        0  depilogue.o(.text)
    .text                                    0x0800c202   Section        0  ddiv.o(.text)
    .text                                    0x0800c2e0   Section        0  dsqrt.o(.text)
    .text                                    0x0800c382   Section        0  dfltul.o(.text)
    .text                                    0x0800c39a   Section        0  d2f.o(.text)
    .text                                    0x0800c3d4   Section       36  init.o(.text)
    .text                                    0x0800c3f8   Section        0  isspace_c.o(.text)
    .text                                    0x0800c404   Section        0  _scanf.o(.text)
    .text                                    0x0800c734   Section        0  fepilogue.o(.text)
    .text                                    0x0800c7a4   Section        0  ctype_c.o(.text)
    i.__0printf$8                            0x0800c7cc   Section        0  printf8.o(i.__0printf$8)
    i.__0sprintf$8                           0x0800c7ec   Section        0  printf8.o(i.__0sprintf$8)
    i.__hardfp_sqrt                          0x0800c814   Section        0  sqrt.o(i.__hardfp_sqrt)
    i.__scatterload_copy                     0x0800c88e   Section       14  handlers.o(i.__scatterload_copy)
    i.__scatterload_null                     0x0800c89c   Section        2  handlers.o(i.__scatterload_null)
    i.__scatterload_zeroinit                 0x0800c89e   Section       14  handlers.o(i.__scatterload_zeroinit)
    i.__set_errno                            0x0800c8ac   Section        0  errno.o(i.__set_errno)
    i._is_digit                              0x0800c8b8   Section        0  scanf_fp.o(i._is_digit)
    i._printf_core                           0x0800c8c8   Section        0  printf8.o(i._printf_core)
    _printf_core                             0x0800c8c9   Thumb Code   984  printf8.o(i._printf_core)
    i._printf_post_padding                   0x0800cccc   Section        0  printf8.o(i._printf_post_padding)
    _printf_post_padding                     0x0800cccd   Thumb Code    36  printf8.o(i._printf_post_padding)
    i._printf_pre_padding                    0x0800ccf0   Section        0  printf8.o(i._printf_pre_padding)
    _printf_pre_padding                      0x0800ccf1   Thumb Code    46  printf8.o(i._printf_pre_padding)
    i._sputc                                 0x0800cd1e   Section        0  printf8.o(i._sputc)
    _sputc                                   0x0800cd1f   Thumb Code    10  printf8.o(i._sputc)
    .constdata                               0x0800cd28   Section     6080  lcd.o(.constdata)
    .constdata                               0x0800e4e8   Section       20  ft5206.o(.constdata)
    .constdata                               0x0800e4fc   Section      194  gt9147.o(.constdata)
    .constdata                               0x0800e5be   Section       10  ott2001a.o(.constdata)
    .constdata                               0x0800e5c8   Section        4  touch.o(.constdata)
    .constdata                               0x0800e5cc   Section       28  stm32f4xx_fsmc.o(.constdata)
    .constdata                               0x0800e5e8   Section       64  ctype_c.o(.constdata)
    .conststring                             0x0800e628   Section      121  touch.o(.conststring)
    .data                                    0x20000000   Section       36  main.o(.data)
    g_screen                                 0x20000000   Data           1  main.o(.data)
    g_confirm                                0x20000001   Data           1  main.o(.data)
    g_touch_down                             0x20000002   Data           1  main.o(.data)
    g_last_1s                                0x20000004   Data           4  main.o(.data)
    g_last_mqtt                              0x20000008   Data           4  main.o(.data)
    g_idle_human_seconds                     0x2000000c   Data           4  main.o(.data)
    g_idle_occupy_alarm                      0x20000010   Data           1  main.o(.data)
    g_smoke_alarm                            0x20000011   Data           1  main.o(.data)
    g_server_msg_secs                        0x20000012   Data           1  main.o(.data)
    g_wait_card_auth                         0x20000013   Data           1  main.o(.data)
    g_card_auth_tick                         0x20000014   Data           4  main.o(.data)
    g_inuse_nohuman_seconds                  0x20000018   Data           4  main.o(.data)
    publish_seq                              0x2000001c   Data           4  main.o(.data)
    g_card_cooldown_tick                     0x20000020   Data           4  main.o(.data)
    .data                                    0x20000024   Section       20  system_stm32f4xx.o(.data)
    .data                                    0x20000038   Section        4  lcd.o(.data)
    .data                                    0x2000003c   Section        4  fontupd.o(.data)
    .data                                    0x20000040   Section        2  w25qxx.o(.data)
    .data                                    0x20000042   Section        7  ft5206.o(.data)
    t                                        0x20000048   Data           1  ft5206.o(.data)
    .data                                    0x20000049   Section        1  gt9147.o(.data)
    t                                        0x20000049   Data           1  gt9147.o(.data)
    .data                                    0x2000004a   Section        1  ott2001a.o(.data)
    t                                        0x2000004a   Data           1  ott2001a.o(.data)
    .data                                    0x2000004c   Section       54  touch.o(.data)
    .data                                    0x20000084   Section       41  esp8266.o(.data)
    g_state_tick                             0x2000009c   Data           4  esp8266.o(.data)
    g_at_state                               0x200000a0   Data           1  esp8266.o(.data)
    g_at_timeout                             0x200000a4   Data           4  esp8266.o(.data)
    g_at_start_ms                            0x200000a8   Data           4  esp8266.o(.data)
    g_pub_pending                            0x200000ac   Data           1  esp8266.o(.data)
    .data                                    0x200000ad   Section       16  stm32f4xx_rcc.o(.data)
    APBAHBPrescTable                         0x200000ad   Data          16  stm32f4xx_rcc.o(.data)
    .data                                    0x200000c0   Section        8  delay.o(.data)
    s_ms                                     0x200000c0   Data           4  delay.o(.data)
    fac_us                                   0x200000c4   Data           4  delay.o(.data)
    .data                                    0x200000c8   Section        6  usart.o(.data)
    .data                                    0x200000d0   Section        4  errno.o(.data)
    _errno                                   0x200000d0   Data           4  errno.o(.data)
    .bss                                     0x200000d4   Section       52  main.o(.bss)
    g_app                                    0x200000d4   Data          52  main.o(.bss)
    .bss                                     0x20000108   Section       14  lcd.o(.bss)
    .bss                                     0x20000116   Section       33  fontupd.o(.bss)
    .bss                                     0x20000137   Section     4096  w25qxx.o(.bss)
    .bss                                     0x20001137   Section      880  esp8266.o(.bss)
    g_at_expect                              0x200013c7   Data          32  esp8266.o(.bss)
    g_pub_topic                              0x200013e7   Data          64  esp8266.o(.bss)
    g_pub_payload                            0x20001427   Data         128  esp8266.o(.bss)
    .bss                                     0x200014a7   Section      200  usart.o(.bss)
    STACK                                    0x20001570   Section     1024  startup_stm32f40_41xxx.o(STACK)

    Global Symbols

    Symbol Name                              Value     Ov Type        Size  Object(Section)

    BuildAttributes$$THM_ISAv4$E$P$D$K$B$S$7EM$VFPi3$EXTD16$VFPS$VFMA$PE$A:L22UL41UL21$X:L11$S22US41US21$IEEE1$IW$USESV6$~STKCKD$USESV7$~SHL$OTIME$ROPI$IEEEJ$EBA8$MICROLIB$REQ8$PRES8$EABIv2 0x00000000   Number         0  anon$$obj.o ABSOLUTE
    __ARM_use_no_argv                        0x00000000   Number         0  main.o ABSOLUTE
    __use_no_errno                           0x00000000   Number         0  useno.o ABSOLUTE
    __use_no_exception_handling              0x00000000   Number         0  useno.o ABSOLUTE
    __use_no_fp                              0x00000000   Number         0  useno.o ABSOLUTE
    __use_no_heap                            0x00000000   Number         0  useno.o ABSOLUTE
    __use_no_heap_region                     0x00000000   Number         0  useno.o ABSOLUTE
    __use_no_semihosting                     0x00000000   Number         0  useno.o ABSOLUTE
    __use_no_semihosting_swi                 0x00000000   Number         0  useno.o ABSOLUTE
    __use_no_signal_handling                 0x00000000   Number         0  useno.o ABSOLUTE
    _printf_a                                0x00000000   Number         0  stubs.o ABSOLUTE
    _printf_c                                0x00000000   Number         0  stubs.o ABSOLUTE
    _printf_charcount                        0x00000000   Number         0  stubs.o ABSOLUTE
    _printf_d                                0x00000000   Number         0  stubs.o ABSOLUTE
    _printf_e                                0x00000000   Number         0  stubs.o ABSOLUTE
    _printf_f                                0x00000000   Number         0  stubs.o ABSOLUTE
    _printf_flags                            0x00000000   Number         0  stubs.o ABSOLUTE
    _printf_fp_dec                           0x00000000   Number         0  stubs.o ABSOLUTE
    _printf_fp_hex                           0x00000000   Number         0  stubs.o ABSOLUTE
    _printf_g                                0x00000000   Number         0  stubs.o ABSOLUTE
    _printf_i                                0x00000000   Number         0  stubs.o ABSOLUTE
    _printf_int_dec                          0x00000000   Number         0  stubs.o ABSOLUTE
    _printf_l                                0x00000000   Number         0  stubs.o ABSOLUTE
    _printf_lc                               0x00000000   Number         0  stubs.o ABSOLUTE
    _printf_ll                               0x00000000   Number         0  stubs.o ABSOLUTE
    _printf_lld                              0x00000000   Number         0  stubs.o ABSOLUTE
    _printf_lli                              0x00000000   Number         0  stubs.o ABSOLUTE
    _printf_llo                              0x00000000   Number         0  stubs.o ABSOLUTE
    _printf_llu                              0x00000000   Number         0  stubs.o ABSOLUTE
    _printf_llx                              0x00000000   Number         0  stubs.o ABSOLUTE
    _printf_longlong_dec                     0x00000000   Number         0  stubs.o ABSOLUTE
    _printf_longlong_hex                     0x00000000   Number         0  stubs.o ABSOLUTE
    _printf_longlong_oct                     0x00000000   Number         0  stubs.o ABSOLUTE
    _printf_ls                               0x00000000   Number         0  stubs.o ABSOLUTE
    _printf_mbtowc                           0x00000000   Number         0  stubs.o ABSOLUTE
    _printf_n                                0x00000000   Number         0  stubs.o ABSOLUTE
    _printf_o                                0x00000000   Number         0  stubs.o ABSOLUTE
    _printf_p                                0x00000000   Number         0  stubs.o ABSOLUTE
    _printf_percent                          0x00000000   Number         0  stubs.o ABSOLUTE
    _printf_pre_padding                      0x00000000   Number         0  stubs.o ABSOLUTE
    _printf_return_value                     0x00000000   Number         0  stubs.o ABSOLUTE
    _printf_s                                0x00000000   Number         0  stubs.o ABSOLUTE
    _printf_sizespec                         0x00000000   Number         0  stubs.o ABSOLUTE
    _printf_str                              0x00000000   Number         0  stubs.o ABSOLUTE
    _printf_truncate_signed                  0x00000000   Number         0  stubs.o ABSOLUTE
    _printf_truncate_unsigned                0x00000000   Number         0  stubs.o ABSOLUTE
    _printf_u                                0x00000000   Number         0  stubs.o ABSOLUTE
    _printf_wc                               0x00000000   Number         0  stubs.o ABSOLUTE
    _printf_wctomb                           0x00000000   Number         0  stubs.o ABSOLUTE
    _printf_widthprec                        0x00000000   Number         0  stubs.o ABSOLUTE
    _printf_x                                0x00000000   Number         0  stubs.o ABSOLUTE
    __arm_fini_                               - Undefined Weak Reference
    __cpp_initialize__aeabi_                  - Undefined Weak Reference
    __cxa_finalize                            - Undefined Weak Reference
    __decompress                              - Undefined Weak Reference
    _clock_init                               - Undefined Weak Reference
    _microlib_exit                            - Undefined Weak Reference
    _scanf_longlong                           - Undefined Weak Reference
    _scanf_string                             - Undefined Weak Reference
    __Vectors_Size                           0x00000188   Number         0  startup_stm32f40_41xxx.o ABSOLUTE
    __Vectors                                0x08000000   Data           4  startup_stm32f40_41xxx.o(RESET)
    __Vectors_End                            0x08000188   Data           0  startup_stm32f40_41xxx.o(RESET)
    __main                                   0x08000189   Thumb Code     0  entry.o(.ARM.Collect$$$$00000000)
    _main_stk                                0x08000189   Thumb Code     0  entry2.o(.ARM.Collect$$$$00000001)
    _main_scatterload                        0x0800018d   Thumb Code     0  entry5.o(.ARM.Collect$$$$00000004)
    __main_after_scatterload                 0x08000191   Thumb Code     0  entry5.o(.ARM.Collect$$$$00000004)
    _main_clock                              0x08000191   Thumb Code     0  entry7b.o(.ARM.Collect$$$$00000008)
    _main_cpp_init                           0x08000191   Thumb Code     0  entry8b.o(.ARM.Collect$$$$0000000A)
    _main_init                               0x08000191   Thumb Code     0  entry9a.o(.ARM.Collect$$$$0000000B)
    __rt_lib_shutdown_fini                   0x08000199   Thumb Code     0  entry12b.o(.ARM.Collect$$$$0000000E)
    __rt_final_cpp                           0x0800019d   Thumb Code     0  entry10a.o(.ARM.Collect$$$$0000000F)
    __rt_final_exit                          0x0800019d   Thumb Code     0  entry11a.o(.ARM.Collect$$$$00000011)
    main                                     0x08001b67   Thumb Code   458  main.o(.text)
    NMI_Handler                              0x08001dad   Thumb Code     2  stm32f4xx_it.o(.text)
    HardFault_Handler                        0x08001daf   Thumb Code     4  stm32f4xx_it.o(.text)
    MemManage_Handler                        0x08001db3   Thumb Code     4  stm32f4xx_it.o(.text)
    BusFault_Handler                         0x08001db7   Thumb Code     4  stm32f4xx_it.o(.text)
    UsageFault_Handler                       0x08001dbb   Thumb Code     4  stm32f4xx_it.o(.text)
    SVC_Handler                              0x08001dbf   Thumb Code     2  stm32f4xx_it.o(.text)
    DebugMon_Handler                         0x08001dc1   Thumb Code     2  stm32f4xx_it.o(.text)
    PendSV_Handler                           0x08001dc3   Thumb Code     2  stm32f4xx_it.o(.text)
    SysTick_Handler                          0x08001dc5   Thumb Code     8  stm32f4xx_it.o(.text)
    SystemInit                               0x08001ea9   Thumb Code    88  system_stm32f4xx.o(.text)
    SystemCoreClockUpdate                    0x08001f01   Thumb Code   174  system_stm32f4xx.o(.text)
    LCD_WR_REG                               0x08001fdd   Thumb Code    18  lcd.o(.text)
    LCD_WR_DATA                              0x08001fef   Thumb Code    20  lcd.o(.text)
    LCD_RD_DATA                              0x08002003   Thumb Code    16  lcd.o(.text)
    LCD_WriteReg                             0x08002013   Thumb Code    14  lcd.o(.text)
    LCD_ReadReg                              0x08002021   Thumb Code    22  lcd.o(.text)
    LCD_WriteRAM_Prepare                     0x08002037   Thumb Code    10  lcd.o(.text)
    LCD_WriteRAM                             0x08002041   Thumb Code     8  lcd.o(.text)
    LCD_BGR2RGB                              0x08002049   Thumb Code    26  lcd.o(.text)
    opt_delay                                0x08002063   Thumb Code    14  lcd.o(.text)
    LCD_SetCursor                            0x08002071   Thumb Code   282  lcd.o(.text)
    LCD_ReadPoint                            0x0800218b   Thumb Code   148  lcd.o(.text)
    LCD_DisplayOn                            0x0800221f   Thumb Code    32  lcd.o(.text)
    LCD_DisplayOff                           0x0800223f   Thumb Code    32  lcd.o(.text)
    LCD_Scan_Dir                             0x0800225f   Thumb Code   582  lcd.o(.text)
    LCD_DrawPoint                            0x080024a5   Thumb Code    28  lcd.o(.text)
    LCD_Fast_DrawPoint                       0x080024c1   Thumb Code   238  lcd.o(.text)
    LCD_SSD_BackLightSet                     0x080025af   Thumb Code    88  lcd.o(.text)
    LCD_Display_Dir                          0x08002607   Thumb Code   360  lcd.o(.text)
    LCD_Set_Window                           0x0800276f   Thumb Code   384  lcd.o(.text)
    LCD_Clear                                0x080028ef   Thumb Code    42  lcd.o(.text)
    LCD_Init                                 0x08002919   Thumb Code 11808  lcd.o(.text)
    LCD_Fill                                 0x08005739   Thumb Code    82  lcd.o(.text)
    LCD_Color_Fill                           0x0800578b   Thumb Code    92  lcd.o(.text)
    LCD_DrawLine                             0x080057e7   Thumb Code   176  lcd.o(.text)
    LCD_DrawRectangle                        0x08005897   Thumb Code    60  lcd.o(.text)
    LCD_Draw_Circle                          0x080058d3   Thumb Code   152  lcd.o(.text)
    LCD_ShowChar                             0x0800596b   Thumb Code   284  lcd.o(.text)
    LCD_Pow                                  0x08005a87   Thumb Code    22  lcd.o(.text)
    LCD_ShowNum                              0x08005a9d   Thumb Code   148  lcd.o(.text)
    LCD_ShowxNum                             0x08005b31   Thumb Code   190  lcd.o(.text)
    LCD_ShowString                           0x08005bef   Thumb Code   102  lcd.o(.text)
    SPI1_ReadWriteByte                       0x08005c6d   Thumb Code    50  spi.o(.text)
    SPI1_Init                                0x08005c9f   Thumb Code   186  spi.o(.text)
    SPI1_SetSpeed                            0x08005d59   Thumb Code    36  spi.o(.text)
    font_init                                0x08005d85   Thumb Code    64  fontupd.o(.text)
    Get_HzMat                                0x08005dcd   Thumb Code   220  text.o(.text)
    Show_Font                                0x08005ea9   Thumb Code   190  text.o(.text)
    Show_Str                                 0x08005f67   Thumb Code   192  text.o(.text)
    Show_Str_Mid                             0x08006027   Thumb Code   106  text.o(.text)
    W25QXX_ReadID                            0x080060a1   Thumb Code    64  w25qxx.o(.text)
    W25QXX_Init                              0x080060e1   Thumb Code   102  w25qxx.o(.text)
    W25QXX_ReadSR                            0x08006147   Thumb Code    36  w25qxx.o(.text)
    W25QXX_Write_SR                          0x0800616b   Thumb Code    32  w25qxx.o(.text)
    W25QXX_Write_Enable                      0x0800618b   Thumb Code    24  w25qxx.o(.text)
    W25QXX_Write_Disable                     0x080061a3   Thumb Code    24  w25qxx.o(.text)
    W25QXX_Read                              0x080061bb   Thumb Code    74  w25qxx.o(.text)
    W25QXX_Wait_Busy                         0x08006205   Thumb Code    18  w25qxx.o(.text)
    W25QXX_Write_Page                        0x08006217   Thumb Code    80  w25qxx.o(.text)
    W25QXX_Write_NoCheck                     0x08006267   Thumb Code    70  w25qxx.o(.text)
    W25QXX_Erase_Sector                      0x080062ad   Thumb Code    70  w25qxx.o(.text)
    W25QXX_Write                             0x080062f3   Thumb Code   180  w25qxx.o(.text)
    W25QXX_Erase_Chip                        0x080063a7   Thumb Code    36  w25qxx.o(.text)
    W25QXX_PowerDown                         0x080063cb   Thumb Code    30  w25qxx.o(.text)
    W25QXX_WAKEUP                            0x080063e9   Thumb Code    30  w25qxx.o(.text)
    AT24CXX_Init                             0x08006429   Thumb Code     8  24cxx.o(.text)
    AT24CXX_ReadOneByte                      0x08006431   Thumb Code    88  24cxx.o(.text)
    AT24CXX_WriteOneByte                     0x08006489   Thumb Code    80  24cxx.o(.text)
    AT24CXX_WriteLenByte                     0x080064d9   Thumb Code    42  24cxx.o(.text)
    AT24CXX_ReadLenByte                      0x08006503   Thumb Code    44  24cxx.o(.text)
    AT24CXX_Check                            0x0800652f   Thumb Code    46  24cxx.o(.text)
    AT24CXX_Read                             0x0800655d   Thumb Code    34  24cxx.o(.text)
    AT24CXX_Write                            0x0800657f   Thumb Code    36  24cxx.o(.text)
    IIC_Init                                 0x080065a5   Thumb Code    62  myiic.o(.text)
    IIC_Start                                0x080065e3   Thumb Code    68  myiic.o(.text)
    IIC_Stop                                 0x08006627   Thumb Code    62  myiic.o(.text)
    IIC_Wait_Ack                             0x08006665   Thumb Code    82  myiic.o(.text)
    IIC_Ack                                  0x080066b7   Thumb Code    66  myiic.o(.text)
    IIC_NAck                                 0x080066f9   Thumb Code    66  myiic.o(.text)
    IIC_Send_Byte                            0x0800673b   Thumb Code    90  myiic.o(.text)
    IIC_Read_Byte                            0x08006795   Thumb Code    94  myiic.o(.text)
    CT_Delay                                 0x08006801   Thumb Code    10  ctiic.o(.text)
    CT_IIC_Init                              0x0800680b   Thumb Code    60  ctiic.o(.text)
    CT_IIC_Start                             0x08006847   Thumb Code    62  ctiic.o(.text)
    CT_IIC_Stop                              0x08006885   Thumb Code    56  ctiic.o(.text)
    CT_IIC_Wait_Ack                          0x080068bd   Thumb Code    78  ctiic.o(.text)
    CT_IIC_Ack                               0x0800690b   Thumb Code    66  ctiic.o(.text)
    CT_IIC_NAck                              0x0800694d   Thumb Code    66  ctiic.o(.text)
    CT_IIC_Send_Byte                         0x0800698f   Thumb Code    82  ctiic.o(.text)
    CT_IIC_Read_Byte                         0x080069e1   Thumb Code    96  ctiic.o(.text)
    FT5206_WR_Reg                            0x08006a59   Thumb Code    82  ft5206.o(.text)
    FT5206_RD_Reg                            0x08006aab   Thumb Code    88  ft5206.o(.text)
    FT5206_Init                              0x08006b03   Thumb Code   316  ft5206.o(.text)
    FT5206_Scan                              0x08006c3f   Thumb Code   934  ft5206.o(.text)
    GT9147_WR_Reg                            0x08006fed   Thumb Code    92  gt9147.o(.text)
    GT9147_Send_Cfg                          0x08007049   Thumb Code    86  gt9147.o(.text)
    GT9147_RD_Reg                            0x0800709f   Thumb Code    98  gt9147.o(.text)
    GT9147_Init                              0x08007101   Thumb Code   292  gt9147.o(.text)
    GT9147_Scan                              0x08007225   Thumb Code   744  gt9147.o(.text)
    OTT2001A_WR_Reg                          0x08007515   Thumb Code    92  ott2001a.o(.text)
    OTT2001A_RD_Reg                          0x08007571   Thumb Code    98  ott2001a.o(.text)
    OTT2001A_SensorControl                   0x080075d3   Thumb Code    28  ott2001a.o(.text)
    OTT2001A_Init                            0x080075ef   Thumb Code   142  ott2001a.o(.text)
    OTT2001A_Scan                            0x0800767d   Thumb Code   478  ott2001a.o(.text)
    TP_Write_Byte                            0x0800789d   Thumb Code    64  touch.o(.text)
    TP_Read_AD                               0x080078dd   Thumb Code   132  touch.o(.text)
    TP_Read_XOY                              0x08007961   Thumb Code   120  touch.o(.text)
    TP_Read_XY                               0x080079d9   Thumb Code    38  touch.o(.text)
    TP_Read_XY2                              0x080079ff   Thumb Code   192  touch.o(.text)
    TP_Drow_Touch_Point                      0x08007abf   Thumb Code   108  touch.o(.text)
    TP_Draw_Big_Point                        0x08007b2b   Thumb Code    54  touch.o(.text)
    TP_Scan                                  0x08007b61   Thumb Code   244  touch.o(.text)
    TP_Save_Adjdata                          0x08007c55   Thumb Code   166  touch.o(.text)
    TP_Get_Adjdata                           0x08007cfb   Thumb Code   160  touch.o(.text)
    TP_Adj_Info_Show                         0x08007d9b   Thumb Code   374  touch.o(.text)
    TP_Adjust                                0x08007f11   Thumb Code  2290  touch.o(.text)
    TP_Init                                  0x08008803   Thumb Code   428  touch.o(.text)
    RC522_SPI_WriteByte                      0x08008a09   Thumb Code    74  rc522.o(.text)
    RC522_SPI_ReadByte                       0x08008a53   Thumb Code    66  rc522.o(.text)
    Write_Raw_RC                             0x08008a95   Thumb Code    44  rc522.o(.text)
    Read_Raw_RC                              0x08008ac1   Thumb Code    48  rc522.o(.text)
    SetBitMask                               0x08008af1   Thumb Code    28  rc522.o(.text)
    ClearBitMask                             0x08008b0d   Thumb Code    28  rc522.o(.text)
    PcdAntennaOn                             0x08008b29   Thumb Code    26  rc522.o(.text)
    PcdAntennaOff                            0x08008b43   Thumb Code    12  rc522.o(.text)
    PcdReset                                 0x08008b4f   Thumb Code    82  rc522.o(.text)
    RC522_Init                               0x08008ba1   Thumb Code   170  rc522.o(.text)
    PcdComMF522                              0x08008c4b   Thumb Code   290  rc522.o(.text)
    PcdRequest                               0x08008d6d   Thumb Code    92  rc522.o(.text)
    PcdAnticoll                              0x08008dc9   Thumb Code   120  rc522.o(.text)
    RFID_AppInit                             0x08008e41   Thumb Code    12  rfid_app.o(.text)
    RFID_CheckCard                           0x08008e4d   Thumb Code    54  rfid_app.o(.text)
    Seat_BSP_Init                            0x08008ea5   Thumb Code   178  seat_bsp.o(.text)
    Seat_Radar_Get                           0x08008f57   Thumb Code    20  seat_bsp.o(.text)
    Seat_Smoke_GetRaw                        0x08008f6b   Thumb Code    42  seat_bsp.o(.text)
    Seat_PC_Set                              0x08008f95   Thumb Code    26  seat_bsp.o(.text)
    Seat_Light_Set                           0x08008faf   Thumb Code    26  seat_bsp.o(.text)
    Seat_Buzzer_Set                          0x08008fc9   Thumb Code    26  seat_bsp.o(.text)
    USART3_IRQHandler                        0x08009097   Thumb Code    56  esp8266.o(.text)
    ESP8266_Init_Async                       0x0800919d   Thumb Code    32  esp8266.o(.text)
    ESP8266_GetState                         0x080091bd   Thumb Code     6  esp8266.o(.text)
    ESP8266_MQTT_Pub_Async                   0x080091c3   Thumb Code    68  esp8266.o(.text)
    ESP8266_CheckRemoteCmd                   0x08009261   Thumb Code   376  esp8266.o(.text)
    ESP8266_Poll                             0x080093d9   Thumb Code   804  esp8266.o(.text)
    ESP8266_DebugDump                        0x080096fd   Thumb Code     2  esp8266.o(.text)
    Reset_Handler                            0x08009871   Thumb Code     8  startup_stm32f40_41xxx.o(.text)
    ADC_IRQHandler                           0x0800988b   Thumb Code     0  startup_stm32f40_41xxx.o(.text)
    CAN1_RX0_IRQHandler                      0x0800988b   Thumb Code     0  startup_stm32f40_41xxx.o(.text)
    CAN1_RX1_IRQHandler                      0x0800988b   Thumb Code     0  startup_stm32f40_41xxx.o(.text)
    CAN1_SCE_IRQHandler                      0x0800988b   Thumb Code     0  startup_stm32f40_41xxx.o(.text)
    CAN1_TX_IRQHandler                       0x0800988b   Thumb Code     0  startup_stm32f40_41xxx.o(.text)
    CAN2_RX0_IRQHandler                      0x0800988b   Thumb Code     0  startup_stm32f40_41xxx.o(.text)
    CAN2_RX1_IRQHandler                      0x0800988b   Thumb Code     0  startup_stm32f40_41xxx.o(.text)
    CAN2_SCE_IRQHandler                      0x0800988b   Thumb Code     0  startup_stm32f40_41xxx.o(.text)
    CAN2_TX_IRQHandler                       0x0800988b   Thumb Code     0  startup_stm32f40_41xxx.o(.text)
    CRYP_IRQHandler                          0x0800988b   Thumb Code     0  startup_stm32f40_41xxx.o(.text)
    DCMI_IRQHandler                          0x0800988b   Thumb Code     0  startup_stm32f40_41xxx.o(.text)
    DMA1_Stream0_IRQHandler                  0x0800988b   Thumb Code     0  startup_stm32f40_41xxx.o(.text)
    DMA1_Stream1_IRQHandler                  0x0800988b   Thumb Code     0  startup_stm32f40_41xxx.o(.text)
    DMA1_Stream2_IRQHandler                  0x0800988b   Thumb Code     0  startup_stm32f40_41xxx.o(.text)
    DMA1_Stream3_IRQHandler                  0x0800988b   Thumb Code     0  startup_stm32f40_41xxx.o(.text)
    DMA1_Stream4_IRQHandler                  0x0800988b   Thumb Code     0  startup_stm32f40_41xxx.o(.text)
    DMA1_Stream5_IRQHandler                  0x0800988b   Thumb Code     0  startup_stm32f40_41xxx.o(.text)
    DMA1_Stream6_IRQHandler                  0x0800988b   Thumb Code     0  startup_stm32f40_41xxx.o(.text)
    DMA1_Stream7_IRQHandler                  0x0800988b   Thumb Code     0  startup_stm32f40_41xxx.o(.text)
    DMA2_Stream0_IRQHandler                  0x0800988b   Thumb Code     0  startup_stm32f40_41xxx.o(.text)
    DMA2_Stream1_IRQHandler                  0x0800988b   Thumb Code     0  startup_stm32f40_41xxx.o(.text)
    DMA2_Stream2_IRQHandler                  0x0800988b   Thumb Code     0  startup_stm32f40_41xxx.o(.text)
    DMA2_Stream3_IRQHandler                  0x0800988b   Thumb Code     0  startup_stm32f40_41xxx.o(.text)
    DMA2_Stream4_IRQHandler                  0x0800988b   Thumb Code     0  startup_stm32f40_41xxx.o(.text)
    DMA2_Stream5_IRQHandler                  0x0800988b   Thumb Code     0  startup_stm32f40_41xxx.o(.text)
    DMA2_Stream6_IRQHandler                  0x0800988b   Thumb Code     0  startup_stm32f40_41xxx.o(.text)
    DMA2_Stream7_IRQHandler                  0x0800988b   Thumb Code     0  startup_stm32f40_41xxx.o(.text)
    ETH_IRQHandler                           0x0800988b   Thumb Code     0  startup_stm32f40_41xxx.o(.text)
    ETH_WKUP_IRQHandler                      0x0800988b   Thumb Code     0  startup_stm32f40_41xxx.o(.text)
    EXTI0_IRQHandler                         0x0800988b   Thumb Code     0  startup_stm32f40_41xxx.o(.text)
    EXTI15_10_IRQHandler                     0x0800988b   Thumb Code     0  startup_stm32f40_41xxx.o(.text)
    EXTI1_IRQHandler                         0x0800988b   Thumb Code     0  startup_stm32f40_41xxx.o(.text)
    EXTI2_IRQHandler                         0x0800988b   Thumb Code     0  startup_stm32f40_41xxx.o(.text)
    EXTI3_IRQHandler                         0x0800988b   Thumb Code     0  startup_stm32f40_41xxx.o(.text)
    EXTI4_IRQHandler                         0x0800988b   Thumb Code     0  startup_stm32f40_41xxx.o(.text)
    EXTI9_5_IRQHandler                       0x0800988b   Thumb Code     0  startup_stm32f40_41xxx.o(.text)
    FLASH_IRQHandler                         0x0800988b   Thumb Code     0  startup_stm32f40_41xxx.o(.text)
    FPU_IRQHandler                           0x0800988b   Thumb Code     0  startup_stm32f40_41xxx.o(.text)
    FSMC_IRQHandler                          0x0800988b   Thumb Code     0  startup_stm32f40_41xxx.o(.text)
    HASH_RNG_IRQHandler                      0x0800988b   Thumb Code     0  startup_stm32f40_41xxx.o(.text)
    I2C1_ER_IRQHandler                       0x0800988b   Thumb Code     0  startup_stm32f40_41xxx.o(.text)
    I2C1_EV_IRQHandler                       0x0800988b   Thumb Code     0  startup_stm32f40_41xxx.o(.text)
    I2C2_ER_IRQHandler                       0x0800988b   Thumb Code     0  startup_stm32f40_41xxx.o(.text)
    I2C2_EV_IRQHandler                       0x0800988b   Thumb Code     0  startup_stm32f40_41xxx.o(.text)
    I2C3_ER_IRQHandler                       0x0800988b   Thumb Code     0  startup_stm32f40_41xxx.o(.text)
    I2C3_EV_IRQHandler                       0x0800988b   Thumb Code     0  startup_stm32f40_41xxx.o(.text)
    OTG_FS_IRQHandler                        0x0800988b   Thumb Code     0  startup_stm32f40_41xxx.o(.text)
    OTG_FS_WKUP_IRQHandler                   0x0800988b   Thumb Code     0  startup_stm32f40_41xxx.o(.text)
    OTG_HS_EP1_IN_IRQHandler                 0x0800988b   Thumb Code     0  startup_stm32f40_41xxx.o(.text)
    OTG_HS_EP1_OUT_IRQHandler                0x0800988b   Thumb Code     0  startup_stm32f40_41xxx.o(.text)
    OTG_HS_IRQHandler                        0x0800988b   Thumb Code     0  startup_stm32f40_41xxx.o(.text)
    OTG_HS_WKUP_IRQHandler                   0x0800988b   Thumb Code     0  startup_stm32f40_41xxx.o(.text)
    PVD_IRQHandler                           0x0800988b   Thumb Code     0  startup_stm32f40_41xxx.o(.text)
    RCC_IRQHandler                           0x0800988b   Thumb Code     0  startup_stm32f40_41xxx.o(.text)
    RTC_Alarm_IRQHandler                     0x0800988b   Thumb Code     0  startup_stm32f40_41xxx.o(.text)
    RTC_WKUP_IRQHandler                      0x0800988b   Thumb Code     0  startup_stm32f40_41xxx.o(.text)
    SDIO_IRQHandler                          0x0800988b   Thumb Code     0  startup_stm32f40_41xxx.o(.text)
    SPI1_IRQHandler                          0x0800988b   Thumb Code     0  startup_stm32f40_41xxx.o(.text)
    SPI2_IRQHandler                          0x0800988b   Thumb Code     0  startup_stm32f40_41xxx.o(.text)
    SPI3_IRQHandler                          0x0800988b   Thumb Code     0  startup_stm32f40_41xxx.o(.text)
    TAMP_STAMP_IRQHandler                    0x0800988b   Thumb Code     0  startup_stm32f40_41xxx.o(.text)
    TIM1_BRK_TIM9_IRQHandler                 0x0800988b   Thumb Code     0  startup_stm32f40_41xxx.o(.text)
    TIM1_CC_IRQHandler                       0x0800988b   Thumb Code     0  startup_stm32f40_41xxx.o(.text)
    TIM1_TRG_COM_TIM11_IRQHandler            0x0800988b   Thumb Code     0  startup_stm32f40_41xxx.o(.text)
    TIM1_UP_TIM10_IRQHandler                 0x0800988b   Thumb Code     0  startup_stm32f40_41xxx.o(.text)
    TIM2_IRQHandler                          0x0800988b   Thumb Code     0  startup_stm32f40_41xxx.o(.text)
    TIM3_IRQHandler                          0x0800988b   Thumb Code     0  startup_stm32f40_41xxx.o(.text)
    TIM4_IRQHandler                          0x0800988b   Thumb Code     0  startup_stm32f40_41xxx.o(.text)
    TIM5_IRQHandler                          0x0800988b   Thumb Code     0  startup_stm32f40_41xxx.o(.text)
    TIM6_DAC_IRQHandler                      0x0800988b   Thumb Code     0  startup_stm32f40_41xxx.o(.text)
    TIM7_IRQHandler                          0x0800988b   Thumb Code     0  startup_stm32f40_41xxx.o(.text)
    TIM8_BRK_TIM12_IRQHandler                0x0800988b   Thumb Code     0  startup_stm32f40_41xxx.o(.text)
    TIM8_CC_IRQHandler                       0x0800988b   Thumb Code     0  startup_stm32f40_41xxx.o(.text)
    TIM8_TRG_COM_TIM14_IRQHandler            0x0800988b   Thumb Code     0  startup_stm32f40_41xxx.o(.text)
    TIM8_UP_TIM13_IRQHandler                 0x0800988b   Thumb Code     0  startup_stm32f40_41xxx.o(.text)
    UART4_IRQHandler                         0x0800988b   Thumb Code     0  startup_stm32f40_41xxx.o(.text)
    UART5_IRQHandler                         0x0800988b   Thumb Code     0  startup_stm32f40_41xxx.o(.text)
    USART2_IRQHandler                        0x0800988b   Thumb Code     0  startup_stm32f40_41xxx.o(.text)
    USART6_IRQHandler                        0x0800988b   Thumb Code     0  startup_stm32f40_41xxx.o(.text)
    WWDG_IRQHandler                          0x0800988b   Thumb Code     0  startup_stm32f40_41xxx.o(.text)
    NVIC_PriorityGroupConfig                 0x08009895   Thumb Code    10  misc.o(.text)
    NVIC_Init                                0x0800989f   Thumb Code   106  misc.o(.text)
    NVIC_SetVectorTable                      0x08009909   Thumb Code    14  misc.o(.text)
    NVIC_SystemLPConfig                      0x08009917   Thumb Code    34  misc.o(.text)
    SysTick_CLKSourceConfig                  0x08009939   Thumb Code    40  misc.o(.text)
    ADC_DeInit                               0x08009975   Thumb Code    22  stm32f4xx_adc.o(.text)
    ADC_Init                                 0x0800998b   Thumb Code    74  stm32f4xx_adc.o(.text)
    ADC_StructInit                           0x080099d5   Thumb Code    20  stm32f4xx_adc.o(.text)
    ADC_CommonInit                           0x080099e9   Thumb Code    34  stm32f4xx_adc.o(.text)
    ADC_CommonStructInit                     0x08009a0b   Thumb Code    12  stm32f4xx_adc.o(.text)
    ADC_Cmd                                  0x08009a17   Thumb Code    22  stm32f4xx_adc.o(.text)
    ADC_AnalogWatchdogCmd                    0x08009a2d   Thumb Code    16  stm32f4xx_adc.o(.text)
    ADC_AnalogWatchdogThresholdsConfig       0x08009a3d   Thumb Code     6  stm32f4xx_adc.o(.text)
    ADC_AnalogWatchdogSingleChannelConfig    0x08009a43   Thumb Code    16  stm32f4xx_adc.o(.text)
    ADC_TempSensorVrefintCmd                 0x08009a53   Thumb Code    34  stm32f4xx_adc.o(.text)
    ADC_VBATCmd                              0x08009a75   Thumb Code    34  stm32f4xx_adc.o(.text)
    ADC_RegularChannelConfig                 0x08009a97   Thumb Code   184  stm32f4xx_adc.o(.text)
    ADC_SoftwareStartConv                    0x08009b4f   Thumb Code    10  stm32f4xx_adc.o(.text)
    ADC_GetSoftwareStartConvStatus           0x08009b59   Thumb Code    20  stm32f4xx_adc.o(.text)
    ADC_EOCOnEachRegularChannelCmd           0x08009b6d   Thumb Code    22  stm32f4xx_adc.o(.text)
    ADC_ContinuousModeCmd                    0x08009b83   Thumb Code    22  stm32f4xx_adc.o(.text)
    ADC_DiscModeChannelCountConfig           0x08009b99   Thumb Code    24  stm32f4xx_adc.o(.text)
    ADC_DiscModeCmd                          0x08009bb1   Thumb Code    22  stm32f4xx_adc.o(.text)
    ADC_GetConversionValue                   0x08009bc7   Thumb Code     8  stm32f4xx_adc.o(.text)
    ADC_GetMultiModeConversionValue          0x08009bcf   Thumb Code     8  stm32f4xx_adc.o(.text)
    ADC_DMACmd                               0x08009bd7   Thumb Code    22  stm32f4xx_adc.o(.text)
    ADC_DMARequestAfterLastTransferCmd       0x08009bed   Thumb Code    22  stm32f4xx_adc.o(.text)
    ADC_MultiModeDMARequestAfterLastTransferCmd 0x08009c03   Thumb Code    34  stm32f4xx_adc.o(.text)
    ADC_InjectedChannelConfig                0x08009c25   Thumb Code   130  stm32f4xx_adc.o(.text)
    ADC_InjectedSequencerLengthConfig        0x08009ca7   Thumb Code    24  stm32f4xx_adc.o(.text)
    ADC_SetInjectedOffset                    0x08009cbf   Thumb Code    20  stm32f4xx_adc.o(.text)
    ADC_ExternalTrigInjectedConvConfig       0x08009cd3   Thumb Code    16  stm32f4xx_adc.o(.text)
    ADC_ExternalTrigInjectedConvEdgeConfig   0x08009ce3   Thumb Code    16  stm32f4xx_adc.o(.text)
    ADC_SoftwareStartInjectedConv            0x08009cf3   Thumb Code    10  stm32f4xx_adc.o(.text)
    ADC_GetSoftwareStartInjectedConvCmdStatus 0x08009cfd   Thumb Code    20  stm32f4xx_adc.o(.text)
    ADC_AutoInjectedConvCmd                  0x08009d11   Thumb Code    22  stm32f4xx_adc.o(.text)
    ADC_InjectedDiscModeCmd                  0x08009d27   Thumb Code    22  stm32f4xx_adc.o(.text)
    ADC_GetInjectedConversionValue           0x08009d3d   Thumb Code    28  stm32f4xx_adc.o(.text)
    ADC_ITConfig                             0x08009d59   Thumb Code    56  stm32f4xx_adc.o(.text)
    ADC_GetFlagStatus                        0x08009d91   Thumb Code    18  stm32f4xx_adc.o(.text)
    ADC_ClearFlag                            0x08009da3   Thumb Code     6  stm32f4xx_adc.o(.text)
    ADC_GetITStatus                          0x08009da9   Thumb Code    38  stm32f4xx_adc.o(.text)
    ADC_ClearITPendingBit                    0x08009dcf   Thumb Code    10  stm32f4xx_adc.o(.text)
    FSMC_NORSRAMDeInit                       0x08009dd9   Thumb Code    54  stm32f4xx_fsmc.o(.text)
    FSMC_NORSRAMInit                         0x08009e0f   Thumb Code   230  stm32f4xx_fsmc.o(.text)
    FSMC_NORSRAMStructInit                   0x08009ef5   Thumb Code    48  stm32f4xx_fsmc.o(.text)
    FSMC_NORSRAMCmd                          0x08009f25   Thumb Code    46  stm32f4xx_fsmc.o(.text)
    FSMC_NANDDeInit                          0x08009f53   Thumb Code    62  stm32f4xx_fsmc.o(.text)
    FSMC_NANDInit                            0x08009f91   Thumb Code   132  stm32f4xx_fsmc.o(.text)
    FSMC_NANDStructInit                      0x0800a015   Thumb Code    54  stm32f4xx_fsmc.o(.text)
    FSMC_NANDCmd                             0x0800a04b   Thumb Code    86  stm32f4xx_fsmc.o(.text)
    FSMC_NANDECCCmd                          0x0800a0a1   Thumb Code    86  stm32f4xx_fsmc.o(.text)
    FSMC_GetECC                              0x0800a0f7   Thumb Code    24  stm32f4xx_fsmc.o(.text)
    FSMC_PCCARDDeInit                        0x0800a10f   Thumb Code    36  stm32f4xx_fsmc.o(.text)
    FSMC_PCCARDInit                          0x0800a133   Thumb Code   130  stm32f4xx_fsmc.o(.text)
    FSMC_PCCARDStructInit                    0x0800a1b5   Thumb Code    60  stm32f4xx_fsmc.o(.text)
    FSMC_PCCARDCmd                           0x0800a1f1   Thumb Code    44  stm32f4xx_fsmc.o(.text)
    FSMC_ITConfig                            0x0800a21d   Thumb Code   128  stm32f4xx_fsmc.o(.text)
    FSMC_GetFlagStatus                       0x0800a29d   Thumb Code    54  stm32f4xx_fsmc.o(.text)
    FSMC_ClearFlag                           0x0800a2d3   Thumb Code    74  stm32f4xx_fsmc.o(.text)
    FSMC_GetITStatus                         0x0800a31d   Thumb Code    62  stm32f4xx_fsmc.o(.text)
    FSMC_ClearITPendingBit                   0x0800a35b   Thumb Code    66  stm32f4xx_fsmc.o(.text)
    GPIO_DeInit                              0x0800a3a1   Thumb Code   268  stm32f4xx_gpio.o(.text)
    GPIO_Init                                0x0800a4ad   Thumb Code   144  stm32f4xx_gpio.o(.text)
    GPIO_StructInit                          0x0800a53d   Thumb Code    18  stm32f4xx_gpio.o(.text)
    GPIO_PinLockConfig                       0x0800a54f   Thumb Code    34  stm32f4xx_gpio.o(.text)
    GPIO_ReadInputDataBit                    0x0800a571   Thumb Code    18  stm32f4xx_gpio.o(.text)
    GPIO_ReadInputData                       0x0800a583   Thumb Code     8  stm32f4xx_gpio.o(.text)
    GPIO_ReadOutputDataBit                   0x0800a58b   Thumb Code    18  stm32f4xx_gpio.o(.text)
    GPIO_ReadOutputData                      0x0800a59d   Thumb Code     8  stm32f4xx_gpio.o(.text)
    GPIO_SetBits                             0x0800a5a5   Thumb Code     4  stm32f4xx_gpio.o(.text)
    GPIO_ResetBits                           0x0800a5a9   Thumb Code     4  stm32f4xx_gpio.o(.text)
    GPIO_WriteBit                            0x0800a5ad   Thumb Code    10  stm32f4xx_gpio.o(.text)
    GPIO_Write                               0x0800a5b7   Thumb Code     4  stm32f4xx_gpio.o(.text)
    GPIO_ToggleBits                          0x0800a5bb   Thumb Code     8  stm32f4xx_gpio.o(.text)
    GPIO_PinAFConfig                         0x0800a5c3   Thumb Code    70  stm32f4xx_gpio.o(.text)
    RCC_DeInit                               0x0800a635   Thumb Code    82  stm32f4xx_rcc.o(.text)
    RCC_HSEConfig                            0x0800a687   Thumb Code    14  stm32f4xx_rcc.o(.text)
    RCC_GetFlagStatus                        0x0800a695   Thumb Code    60  stm32f4xx_rcc.o(.text)
    RCC_WaitForHSEStartUp                    0x0800a6d1   Thumb Code    56  stm32f4xx_rcc.o(.text)
    RCC_AdjustHSICalibrationValue            0x0800a709   Thumb Code    20  stm32f4xx_rcc.o(.text)
    RCC_HSICmd                               0x0800a71d   Thumb Code     6  stm32f4xx_rcc.o(.text)
    RCC_LSEConfig                            0x0800a723   Thumb Code    46  stm32f4xx_rcc.o(.text)
    RCC_LSICmd                               0x0800a751   Thumb Code     6  stm32f4xx_rcc.o(.text)
    RCC_PLLConfig                            0x0800a757   Thumb Code    32  stm32f4xx_rcc.o(.text)
    RCC_PLLCmd                               0x0800a777   Thumb Code     6  stm32f4xx_rcc.o(.text)
    RCC_PLLI2SConfig                         0x0800a77d   Thumb Code    14  stm32f4xx_rcc.o(.text)
    RCC_PLLI2SCmd                            0x0800a78b   Thumb Code     6  stm32f4xx_rcc.o(.text)
    RCC_PLLSAIConfig                         0x0800a791   Thumb Code    20  stm32f4xx_rcc.o(.text)
    RCC_PLLSAICmd                            0x0800a7a5   Thumb Code     6  stm32f4xx_rcc.o(.text)
    RCC_ClockSecuritySystemCmd               0x0800a7ab   Thumb Code     6  stm32f4xx_rcc.o(.text)
    RCC_MCO1Config                           0x0800a7b1   Thumb Code    28  stm32f4xx_rcc.o(.text)
    RCC_MCO2Config                           0x0800a7cd   Thumb Code    28  stm32f4xx_rcc.o(.text)
    RCC_SYSCLKConfig                         0x0800a7e9   Thumb Code    20  stm32f4xx_rcc.o(.text)
    RCC_GetSYSCLKSource                      0x0800a7fd   Thumb Code    12  stm32f4xx_rcc.o(.text)
    RCC_HCLKConfig                           0x0800a809   Thumb Code    20  stm32f4xx_rcc.o(.text)
    RCC_PCLK1Config                          0x0800a81d   Thumb Code    20  stm32f4xx_rcc.o(.text)
    RCC_PCLK2Config                          0x0800a831   Thumb Code    22  stm32f4xx_rcc.o(.text)
    RCC_GetClocksFreq                        0x0800a847   Thumb Code   222  stm32f4xx_rcc.o(.text)
    RCC_RTCCLKConfig                         0x0800a925   Thumb Code    54  stm32f4xx_rcc.o(.text)
    RCC_RTCCLKCmd                            0x0800a95b   Thumb Code     8  stm32f4xx_rcc.o(.text)
    RCC_BackupResetCmd                       0x0800a963   Thumb Code     8  stm32f4xx_rcc.o(.text)
    RCC_I2SCLKConfig                         0x0800a96b   Thumb Code     6  stm32f4xx_rcc.o(.text)
    RCC_SAIPLLI2SClkDivConfig                0x0800a971   Thumb Code    26  stm32f4xx_rcc.o(.text)
    RCC_SAIPLLSAIClkDivConfig                0x0800a98b   Thumb Code    28  stm32f4xx_rcc.o(.text)
    RCC_SAIBlockACLKConfig                   0x0800a9a7   Thumb Code    20  stm32f4xx_rcc.o(.text)
    RCC_SAIBlockBCLKConfig                   0x0800a9bb   Thumb Code    20  stm32f4xx_rcc.o(.text)
    RCC_LTDCCLKDivConfig                     0x0800a9cf   Thumb Code    20  stm32f4xx_rcc.o(.text)
    RCC_TIMCLKPresConfig                     0x0800a9e3   Thumb Code     6  stm32f4xx_rcc.o(.text)
    RCC_AHB1PeriphClockCmd                   0x0800a9e9   Thumb Code    34  stm32f4xx_rcc.o(.text)
    RCC_AHB2PeriphClockCmd                   0x0800aa0b   Thumb Code    78  stm32f4xx_rcc.o(.text)
    RCC_AHB3PeriphClockCmd                   0x0800aa59   Thumb Code    34  stm32f4xx_rcc.o(.text)
    RCC_APB1PeriphClockCmd                   0x0800aa7b   Thumb Code    34  stm32f4xx_rcc.o(.text)
    RCC_APB2PeriphClockCmd                   0x0800aa9d   Thumb Code    34  stm32f4xx_rcc.o(.text)
    RCC_AHB1PeriphResetCmd                   0x0800aabf   Thumb Code    34  stm32f4xx_rcc.o(.text)
    RCC_AHB2PeriphResetCmd                   0x0800aae1   Thumb Code    34  stm32f4xx_rcc.o(.text)
    RCC_AHB3PeriphResetCmd                   0x0800ab03   Thumb Code    34  stm32f4xx_rcc.o(.text)
    RCC_APB1PeriphResetCmd                   0x0800ab25   Thumb Code    34  stm32f4xx_rcc.o(.text)
    RCC_APB2PeriphResetCmd                   0x0800ab47   Thumb Code    34  stm32f4xx_rcc.o(.text)
    RCC_AHB1PeriphClockLPModeCmd             0x0800ab69   Thumb Code    34  stm32f4xx_rcc.o(.text)
    RCC_AHB2PeriphClockLPModeCmd             0x0800ab8b   Thumb Code    34  stm32f4xx_rcc.o(.text)
    RCC_AHB3PeriphClockLPModeCmd             0x0800abad   Thumb Code    34  stm32f4xx_rcc.o(.text)
    RCC_APB1PeriphClockLPModeCmd             0x0800abcf   Thumb Code    34  stm32f4xx_rcc.o(.text)
    RCC_APB2PeriphClockLPModeCmd             0x0800abf1   Thumb Code    34  stm32f4xx_rcc.o(.text)
    RCC_LSEModeConfig                        0x0800ac13   Thumb Code    40  stm32f4xx_rcc.o(.text)
    RCC_ITConfig                             0x0800ac3b   Thumb Code    34  stm32f4xx_rcc.o(.text)
    RCC_ClearFlag                            0x0800ac5d   Thumb Code    18  stm32f4xx_rcc.o(.text)
    RCC_GetITStatus                          0x0800ac6f   Thumb Code    22  stm32f4xx_rcc.o(.text)
    RCC_ClearITPendingBit                    0x0800ac85   Thumb Code     8  stm32f4xx_rcc.o(.text)
    SPI_I2S_DeInit                           0x0800ac91   Thumb Code   152  stm32f4xx_spi.o(.text)
    SPI_Init                                 0x0800ad29   Thumb Code    60  stm32f4xx_spi.o(.text)
    I2S_Init                                 0x0800ad65   Thumb Code   396  stm32f4xx_spi.o(.text)
    SPI_StructInit                           0x0800aef1   Thumb Code    24  stm32f4xx_spi.o(.text)
    I2S_StructInit                           0x0800af09   Thumb Code    20  stm32f4xx_spi.o(.text)
    SPI_Cmd                                  0x0800af1d   Thumb Code    24  stm32f4xx_spi.o(.text)
    I2S_Cmd                                  0x0800af35   Thumb Code    24  stm32f4xx_spi.o(.text)
    SPI_DataSizeConfig                       0x0800af4d   Thumb Code    18  stm32f4xx_spi.o(.text)
    SPI_BiDirectionalLineConfig              0x0800af5f   Thumb Code    28  stm32f4xx_spi.o(.text)
    SPI_NSSInternalSoftwareConfig            0x0800af7b   Thumb Code    30  stm32f4xx_spi.o(.text)
    SPI_SSOutputCmd                          0x0800af99   Thumb Code    24  stm32f4xx_spi.o(.text)
    SPI_TIModeCmd                            0x0800afb1   Thumb Code    24  stm32f4xx_spi.o(.text)
    I2S_FullDuplexConfig                     0x0800afc9   Thumb Code    80  stm32f4xx_spi.o(.text)
    SPI_I2S_ReceiveData                      0x0800b019   Thumb Code     6  stm32f4xx_spi.o(.text)
    SPI_I2S_SendData                         0x0800b01f   Thumb Code     4  stm32f4xx_spi.o(.text)
    SPI_CalculateCRC                         0x0800b023   Thumb Code    24  stm32f4xx_spi.o(.text)
    SPI_TransmitCRC                          0x0800b03b   Thumb Code    10  stm32f4xx_spi.o(.text)
    SPI_GetCRC                               0x0800b045   Thumb Code    16  stm32f4xx_spi.o(.text)
    SPI_GetCRCPolynomial                     0x0800b055   Thumb Code     6  stm32f4xx_spi.o(.text)
    SPI_I2S_DMACmd                           0x0800b05b   Thumb Code    18  stm32f4xx_spi.o(.text)
    SPI_I2S_ITConfig                         0x0800b06d   Thumb Code    68  stm32f4xx_spi.o(.text)
    SPI_I2S_GetFlagStatus                    0x0800b0b1   Thumb Code    18  stm32f4xx_spi.o(.text)
    SPI_I2S_ClearFlag                        0x0800b0c3   Thumb Code     6  stm32f4xx_spi.o(.text)
    SPI_I2S_GetITStatus                      0x0800b0c9   Thumb Code    52  stm32f4xx_spi.o(.text)
    SPI_I2S_ClearITPendingBit                0x0800b0fd   Thumb Code    20  stm32f4xx_spi.o(.text)
    USART_DeInit                             0x0800b111   Thumb Code   206  stm32f4xx_usart.o(.text)
    USART_Init                               0x0800b1df   Thumb Code   204  stm32f4xx_usart.o(.text)
    USART_StructInit                         0x0800b2ab   Thumb Code    24  stm32f4xx_usart.o(.text)
    USART_ClockInit                          0x0800b2c3   Thumb Code    32  stm32f4xx_usart.o(.text)
    USART_ClockStructInit                    0x0800b2e3   Thumb Code    12  stm32f4xx_usart.o(.text)
    USART_Cmd                                0x0800b2ef   Thumb Code    24  stm32f4xx_usart.o(.text)
    USART_SetPrescaler                       0x0800b307   Thumb Code    16  stm32f4xx_usart.o(.text)
    USART_OverSampling8Cmd                   0x0800b317   Thumb Code    22  stm32f4xx_usart.o(.text)
    USART_OneBitMethodCmd                    0x0800b32d   Thumb Code    24  stm32f4xx_usart.o(.text)
    USART_SendData                           0x0800b345   Thumb Code     8  stm32f4xx_usart.o(.text)
    USART_ReceiveData                        0x0800b34d   Thumb Code    10  stm32f4xx_usart.o(.text)
    USART_SetAddress                         0x0800b357   Thumb Code    18  stm32f4xx_usart.o(.text)
    USART_ReceiverWakeUpCmd                  0x0800b369   Thumb Code    24  stm32f4xx_usart.o(.text)
    USART_WakeUpConfig                       0x0800b381   Thumb Code    18  stm32f4xx_usart.o(.text)
    USART_LINBreakDetectLengthConfig         0x0800b393   Thumb Code    18  stm32f4xx_usart.o(.text)
    USART_LINCmd                             0x0800b3a5   Thumb Code    24  stm32f4xx_usart.o(.text)
    USART_SendBreak                          0x0800b3bd   Thumb Code    10  stm32f4xx_usart.o(.text)
    USART_HalfDuplexCmd                      0x0800b3c7   Thumb Code    24  stm32f4xx_usart.o(.text)
    USART_SetGuardTime                       0x0800b3df   Thumb Code    16  stm32f4xx_usart.o(.text)
    USART_SmartCardCmd                       0x0800b3ef   Thumb Code    24  stm32f4xx_usart.o(.text)
    USART_SmartCardNACKCmd                   0x0800b407   Thumb Code    24  stm32f4xx_usart.o(.text)
    USART_IrDAConfig                         0x0800b41f   Thumb Code    18  stm32f4xx_usart.o(.text)
    USART_IrDACmd                            0x0800b431   Thumb Code    24  stm32f4xx_usart.o(.text)
    USART_DMACmd                             0x0800b449   Thumb Code    18  stm32f4xx_usart.o(.text)
    USART_ITConfig                           0x0800b45b   Thumb Code    74  stm32f4xx_usart.o(.text)
    USART_GetFlagStatus                      0x0800b4a5   Thumb Code    26  stm32f4xx_usart.o(.text)
    USART_ClearFlag                          0x0800b4bf   Thumb Code    18  stm32f4xx_usart.o(.text)
    USART_GetITStatus                        0x0800b4d1   Thumb Code   118  stm32f4xx_usart.o(.text)
    USART_ClearITPendingBit                  0x0800b547   Thumb Code    30  stm32f4xx_usart.o(.text)
    delay_init                               0x0800b565   Thumb Code    86  delay.o(.text)
    Delay_TickInc                            0x0800b5bb   Thumb Code    12  delay.o(.text)
    GetSysMs                                 0x0800b5c7   Thumb Code     6  delay.o(.text)
    delay_us                                 0x0800b5cd   Thumb Code    26  delay.o(.text)
    delay_ms                                 0x0800b5e7   Thumb Code    24  delay.o(.text)
    _sys_exit                                0x0800b611   Thumb Code     4  usart.o(.text)
    fputc                                    0x0800b615   Thumb Code    22  usart.o(.text)
    uart_init                                0x0800b62b   Thumb Code   164  usart.o(.text)
    USART1_IRQHandler                        0x0800b6cf   Thumb Code   122  usart.o(.text)
    __aeabi_memset                           0x0800b759   Thumb Code    14  memseta.o(.text)
    __aeabi_memset4                          0x0800b759   Thumb Code     0  memseta.o(.text)
    __aeabi_memset8                          0x0800b759   Thumb Code     0  memseta.o(.text)
    __aeabi_memclr                           0x0800b767   Thumb Code     4  memseta.o(.text)
    __aeabi_memclr4                          0x0800b767   Thumb Code     0  memseta.o(.text)
    __aeabi_memclr8                          0x0800b767   Thumb Code     0  memseta.o(.text)
    _memset$wrapper                          0x0800b76b   Thumb Code    18  memseta.o(.text)
    strstr                                   0x0800b77d   Thumb Code    36  strstr.o(.text)
    strncpy                                  0x0800b7a1   Thumb Code    24  strncpy.o(.text)
    strlen                                   0x0800b7b9   Thumb Code    14  strlen.o(.text)
    strcmp                                   0x0800b7c7   Thumb Code    28  strcmp.o(.text)
    strcpy                                   0x0800b7e3   Thumb Code    18  strcpy.o(.text)
    __0sscanf                                0x0800b7f5   Thumb Code    48  __0sscanf.o(.text)
    _scanf_int                               0x0800b82d   Thumb Code   332  _scanf_int.o(.text)
    _scanf_real                              0x0800baa1   Thumb Code     0  scanf_fp.o(.text)
    _scanf_really_real                       0x0800baa1   Thumb Code   556  scanf_fp.o(.text)
    __aeabi_dadd                             0x0800bcd9   Thumb Code   322  dadd.o(.text)
    __aeabi_dsub                             0x0800be1b   Thumb Code     6  dadd.o(.text)
    __aeabi_drsub                            0x0800be21   Thumb Code     6  dadd.o(.text)
    __aeabi_dmul                             0x0800be27   Thumb Code   228  dmul.o(.text)
    __aeabi_i2d                              0x0800bf0b   Thumb Code    34  dflti.o(.text)
    __aeabi_ui2d                             0x0800bf2d   Thumb Code    26  dfltui.o(.text)
    __aeabi_d2uiz                            0x0800bf47   Thumb Code    50  dfixui.o(.text)
    __aeabi_f2d                              0x0800bf79   Thumb Code    38  f2d.o(.text)
    __aeabi_cdcmpeq                          0x0800bfa1   Thumb Code     0  cdcmple.o(.text)
    __aeabi_cdcmple                          0x0800bfa1   Thumb Code    48  cdcmple.o(.text)
    __aeabi_cdrcmple                         0x0800bfd1   Thumb Code    48  cdrcmple.o(.text)
    __aeabi_uldivmod                         0x0800c001   Thumb Code    98  uldiv.o(.text)
    __aeabi_llsl                             0x0800c063   Thumb Code    30  llshl.o(.text)
    _ll_shift_l                              0x0800c063   Thumb Code     0  llshl.o(.text)
    __aeabi_llsr                             0x0800c081   Thumb Code    32  llushr.o(.text)
    _ll_ushift_r                             0x0800c081   Thumb Code     0  llushr.o(.text)
    __aeabi_lasr                             0x0800c0a1   Thumb Code    36  llsshr.o(.text)
    _ll_sshift_r                             0x0800c0a1   Thumb Code     0  llsshr.o(.text)
    _chval                                   0x0800c0c5   Thumb Code    28  _chval.o(.text)
    __vfscanf_char                           0x0800c0ed   Thumb Code    20  scanf_char.o(.text)
    _sgetc                                   0x0800c109   Thumb Code    30  _sgetc.o(.text)
    _sbackspace                              0x0800c127   Thumb Code    34  _sgetc.o(.text)
    __I$use$fp                               0x0800c149   Thumb Code     0  iusefp.o(.text)
    _double_round                            0x0800c149   Thumb Code    30  depilogue.o(.text)
    _double_epilogue                         0x0800c167   Thumb Code   156  depilogue.o(.text)
    __aeabi_ddiv                             0x0800c203   Thumb Code   222  ddiv.o(.text)
    _dsqrt                                   0x0800c2e1   Thumb Code   162  dsqrt.o(.text)
    __aeabi_ul2d                             0x0800c383   Thumb Code    24  dfltul.o(.text)
    __aeabi_d2f                              0x0800c39b   Thumb Code    56  d2f.o(.text)
    __scatterload                            0x0800c3d5   Thumb Code    28  init.o(.text)
    __scatterload_rt2                        0x0800c3d5   Thumb Code     0  init.o(.text)
    isspace                                  0x0800c3f9   Thumb Code    10  isspace_c.o(.text)
    __vfscanf                                0x0800c405   Thumb Code   810  _scanf.o(.text)
    _float_round                             0x0800c735   Thumb Code    18  fepilogue.o(.text)
    _float_epilogue                          0x0800c747   Thumb Code    92  fepilogue.o(.text)
    __ctype_lookup                           0x0800c7a5   Thumb Code    34  ctype_c.o(.text)
    __0printf$8                              0x0800c7cd   Thumb Code    22  printf8.o(i.__0printf$8)
    __1printf$8                              0x0800c7cd   Thumb Code     0  printf8.o(i.__0printf$8)
    __2printf                                0x0800c7cd   Thumb Code     0  printf8.o(i.__0printf$8)
    __0sprintf$8                             0x0800c7ed   Thumb Code    34  printf8.o(i.__0sprintf$8)
    __1sprintf$8                             0x0800c7ed   Thumb Code     0  printf8.o(i.__0sprintf$8)
    __2sprintf                               0x0800c7ed   Thumb Code     0  printf8.o(i.__0sprintf$8)
    __hardfp_sqrt                            0x0800c815   Thumb Code   122  sqrt.o(i.__hardfp_sqrt)
    __scatterload_copy                       0x0800c88f   Thumb Code    14  handlers.o(i.__scatterload_copy)
    __scatterload_null                       0x0800c89d   Thumb Code     2  handlers.o(i.__scatterload_null)
    __scatterload_zeroinit                   0x0800c89f   Thumb Code    14  handlers.o(i.__scatterload_zeroinit)
    __set_errno                              0x0800c8ad   Thumb Code     6  errno.o(i.__set_errno)
    _is_digit                                0x0800c8b9   Thumb Code    14  scanf_fp.o(i._is_digit)
    asc2_1206                                0x0800cd28   Data        1140  lcd.o(.constdata)
    asc2_1608                                0x0800d19c   Data        1520  lcd.o(.constdata)
    asc2_2412                                0x0800d78c   Data        3420  lcd.o(.constdata)
    FT5206_TPX_TBL                           0x0800e4e8   Data          10  ft5206.o(.constdata)
    GT911_TPX_TBL                            0x0800e4f2   Data          10  ft5206.o(.constdata)
    GT9147_CFG_TBL                           0x0800e4fc   Data         184  gt9147.o(.constdata)
    GT9147_TPX_TBL                           0x0800e5b4   Data          10  gt9147.o(.constdata)
    OTT_TPX_TBL                              0x0800e5be   Data          10  ott2001a.o(.constdata)
    TP_REMIND_MSG_TBL                        0x0800e5c8   Data           4  touch.o(.constdata)
    FSMC_DefaultTimingStruct                 0x0800e5cc   Data          28  stm32f4xx_fsmc.o(.constdata)
    __ctype_categories                       0x0800e5e8   Data          64  ctype_c.o(.constdata)
    Region$$Table$$Base                      0x0800e6a4   Number         0  anon$$obj.o(Region$$Table)
    Region$$Table$$Limit                     0x0800e6c4   Number         0  anon$$obj.o(Region$$Table)
    SystemCoreClock                          0x20000024   Data           4  system_stm32f4xx.o(.data)
    AHBPrescTable                            0x20000028   Data          16  system_stm32f4xx.o(.data)
    POINT_COLOR                              0x20000038   Data           2  lcd.o(.data)
    BACK_COLOR                               0x2000003a   Data           2  lcd.o(.data)
    FONTINFOADDR                             0x2000003c   Data           4  fontupd.o(.data)
    W25QXX_TYPE                              0x20000040   Data           2  w25qxx.o(.data)
    CIP                                      0x20000042   Data           5  ft5206.o(.data)
    g_gt_tnum                                0x20000047   Data           1  ft5206.o(.data)
    tp_dev                                   0x2000004c   Data          52  touch.o(.data)
    CMD_RDX                                  0x20000080   Data           1  touch.o(.data)
    CMD_RDY                                  0x20000081   Data           1  touch.o(.data)
    esp8266_rx_len                           0x20000084   Data           2  esp8266.o(.data)
    esp8266_remote_reset_flag                0x20000086   Data           1  esp8266.o(.data)
    esp8266_remote_pc_on_flag                0x20000087   Data           1  esp8266.o(.data)
    esp8266_remote_pc_off_flag               0x20000088   Data           1  esp8266.o(.data)
    esp8266_remote_light_on_flag             0x20000089   Data           1  esp8266.o(.data)
    esp8266_remote_light_off_flag            0x2000008a   Data           1  esp8266.o(.data)
    esp8266_remote_checkout_flag             0x2000008b   Data           1  esp8266.o(.data)
    esp8266_remote_maint_on_flag             0x2000008c   Data           1  esp8266.o(.data)
    esp8266_remote_maint_off_flag            0x2000008d   Data           1  esp8266.o(.data)
    esp8266_remote_card_ok_flag              0x2000008e   Data           1  esp8266.o(.data)
    esp8266_remote_card_err_flag             0x2000008f   Data           1  esp8266.o(.data)
    esp8266_remote_msg_flag                  0x20000090   Data           1  esp8266.o(.data)
    esp8266_remote_restore_sec               0x20000094   Data           4  esp8266.o(.data)
    g_net_state                              0x20000098   Data           1  esp8266.o(.data)
    __stdout                                 0x200000c8   Data           4  usart.o(.data)
    USART_RX_STA                             0x200000cc   Data           2  usart.o(.data)
    lcddev                                   0x20000108   Data          14  lcd.o(.bss)
    ftinfo                                   0x20000116   Data          33  fontupd.o(.bss)
    W25QXX_BUFFER                            0x20000137   Data        4096  w25qxx.o(.bss)
    esp8266_rx_buf                           0x20001137   Data         512  esp8266.o(.bss)
    esp8266_remote_msg                       0x20001337   Data          32  esp8266.o(.bss)
    esp8266_card_err_msg                     0x20001357   Data          32  esp8266.o(.bss)
    esp8266_remote_user_name                 0x20001377   Data          32  esp8266.o(.bss)
    esp8266_remote_balance_str               0x20001397   Data          16  esp8266.o(.bss)
    esp8266_remote_uid                       0x200013a7   Data          32  esp8266.o(.bss)
    USART_RX_BUF                             0x200014a7   Data         200  usart.o(.bss)
    __initial_sp                             0x20001970   Data           0  startup_stm32f40_41xxx.o(STACK)



==============================================================================

Memory Map of the image

  Image Entry point : 0x08000189

  Load Region LR_IROM1 (Base: 0x08000000, Size: 0x0000e798, Max: 0x00100000, ABSOLUTE)

    Execution Region ER_IROM1 (Exec base: 0x08000000, Load base: 0x08000000, Size: 0x0000e6c4, Max: 0x00100000, ABSOLUTE)

    Exec Addr    Load Addr    Size         Type   Attr      Idx    E Section Name        Object

    0x08000000   0x08000000   0x00000188   Data   RO          709    RESET               startup_stm32f40_41xxx.o
    0x08000188   0x08000188   0x00000000   Code   RO         1514  * .ARM.Collect$$$$00000000  mc_w.l(entry.o)
    0x08000188   0x08000188   0x00000004   Code   RO         1814    .ARM.Collect$$$$00000001  mc_w.l(entry2.o)
    0x0800018c   0x0800018c   0x00000004   Code   RO         1817    .ARM.Collect$$$$00000004  mc_w.l(entry5.o)
    0x08000190   0x08000190   0x00000000   Code   RO         1819    .ARM.Collect$$$$00000008  mc_w.l(entry7b.o)
    0x08000190   0x08000190   0x00000000   Code   RO         1821    .ARM.Collect$$$$0000000A  mc_w.l(entry8b.o)
    0x08000190   0x08000190   0x00000008   Code   RO         1822    .ARM.Collect$$$$0000000B  mc_w.l(entry9a.o)
    0x08000198   0x08000198   0x00000004   Code   RO         1829    .ARM.Collect$$$$0000000E  mc_w.l(entry12b.o)
    0x0800019c   0x0800019c   0x00000000   Code   RO         1824    .ARM.Collect$$$$0000000F  mc_w.l(entry10a.o)
    0x0800019c   0x0800019c   0x00000000   Code   RO         1826    .ARM.Collect$$$$00000011  mc_w.l(entry11a.o)
    0x0800019c   0x0800019c   0x00000004   Code   RO         1815    .ARM.Collect$$$$00002712  mc_w.l(entry2.o)
    0x080001a0   0x080001a0   0x00001c0c   Code   RO            3    .text               main.o
    0x08001dac   0x08001dac   0x00000020   Code   RO          194    .text               stm32f4xx_it.o
    0x08001dcc   0x08001dcc   0x00000210   Code   RO          243    .text               system_stm32f4xx.o
    0x08001fdc   0x08001fdc   0x00003c90   Code   RO          269    .text               lcd.o
    0x08005c6c   0x08005c6c   0x00000118   Code   RO          307    .text               spi.o
    0x08005d84   0x08005d84   0x00000048   Code   RO          330    .text               fontupd.o
    0x08005dcc   0x08005dcc   0x000002d4   Code   RO          357    .text               text.o
    0x080060a0   0x080060a0   0x00000388   Code   RO          387    .text               w25qxx.o
    0x08006428   0x08006428   0x0000017a   Code   RO          421    .text               24cxx.o
    0x080065a2   0x080065a2   0x00000002   PAD
    0x080065a4   0x080065a4   0x0000025c   Code   RO          447    .text               myiic.o
    0x08006800   0x08006800   0x00000258   Code   RO          470    .text               ctiic.o
    0x08006a58   0x08006a58   0x00000594   Code   RO          493    .text               ft5206.o
    0x08006fec   0x08006fec   0x00000528   Code   RO          530    .text               gt9147.o
    0x08007514   0x08007514   0x00000388   Code   RO          554    .text               ott2001a.o
    0x0800789c   0x0800789c   0x0000116c   Code   RO          578    .text               touch.o
    0x08008a08   0x08008a08   0x00000438   Code   RO          613    .text               rc522.o
    0x08008e40   0x08008e40   0x00000064   Code   RO          636    .text               rfid_app.o
    0x08008ea4   0x08008ea4   0x0000014c   Code   RO          659    .text               seat_bsp.o
    0x08008ff0   0x08008ff0   0x00000880   Code   RO          682    .text               esp8266.o
    0x08009870   0x08009870   0x00000024   Code   RO          710    .text               startup_stm32f40_41xxx.o
    0x08009894   0x08009894   0x000000e0   Code   RO          716    .text               misc.o
    0x08009974   0x08009974   0x00000464   Code   RO          736    .text               stm32f4xx_adc.o
    0x08009dd8   0x08009dd8   0x000005c8   Code   RO         1042    .text               stm32f4xx_fsmc.o
    0x0800a3a0   0x0800a3a0   0x00000294   Code   RO         1065    .text               stm32f4xx_gpio.o
    0x0800a634   0x0800a634   0x0000065c   Code   RO         1228    .text               stm32f4xx_rcc.o
    0x0800ac90   0x0800ac90   0x00000480   Code   RO         1333    .text               stm32f4xx_spi.o
    0x0800b110   0x0800b110   0x00000454   Code   RO         1393    .text               stm32f4xx_usart.o
    0x0800b564   0x0800b564   0x000000ac   Code   RO         1433    .text               delay.o
    0x0800b610   0x0800b610   0x00000148   Code   RO         1473    .text               usart.o
    0x0800b758   0x0800b758   0x00000024   Code   RO         1517    .text               mc_w.l(memseta.o)
    0x0800b77c   0x0800b77c   0x00000024   Code   RO         1519    .text               mc_w.l(strstr.o)
    0x0800b7a0   0x0800b7a0   0x00000018   Code   RO         1521    .text               mc_w.l(strncpy.o)
    0x0800b7b8   0x0800b7b8   0x0000000e   Code   RO         1523    .text               mc_w.l(strlen.o)
    0x0800b7c6   0x0800b7c6   0x0000001c   Code   RO         1525    .text               mc_w.l(strcmp.o)
    0x0800b7e2   0x0800b7e2   0x00000012   Code   RO         1527    .text               mc_w.l(strcpy.o)
    0x0800b7f4   0x0800b7f4   0x00000038   Code   RO         1790    .text               mc_w.l(__0sscanf.o)
    0x0800b82c   0x0800b82c   0x0000014c   Code   RO         1792    .text               mc_w.l(_scanf_int.o)
    0x0800b978   0x0800b978   0x00000360   Code   RO         1794    .text               mc_w.l(scanf_fp.o)
    0x0800bcd8   0x0800bcd8   0x0000014e   Code   RO         1798    .text               mf_w.l(dadd.o)
    0x0800be26   0x0800be26   0x000000e4   Code   RO         1800    .text               mf_w.l(dmul.o)
    0x0800bf0a   0x0800bf0a   0x00000022   Code   RO         1802    .text               mf_w.l(dflti.o)
    0x0800bf2c   0x0800bf2c   0x0000001a   Code   RO         1804    .text               mf_w.l(dfltui.o)
    0x0800bf46   0x0800bf46   0x00000032   Code   RO         1806    .text               mf_w.l(dfixui.o)
    0x0800bf78   0x0800bf78   0x00000026   Code   RO         1808    .text               mf_w.l(f2d.o)
    0x0800bf9e   0x0800bf9e   0x00000002   PAD
    0x0800bfa0   0x0800bfa0   0x00000030   Code   RO         1810    .text               mf_w.l(cdcmple.o)
    0x0800bfd0   0x0800bfd0   0x00000030   Code   RO         1812    .text               mf_w.l(cdrcmple.o)
    0x0800c000   0x0800c000   0x00000062   Code   RO         1832    .text               mc_w.l(uldiv.o)
    0x0800c062   0x0800c062   0x0000001e   Code   RO         1834    .text               mc_w.l(llshl.o)
    0x0800c080   0x0800c080   0x00000020   Code   RO         1836    .text               mc_w.l(llushr.o)
    0x0800c0a0   0x0800c0a0   0x00000024   Code   RO         1838    .text               mc_w.l(llsshr.o)
    0x0800c0c4   0x0800c0c4   0x0000001c   Code   RO         1847    .text               mc_w.l(_chval.o)
    0x0800c0e0   0x0800c0e0   0x00000028   Code   RO         1849    .text               mc_w.l(scanf_char.o)
    0x0800c108   0x0800c108   0x00000040   Code   RO         1851    .text               mc_w.l(_sgetc.o)
    0x0800c148   0x0800c148   0x00000000   Code   RO         1853    .text               mc_w.l(iusefp.o)
    0x0800c148   0x0800c148   0x000000ba   Code   RO         1854    .text               mf_w.l(depilogue.o)
    0x0800c202   0x0800c202   0x000000de   Code   RO         1856    .text               mf_w.l(ddiv.o)
    0x0800c2e0   0x0800c2e0   0x000000a2   Code   RO         1858    .text               mf_w.l(dsqrt.o)
    0x0800c382   0x0800c382   0x00000018   Code   RO         1860    .text               mf_w.l(dfltul.o)
    0x0800c39a   0x0800c39a   0x00000038   Code   RO         1864    .text               mf_w.l(d2f.o)
    0x0800c3d2   0x0800c3d2   0x00000002   PAD
    0x0800c3d4   0x0800c3d4   0x00000024   Code   RO         1866    .text               mc_w.l(init.o)
    0x0800c3f8   0x0800c3f8   0x0000000a   Code   RO         1868    .text               mc_w.l(isspace_c.o)
    0x0800c402   0x0800c402   0x00000002   PAD
    0x0800c404   0x0800c404   0x00000330   Code   RO         1870    .text               mc_w.l(_scanf.o)
    0x0800c734   0x0800c734   0x0000006e   Code   RO         1872    .text               mf_w.l(fepilogue.o)
    0x0800c7a2   0x0800c7a2   0x00000002   PAD
    0x0800c7a4   0x0800c7a4   0x00000028   Code   RO         1874    .text               mc_w.l(ctype_c.o)
    0x0800c7cc   0x0800c7cc   0x00000020   Code   RO         1736    i.__0printf$8       mc_w.l(printf8.o)
    0x0800c7ec   0x0800c7ec   0x00000028   Code   RO         1738    i.__0sprintf$8      mc_w.l(printf8.o)
    0x0800c814   0x0800c814   0x0000007a   Code   RO         1502    i.__hardfp_sqrt     m_wm.l(sqrt.o)
    0x0800c88e   0x0800c88e   0x0000000e   Code   RO         1879    i.__scatterload_copy  mc_w.l(handlers.o)
    0x0800c89c   0x0800c89c   0x00000002   Code   RO         1880    i.__scatterload_null  mc_w.l(handlers.o)
    0x0800c89e   0x0800c89e   0x0000000e   Code   RO         1881    i.__scatterload_zeroinit  mc_w.l(handlers.o)
    0x0800c8ac   0x0800c8ac   0x0000000c   Code   RO         1842    i.__set_errno       mc_w.l(errno.o)
    0x0800c8b8   0x0800c8b8   0x0000000e   Code   RO         1796    i._is_digit         mc_w.l(scanf_fp.o)
    0x0800c8c6   0x0800c8c6   0x00000002   PAD
    0x0800c8c8   0x0800c8c8   0x00000404   Code   RO         1743    i._printf_core      mc_w.l(printf8.o)
    0x0800cccc   0x0800cccc   0x00000024   Code   RO         1744    i._printf_post_padding  mc_w.l(printf8.o)
    0x0800ccf0   0x0800ccf0   0x0000002e   Code   RO         1745    i._printf_pre_padding  mc_w.l(printf8.o)
    0x0800cd1e   0x0800cd1e   0x0000000a   Code   RO         1747    i._sputc            mc_w.l(printf8.o)
    0x0800cd28   0x0800cd28   0x000017c0   Data   RO          271    .constdata          lcd.o
    0x0800e4e8   0x0800e4e8   0x00000014   Data   RO          494    .constdata          ft5206.o
    0x0800e4fc   0x0800e4fc   0x000000c2   Data   RO          531    .constdata          gt9147.o
    0x0800e5be   0x0800e5be   0x0000000a   Data   RO          555    .constdata          ott2001a.o
    0x0800e5c8   0x0800e5c8   0x00000004   Data   RO          579    .constdata          touch.o
    0x0800e5cc   0x0800e5cc   0x0000001c   Data   RO         1043    .constdata          stm32f4xx_fsmc.o
    0x0800e5e8   0x0800e5e8   0x00000040   Data   RO         1875    .constdata          mc_w.l(ctype_c.o)
    0x0800e628   0x0800e628   0x00000079   Data   RO          580    .conststring        touch.o
    0x0800e6a1   0x0800e6a1   0x00000003   PAD
    0x0800e6a4   0x0800e6a4   0x00000020   Data   RO         1877    Region$$Table       anon$$obj.o


    Execution Region RW_IRAM1 (Exec base: 0x20000000, Load base: 0x0800e6c4, Size: 0x00001970, Max: 0x00020000, ABSOLUTE)

    Exec Addr    Load Addr    Size         Type   Attr      Idx    E Section Name        Object

    0x20000000   0x0800e6c4   0x00000024   Data   RW            5    .data               main.o
    0x20000024   0x0800e6e8   0x00000014   Data   RW          244    .data               system_stm32f4xx.o
    0x20000038   0x0800e6fc   0x00000004   Data   RW          272    .data               lcd.o
    0x2000003c   0x0800e700   0x00000004   Data   RW          332    .data               fontupd.o
    0x20000040   0x0800e704   0x00000002   Data   RW          389    .data               w25qxx.o
    0x20000042   0x0800e706   0x00000007   Data   RW          495    .data               ft5206.o
    0x20000049   0x0800e70d   0x00000001   Data   RW          532    .data               gt9147.o
    0x2000004a   0x0800e70e   0x00000001   Data   RW          556    .data               ott2001a.o
    0x2000004b   0x0800e70f   0x00000001   PAD
    0x2000004c   0x0800e710   0x00000036   Data   RW          581    .data               touch.o
    0x20000082   0x0800e746   0x00000002   PAD
    0x20000084   0x0800e748   0x00000029   Data   RW          684    .data               esp8266.o
    0x200000ad   0x0800e771   0x00000010   Data   RW         1229    .data               stm32f4xx_rcc.o
    0x200000bd   0x0800e781   0x00000003   PAD
    0x200000c0   0x0800e784   0x00000008   Data   RW         1434    .data               delay.o
    0x200000c8   0x0800e78c   0x00000006   Data   RW         1475    .data               usart.o
    0x200000ce   0x0800e792   0x00000002   PAD
    0x200000d0   0x0800e794   0x00000004   Data   RW         1843    .data               mc_w.l(errno.o)
    0x200000d4        -       0x00000034   Zero   RW            4    .bss                main.o
    0x20000108        -       0x0000000e   Zero   RW          270    .bss                lcd.o
    0x20000116        -       0x00000021   Zero   RW          331    .bss                fontupd.o
    0x20000137        -       0x00001000   Zero   RW          388    .bss                w25qxx.o
    0x20001137        -       0x00000370   Zero   RW          683    .bss                esp8266.o
    0x200014a7        -       0x000000c8   Zero   RW         1474    .bss                usart.o
    0x2000156f   0x0800e798   0x00000001   PAD
    0x20001570        -       0x00000400   Zero   RW          707    STACK               startup_stm32f40_41xxx.o


==============================================================================

Image component sizes


      Code (inc. data)   RO Data    RW Data    ZI Data      Debug   Object Name

       378          0          0          0          0       2794   24cxx.o
       600         24          0          0          0       2085   ctiic.o
       172         18          0          8          0       1922   delay.o
      2176        720          0         41        880       7010   esp8266.o
        72          8          0          4         33       1322   fontupd.o
      1428         80         20          7          0       2935   ft5206.o
      1320        106        194          1          0       3158   gt9147.o
     15504        144       6080          4         14      20098   lcd.o
      7180       1308          0         36         52     305366   main.o
       224         20          0          0          0       1849   misc.o
       604         14          0          0          0       1912   myiic.o
       904         66         10          1          0       2723   ott2001a.o
      1080          8          0          0          0       3872   rc522.o
       100         34          0          0          0       1142   rfid_app.o
       332         14          0          0          0       1544   seat_bsp.o
       280          8          0          0          0       1069   spi.o
        36          8        392          0       1024        836   startup_stm32f40_41xxx.o
      1124         24          0          0          0      10718   stm32f4xx_adc.o
      1480         18         28          0          0       5694   stm32f4xx_fsmc.o
       660         44          0          0          0       4193   stm32f4xx_gpio.o
        32          0          0          0          0       1366   stm32f4xx_it.o
      1628         52          0         16          0      13080   stm32f4xx_rcc.o
      1152         36          0          0          0       6941   stm32f4xx_spi.o
      1108         34          0          0          0       7916   stm32f4xx_usart.o
       528         46          0         20          0       1827   system_stm32f4xx.o
       724         16          0          0          0       3136   text.o
      4460        230        125         54          0       6901   touch.o
       328         16          0          6        200       3358   usart.o
       904         34          0          2       4096       4457   w25qxx.o

    ----------------------------------------------------------------------
     46520       3130       6884        208       6300     431224   Object Totals
         0          0         32          0          0          0   (incl. Generated)
         2          0          3          8          1          0   (incl. Padding)

    ----------------------------------------------------------------------

      Code (inc. data)   RO Data    RW Data    ZI Data      Debug   Library Member Name

       122          0          0          0          0        148   sqrt.o
        56          8          0          0          0         84   __0sscanf.o
        28          0          0          0          0         68   _chval.o
       816          6          0          0          0        112   _scanf.o
       332          0          0          0          0         96   _scanf_int.o
        64          0          0          0          0         84   _sgetc.o
        40          6         64          0          0         68   ctype_c.o
         0          0          0          0          0          0   entry.o
         0          0          0          0          0          0   entry10a.o
         0          0          0          0          0          0   entry11a.o
         4          0          0          0          0          0   entry12b.o
         8          4          0          0          0          0   entry2.o
         4          0          0          0          0          0   entry5.o
         0          0          0          0          0          0   entry7b.o
         0          0          0          0          0          0   entry8b.o
         8          4          0          0          0          0   entry9a.o
        12          6          0          4          0         68   errno.o
        30          0          0          0          0          0   handlers.o
        36          8          0          0          0         68   init.o
        10          0          0          0          0         68   isspace_c.o
         0          0          0          0          0          0   iusefp.o
        30          0          0          0          0         68   llshl.o
        36          0          0          0          0         68   llsshr.o
        32          0          0          0          0         68   llushr.o
        36          0          0          0          0        108   memseta.o
      1192         60          0          0          0        504   printf8.o
        40          8          0          0          0         84   scanf_char.o
       878         12          0          0          0        216   scanf_fp.o
        28          0          0          0          0         76   strcmp.o
        18          0          0          0          0         68   strcpy.o
        14          0          0          0          0         68   strlen.o
        24          0          0          0          0         76   strncpy.o
        36          0          0          0          0         80   strstr.o
        98          0          0          0          0         92   uldiv.o
        48          0          0          0          0         68   cdcmple.o
        48          0          0          0          0         68   cdrcmple.o
        56          0          0          0          0         88   d2f.o
       334          0          0          0          0        148   dadd.o
       222          0          0          0          0        100   ddiv.o
       186          0          0          0          0        176   depilogue.o
        50          0          0          0          0         76   dfixui.o
        34          0          0          0          0         76   dflti.o
        26          0          0          0          0         76   dfltui.o
        24          0          0          0          0         76   dfltul.o
       228          0          0          0          0         96   dmul.o
       162          0          0          0          0        100   dsqrt.o
        38          0          0          0          0         68   f2d.o
       110          0          0          0          0        168   fepilogue.o

    ----------------------------------------------------------------------
      5608        122         64          4          0       3824   Library Totals
        10          0          0          0          0          0   (incl. Padding)

    ----------------------------------------------------------------------

      Code (inc. data)   RO Data    RW Data    ZI Data      Debug   Library Name

       122          0          0          0          0        148   m_wm.l
      3910        122         64          4          0       2292   mc_w.l
      1566          0          0          0          0       1384   mf_w.l

    ----------------------------------------------------------------------
      5608        122         64          4          0       3824   Library Totals

    ----------------------------------------------------------------------

==============================================================================


      Code (inc. data)   RO Data    RW Data    ZI Data      Debug   

     52128       3252       6948        212       6300     427824   Grand Totals
     52128       3252       6948        212       6300     427824   ELF Image Totals
     52128       3252       6948        212          0          0   ROM Totals

==============================================================================

    Total RO  Size (Code + RO Data)                59076 (  57.69kB)
    Total RW  Size (RW Data + ZI Data)              6512 (   6.36kB)
    Total ROM Size (Code + RO Data + RW Data)      59288 (  57.90kB)

==============================================================================

